W/AudioService( 1588): Soundpool could not load file: /system/media/audio/ui/Effect_Tick.ogg
E/SoundPool( 1588): error loading /system/media/audio/ui/Effect_Tick.ogg
W/AudioService( 1588): Soundpool could not load file: /system/media/audio/ui/Effect_Tick.ogg
E/SoundPool( 1588): error loading /system/media/audio/ui/Effect_Tick.ogg
W/AudioService( 1588): Soundpool could not load file: /system/media/audio/ui/Effect_Tick.ogg
E/SoundPool( 1588): error loading /system/media/audio/ui/Effect_Tick.ogg
W/AudioService( 1588): Soundpool could not load file: /system/media/audio/ui/Effect_Tick.ogg
E/SoundPool( 1588): error loading /system/media/audio/ui/Effect_Tick.ogg
W/AudioService( 1588): Soundpool could not load file: /system/media/audio/ui/Effect_Tick.ogg
E/SoundPool( 1588): error loading /system/media/audio/ui/KeypressStandard.ogg
W/AudioService( 1588): Soundpool could not load file: /system/media/audio/ui/KeypressStandard.ogg
E/SoundPool( 1588): error loading /system/media/audio/ui/KeypressSpacebar.ogg
W/AudioService( 1588): Soundpool could not load file: /system/media/audio/ui/KeypressSpacebar.ogg
E/SoundPool( 1588): error loading /system/media/audio/ui/KeypressDelete.ogg
W/AudioService( 1588): Soundpool could not load file: /system/media/audio/ui/KeypressDelete.ogg
E/SoundPool( 1588): error loading /system/media/audio/ui/KeypressReturn.ogg
W/AudioService( 1588): Soundpool could not load file: /system/media/audio/ui/KeypressReturn.ogg
E/SoundPool( 1588): error loading /system/media/audio/ui/KeypressInvalid.ogg
W/AudioService( 1588): Soundpool could not load file: /system/media/audio/ui/KeypressInvalid.ogg
W/AudioService( 1588): onLoadSoundEffects(), Error -1 while loading samples
E/SoundPool( 1588): error loading /system/media/audio/ui/Effect_Tick.ogg
W/AudioService( 1588): Soundpool could not load file: /system/media/audio/ui/Effect_Tick.ogg
E/SoundPool( 1588): error loading /system/media/audio/ui/Effect_Tick.ogg
W/AudioService( 1588): Soundpool could not load file: /system/media/audio/ui/Effect_Tick.ogg
E/SoundPool( 1588): error loading /system/media/audio/ui/Effect_Tick.ogg
W/AudioService( 1588): Soundpool could not load file: /system/media/audio/ui/Effect_Tick.ogg
E/SoundPool( 1588): error loading /system/media/audio/ui/Effect_Tick.ogg
W/AudioService( 1588): Soundpool could not load file: /system/media/audio/ui/Effect_Tick.ogg
E/SoundPool( 1588): error loading /system/media/audio/ui/Effect_Tick.ogg
W/AudioService( 1588): Soundpool could not load file: /system/media/audio/ui/Effect_Tick.ogg
E/SoundPool( 1588): error loading /system/media/audio/ui/KeypressStandard.ogg
W/AudioService( 1588): Soundpool could not load file: /system/media/audio/ui/KeypressStandard.ogg
E/SoundPool( 1588): error loading /system/media/audio/ui/KeypressSpacebar.ogg
W/AudioService( 1588): Soundpool could not load file: /system/media/audio/ui/KeypressSpacebar.ogg
E/SoundPool( 1588): error loading /system/media/audio/ui/KeypressDelete.ogg
W/AudioService( 1588): Soundpool could not load file: /system/media/audio/ui/KeypressDelete.ogg
E/SoundPool( 1588): error loading /system/media/audio/ui/KeypressReturn.ogg
W/AudioService( 1588): Soundpool could not load file: /system/media/audio/ui/KeypressReturn.ogg
E/SoundPool( 1588): error loading /system/media/audio/ui/KeypressInvalid.ogg
W/AudioService( 1588): Soundpool could not load file: /system/media/audio/ui/KeypressInvalid.ogg
W/AudioService( 1588): onLoadSoundEffects(), Error -1 while loading samples
E/BluetoothAdapter( 1781): Bluetooth binder is null
W/InputMethodManagerService( 1588): Starting input on non-focused client com.android.internal.view.IInputMethodClient$Stub$Proxy@afcb2018 (uid=10052 pid=2240)
D/gralloc_ranchu( 1173): gralloc_alloc: Creating ashmem region of size 114688
W/BackupManagerService( 1588): dataChanged but no participant pkg='com.android.providers.settings' uid=10007
E/BluetoothAdapter( 1781): Bluetooth binder is null
D/gralloc_ranchu( 1173): gralloc_alloc: Creating ashmem region of size 114688
E/BluetoothAdapter( 1781): Bluetooth binder is null
W/BackupManagerService( 1588): dataChanged but no participant pkg='com.android.providers.settings' uid=10007
D/gralloc_ranchu( 1173): gralloc_alloc: Creating ashmem region of size 114688
W/InputEventReceiver( 1665): Attempted to finish an input event but the input event receiver has already been disposed.
W/InputEventReceiver( 1665): Attempted to finish an input event but the input event receiver has already been disposed.
W/ViewRootImpl( 1665): Dropping event due to root view being removed: MotionEvent { action=ACTION_UP, id[0]=0, x[0]=152.28236, y[0]=-92.60373, toolType[0]=TOOL_TYPE_UNKNOWN, buttonState=0, metaState=0, flags=0x0, edgeFlags=0x0, pointerCount=1, historySize=0, eventTime=207107, downTime=207107, deviceId=0, source=0x1002 }
D/dalvikvm( 2240): JIT code cache reset in 0 ms (523228 bytes 2/0)
D/dalvikvm( 2240): GC_CONCURRENT freed 6868K, 32% free 15296K/22356K, paused 0ms+1ms, total 10ms
D/InputEventConsistencyVerifier( 2240): KeyEvent: ACTION_UP but key was not down.
D/InputEventConsistencyVerifier( 2240):   in android.widget.LinearLayout{afc625a0 V.E..... .......D 0,0-320,640}
D/InputEventConsistencyVerifier( 2240):   0: sent at 207208000000, KeyEvent { action=ACTION_UP, keyCode=KEYCODE_BUTTON_4, scanCode=0, metaState=0, flags=0x8, repeatCount=0, eventTime=207208, downTime=207208, deviceId=-1, source=0x101 }
D/InputEventConsistencyVerifier( 2240):   -- recent events --
D/InputEventConsistencyVerifier( 2240):   1: sent at 206800000000, (unhandled) KeyEvent { action=ACTION_UP, keyCode=KEYCODE_DPAD_LEFT, scanCode=0, metaState=0, flags=0x400, repeatCount=0, eventTime=206800, downTime=206800, deviceId=-1, source=0x101 }
D/InputEventConsistencyVerifier( 2240):   2: sent at 206800000000, (unhandled) KeyEvent { action=ACTION_DOWN, keyCode=KEYCODE_DPAD_LEFT, scanCode=0, metaState=0, flags=0x400, repeatCount=0, eventTime=206800, downTime=206800, deviceId=-1, source=0x101 }
D/InputEventConsistencyVerifier( 2240):   3: sent at 206800000000, (unhandled) KeyEvent { action=ACTION_UP, keyCode=KEYCODE_DPAD_LEFT, scanCode=0, metaState=0, flags=0x400, repeatCount=0, eventTime=206800, downTime=206800, deviceId=-1, source=0x101 }
D/InputEventConsistencyVerifier( 2240):   4: sent at 206800000000, (unhandled) KeyEvent { action=ACTION_DOWN, keyCode=KEYCODE_DPAD_LEFT, scanCode=0, metaState=0, flags=0x400, repeatCount=0, eventTime=206800, downTime=206800, deviceId=-1, source=0x101 }
D/InputEventConsistencyVerifier( 2240):   5: sent at 206800000000, (unhandled) KeyEvent { action=ACTION_UP, keyCode=KEYCODE_DPAD_LEFT, scanCode=0, metaState=0, flags=0x400, repeatCount=0, eventTime=206800, downTime=206800, deviceId=-1, source=0x101 }
D/InputEventConsistencyVerifier( 2240): KeyEvent: ACTION_UP but key was not down.
D/InputEventConsistencyVerifier( 2240):   in com.android.internal.policy.impl.PhoneWindow$DecorView{afbbbf78 V.E..... R......D 0,0-320,640}
D/InputEventConsistencyVerifier( 2240):   0: sent at 207833000000, KeyEvent { action=ACTION_UP, keyCode=KEYCODE_DPAD_LEFT, scanCode=0, metaState=0, flags=0x400, repeatCount=0, eventTime=207833, downTime=207833, deviceId=-1, source=0x101 }
D/InputEventConsistencyVerifier( 2240):   -- recent events --
D/InputEventConsistencyVerifier( 2240):   1: sent at 207827000000, (unhandled) MotionEvent { action=ACTION_MOVE, id[0]=0, x[0]=-2.0, y[0]=0.0, toolType[0]=TOOL_TYPE_UNKNOWN, buttonState=0, metaState=0, flags=0x0, edgeFlags=0x0, pointerCount=1, historySize=9, eventTime=207827, downTime=-1, deviceId=0, source=0x10004 }
D/InputEventConsistencyVerifier( 2240):   2: sent at 207724000000, MotionEvent { action=ACTION_UP, id[0]=0, x[0]=250.81508, y[0]=577.72766, toolType[0]=TOOL_TYPE_UNKNOWN, buttonState=0, metaState=0, flags=0x0, edgeFlags=0x0, pointerCount=1, historySize=0, eventTime=207724, downTime=207722, deviceId=0, source=0x1002 }
D/InputEventConsistencyVerifier( 2240):   3: sent at 207724000000, MotionEvent { action=ACTION_MOVE, id[0]=0, x[0]=246.42932, y[0]=564.73566, toolType[0]=TOOL_TYPE_UNKNOWN, buttonState=0, metaState=0, flags=0x0, edgeFlags=0x0, pointerCount=1, historySize=4, eventTime=207724, downTime=207722, deviceId=0, source=0x1002 }
D/InputEventConsistencyVerifier( 2240):   4: sent at 207723000000, MotionEvent { action=ACTION_DOWN, id[0]=0, x[0]=232.0, y[0]=540.0, toolType[0]=TOOL_TYPE_UNKNOWN, buttonState=0, metaState=0, flags=0x0, edgeFlags=0x0, pointerCount=1, historySize=0, eventTime=207723, downTime=207722, deviceId=0, source=0x1002 }
D/InputEventConsistencyVerifier( 2240):   5: sent at 207621000000, (unhandled) KeyEvent { action=ACTION_UP, keyCode=KEYCODE_DPAD_UP, scanCode=0, metaState=0, flags=0x8, repeatCount=0, eventTime=207621, downTime=207621, deviceId=-1, source=0x101 }
D/InputEventConsistencyVerifier( 2240): TrackballEvent: Trackball is down but pressure is not greater than 0.
D/InputEventConsistencyVerifier( 2240):   in android.view.ViewRootImpl@b017cb98
D/InputEventConsistencyVerifier( 2240):   0: sent at 208039000000, MotionEvent { action=ACTION_DOWN, id[0]=0, x[0]=0.0, y[0]=0.0, toolType[0]=TOOL_TYPE_UNKNOWN, buttonState=0, metaState=0, flags=0x0, edgeFlags=0x0, pointerCount=1, historySize=0, eventTime=208039, downTime=208037, deviceId=0, source=0x10004 }
D/InputEventConsistencyVerifier( 2240):   -- recent events --
D/InputEventConsistencyVerifier( 2240):   1: sent at 208039000000, MotionEvent { action=ACTION_MOVE, id[0]=0, x[0]=0.0, y[0]=4.0, toolType[0]=TOOL_TYPE_UNKNOWN, buttonState=0, metaState=0, flags=0x0, edgeFlags=0x0, pointerCount=1, historySize=9, eventTime=208039, downTime=-1, deviceId=0, source=0x10004 }
D/InputEventConsistencyVerifier( 2240):   2: sent at 207936000000, MotionEvent { action=ACTION_UP, id[0]=0, x[0]=234.78072, y[0]=427.5761, toolType[0]=TOOL_TYPE_UNKNOWN, buttonState=0, metaState=0, flags=0x0, edgeFlags=0x0, pointerCount=1, historySize=0, eventTime=207936, downTime=207935, deviceId=0, source=0x1002 }
D/InputEventConsistencyVerifier( 2240):   3: sent at 207935000000, MotionEvent { action=ACTION_DOWN, id[0]=0, x[0]=227.0, y[0]=429.0, toolType[0]=TOOL_TYPE_UNKNOWN, buttonState=0, metaState=0, flags=0x0, edgeFlags=0x0, pointerCount=1, historySize=0, eventTime=207935, downTime=207935, deviceId=0, source=0x1002 }
D/InputEventConsistencyVerifier( 2240):   4: sent at 207834000000, KeyEvent { action=ACTION_UP, keyCode=KEYCODE_P, scanCode=0, metaState=0, flags=0x8, repeatCount=0, eventTime=207834, downTime=207834, deviceId=-1, source=0x101 }
D/InputEventConsistencyVerifier( 2240):   5: sent at 207828000000, KeyEvent { action=ACTION_DOWN, keyCode=KEYCODE_P, scanCode=0, metaState=0, flags=0x8, repeatCount=0, eventTime=207828, downTime=207828, deviceId=-1, source=0x101 }
E/SoundPool( 1588): error loading /system/media/audio/ui/Effect_Tick.ogg
W/AudioService( 1588): Soundpool could not load file: /system/media/audio/ui/Effect_Tick.ogg
E/SoundPool( 1588): error loading /system/media/audio/ui/Effect_Tick.ogg
W/AudioService( 1588): Soundpool could not load file: /system/media/audio/ui/Effect_Tick.ogg
E/SoundPool( 1588): error loading /system/media/audio/ui/Effect_Tick.ogg
W/AudioService( 1588): Soundpool could not load file: /system/media/audio/ui/Effect_Tick.ogg
E/SoundPool( 1588): error loading /system/media/audio/ui/Effect_Tick.ogg
W/AudioService( 1588): Soundpool could not load file: /system/media/audio/ui/Effect_Tick.ogg
E/SoundPool( 1588): error loading /system/media/audio/ui/Effect_Tick.ogg
W/AudioService( 1588): Soundpool could not load file: /system/media/audio/ui/Effect_Tick.ogg
E/SoundPool( 1588): error loading /system/media/audio/ui/KeypressStandard.ogg
W/AudioService( 1588): Soundpool could not load file: /system/media/audio/ui/KeypressStandard.ogg
E/SoundPool( 1588): error loading /system/media/audio/ui/KeypressSpacebar.ogg
W/AudioService( 1588): Soundpool could not load file: /system/media/audio/ui/KeypressSpacebar.ogg
E/SoundPool( 1588): error loading /system/media/audio/ui/KeypressDelete.ogg
W/AudioService( 1588): Soundpool could not load file: /system/media/audio/ui/KeypressDelete.ogg
E/SoundPool( 1588): error loading /system/media/audio/ui/KeypressReturn.ogg
W/AudioService( 1588): Soundpool could not load file: /system/media/audio/ui/KeypressReturn.ogg
E/SoundPool( 1588): error loading /system/media/audio/ui/KeypressInvalid.ogg
W/AudioService( 1588): Soundpool could not load file: /system/media/audio/ui/KeypressInvalid.ogg
W/AudioService( 1588): onLoadSoundEffects(), Error -1 while loading samples
E/SoundPool( 1588): error loading /system/media/audio/ui/Effect_Tick.ogg
W/AudioService( 1588): Soundpool could not load file: /system/media/audio/ui/Effect_Tick.ogg
E/SoundPool( 1588): error loading /system/media/audio/ui/Effect_Tick.ogg
W/AudioService( 1588): Soundpool could not load file: /system/media/audio/ui/Effect_Tick.ogg
E/SoundPool( 1588): error loading /system/media/audio/ui/Effect_Tick.ogg
W/AudioService( 1588): Soundpool could not load file: /system/media/audio/ui/Effect_Tick.ogg
E/SoundPool( 1588): error loading /system/media/audio/ui/Effect_Tick.ogg
W/AudioService( 1588): Soundpool could not load file: /system/media/audio/ui/Effect_Tick.ogg
E/SoundPool( 1588): error loading /system/media/audio/ui/Effect_Tick.ogg
W/AudioService( 1588): Soundpool could not load file: /system/media/audio/ui/Effect_Tick.ogg
E/SoundPool( 1588): error loading /system/media/audio/ui/KeypressStandard.ogg
W/AudioService( 1588): Soundpool could not load file: /system/media/audio/ui/KeypressStandard.ogg
E/SoundPool( 1588): error loading /system/media/audio/ui/KeypressSpacebar.ogg
W/AudioService( 1588): Soundpool could not load file: /system/media/audio/ui/KeypressSpacebar.ogg
E/SoundPool( 1588): error loading /system/media/audio/ui/KeypressDelete.ogg
W/AudioService( 1588): Soundpool could not load file: /system/media/audio/ui/KeypressDelete.ogg
E/SoundPool( 1588): error loading /system/media/audio/ui/KeypressReturn.ogg
W/AudioService( 1588): Soundpool could not load file: /system/media/audio/ui/KeypressReturn.ogg
E/SoundPool( 1588): error loading /system/media/audio/ui/KeypressInvalid.ogg
W/AudioService( 1588): Soundpool could not load file: /system/media/audio/ui/KeypressInvalid.ogg
W/AudioService( 1588): onLoadSoundEffects(), Error -1 while loading samples
I/MediaFocusControl( 1588):   Remote Control   registerMediaButtonIntent() for PendingIntent{aff2cdb8: PendingIntentRecord{b033f070 com.android.music broadcastIntent}}
I/ActivityManager( 1588): Delay finish: com.android.music/.MediaButtonIntentReceiver
I/ActivityManager( 1588): Start proc android.process.media for content provider com.android.providers.media/.MediaProvider: pid=2524 uid=10005 gids={50005, 1028, 1015, 1023, 1024, 2001, 3003, 3007}
D/gralloc_ranchu( 1173): gralloc_alloc: Creating ashmem region of size 102400
D/InputEventConsistencyVerifier( 2240): KeyEvent: ACTION_UP but key was not down.
D/InputEventConsistencyVerifier( 2240):   in com.android.internal.policy.impl.PhoneWindow$DecorView{afbbbf78 V.E..... R......D 0,0-320,640}
D/InputEventConsistencyVerifier( 2240):   0: sent at 209701000000, KeyEvent { action=ACTION_UP, keyCode=KEYCODE_DPAD_DOWN, scanCode=0, metaState=0, flags=0x400, repeatCount=0, eventTime=209701, downTime=209701, deviceId=-1, source=0x101 }
D/InputEventConsistencyVerifier( 2240):   -- recent events --
D/InputEventConsistencyVerifier( 2240):   1: sent at 209661000000, (unhandled) MotionEvent { action=ACTION_MOVE, id[0]=0, x[0]=0.0, y[0]=2.0, toolType[0]=TOOL_TYPE_UNKNOWN, buttonState=0, metaState=0, flags=0x0, edgeFlags=0x0, pointerCount=1, historySize=0, eventTime=209661, downTime=-1, deviceId=0, source=0x10004 }
D/InputEventConsistencyVerifier( 2240):   2: sent at 209485000000, (unhandled) KeyEvent { action=ACTION_UP, keyCode=KEYCODE_VOLUME_DOWN, scanCode=0, metaState=0, flags=0x8, repeatCount=0, eventTime=209485, downTime=209485, deviceId=-1, source=0x101 }
D/InputEventConsistencyVerifier( 2240):   3: sent at 209301000000, (unhandled) KeyEvent { action=ACTION_DOWN, keyCode=KEYCODE_VOLUME_DOWN, scanCode=0, metaState=0, flags=0x8, repeatCount=0, eventTime=209301, downTime=209301, deviceId=-1, source=0x101 }
D/InputEventConsistencyVerifier( 2240):   4: sent at 209180000000, (unhandled) KeyEvent { action=ACTION_UP, keyCode=KEYCODE_MENU, scanCode=0, metaState=0, flags=0x8, repeatCount=0, eventTime=209180, downTime=209180, deviceId=-1, source=0x101 }
D/InputEventConsistencyVerifier( 2240):   5: sent at 209094000000, (unhandled) KeyEvent { action=ACTION_DOWN, keyCode=KEYCODE_MENU, scanCode=0, metaState=0, flags=0x8, repeatCount=0, eventTime=209094, downTime=209094, deviceId=-1, source=0x101 }
D/SettingsProvider( 1588): User 0 external modification to /data/data/com.android.providers.settings/databases/settings.db; event=2
D/SettingsProvider( 1588): User 0 updating our caches for /data/data/com.android.providers.settings/databases/settings.db
D/InputEventConsistencyVerifier( 2240): KeyEvent: ACTION_UP but key was not down.
D/InputEventConsistencyVerifier( 2240):   in com.android.internal.policy.impl.PhoneWindow$DecorView{afbbbf78 V.E..... R......D 0,0-320,640}
D/InputEventConsistencyVerifier( 2240):   0: sent at 210253000000, KeyEvent { action=ACTION_UP, keyCode=KEYCODE_DPAD_CENTER, scanCode=0, metaState=0, flags=0x8, repeatCount=0, eventTime=210253, downTime=210253, deviceId=-1, source=0x101 }
D/InputEventConsistencyVerifier( 2240):   -- recent events --
D/InputEventConsistencyVerifier( 2240):   1: sent at 210142000000, (unhandled) KeyEvent { action=ACTION_UP, keyCode=KEYCODE_MENU, scanCode=0, metaState=0, flags=0x8, repeatCount=0, eventTime=210142, downTime=210142, deviceId=-1, source=0x101 }
D/InputEventConsistencyVerifier( 2240):   2: sent at 210121000000, (unhandled) KeyEvent { action=ACTION_DOWN, keyCode=KEYCODE_MENU, scanCode=0, metaState=0, flags=0x8, repeatCount=0, eventTime=210121, downTime=210121, deviceId=-1, source=0x101 }
D/InputEventConsistencyVerifier( 2240):   3: sent at 210012000000, MotionEvent { action=ACTION_UP, id[0]=0, x[0]=34.803093, y[0]=444.73196, toolType[0]=TOOL_TYPE_UNKNOWN, buttonState=0, metaState=0, flags=0x0, edgeFlags=0x0, pointerCount=1, historySize=0, eventTime=210012, downTime=210008, deviceId=0, source=0x1002 }
D/InputEventConsistencyVerifier( 2240):   4: sent at 210012000000, MotionEvent { action=ACTION_MOVE, id[0]=0, x[0]=42.932495, y[0]=441.5458, toolType[0]=TOOL_TYPE_UNKNOWN, buttonState=0, metaState=0, flags=0x0, edgeFlags=0x0, pointerCount=1, historySize=4, eventTime=210012, downTime=210008, deviceId=0, source=0x1002 }
D/InputEventConsistencyVerifier( 2240):   5: sent at 210009000000, MotionEvent { action=ACTION_DOWN, id[0]=0, x[0]=73.0, y[0]=419.0, toolType[0]=TOOL_TYPE_UNKNOWN, buttonState=0, metaState=0, flags=0x0, edgeFlags=0x0, pointerCount=1, historySize=0, eventTime=210009, downTime=210008, deviceId=0, source=0x1002 }
D/InputEventConsistencyVerifier( 2240): KeyEvent: ACTION_UP but key was not down.
D/InputEventConsistencyVerifier( 2240):   in com.android.internal.policy.impl.PhoneWindow$DecorView{afbbbf78 V.E..... R......D 0,0-320,640}
D/InputEventConsistencyVerifier( 2240):   0: sent at 210743000000, KeyEvent { action=ACTION_UP, keyCode=KEYCODE_DPAD_LEFT, scanCode=0, metaState=0, flags=0x8, repeatCount=0, eventTime=210743, downTime=210743, deviceId=-1, source=0x101 }
D/InputEventConsistencyVerifier( 2240):   -- recent events --
D/InputEventConsistencyVerifier( 2240):   1: sent at 210621000000, MotionEvent { action=ACTION_UP, id[0]=0, x[0]=273.9867, y[0]=594.72534, toolType[0]=TOOL_TYPE_UNKNOWN, buttonState=0, metaState=0, flags=0x0, edgeFlags=0x0, pointerCount=1, historySize=0, eventTime=210621, downTime=210570, deviceId=0, source=0x1002 }
D/InputEventConsistencyVerifier( 2240):   2: sent at 210620000000, MotionEvent { action=ACTION_MOVE, id[0]=0, x[0]=266.28674, y[0]=592.77374, toolType[0]=TOOL_TYPE_UNKNOWN, buttonState=0, metaState=0, flags=0x0, edgeFlags=0x0, pointerCount=1, historySize=0, eventTime=210620, downTime=210570, deviceId=0, source=0x1002 }
D/InputEventConsistencyVerifier( 2240):   3: sent at 210571000000, MotionEvent { action=ACTION_DOWN, id[0]=0, x[0]=258.0, y[0]=588.0, toolType[0]=TOOL_TYPE_UNKNOWN, buttonState=0, metaState=0, flags=0x0, edgeFlags=0x0, pointerCount=1, historySize=0, eventTime=210571, downTime=210570, deviceId=0, source=0x1002 }
D/InputEventConsistencyVerifier( 2240):   4: sent at 210464000000, MotionEvent { action=ACTION_UP, id[0]=0, x[0]=236.14827, y[0]=83.619385, toolType[0]=TOOL_TYPE_UNKNOWN, buttonState=0, metaState=0, flags=0x0, edgeFlags=0x0, pointerCount=1, historySize=0, eventTime=210464, downTime=210462, deviceId=0, source=0x1002 }
D/InputEventConsistencyVerifier( 2240):   5: sent at 210464000000, MotionEvent { action=ACTION_MOVE, id[0]=0, x[0]=234.0482, y[0]=86.580376, toolType[0]=TOOL_TYPE_UNKNOWN, buttonState=0, metaState=0, flags=0x0, edgeFlags=0x0, pointerCount=1, historySize=2, eventTime=210464, downTime=210462, deviceId=0, source=0x1002 }
E/SoundPool( 1588): error loading /system/media/audio/ui/Effect_Tick.ogg
W/AudioService( 1588): Soundpool could not load file: /system/media/audio/ui/Effect_Tick.ogg
E/SoundPool( 1588): error loading /system/media/audio/ui/Effect_Tick.ogg
W/AudioService( 1588): Soundpool could not load file: /system/media/audio/ui/Effect_Tick.ogg
E/SoundPool( 1588): error loading /system/media/audio/ui/Effect_Tick.ogg
W/AudioService( 1588): Soundpool could not load file: /system/media/audio/ui/Effect_Tick.ogg
E/SoundPool( 1588): error loading /system/media/audio/ui/Effect_Tick.ogg
W/AudioService( 1588): Soundpool could not load file: /system/media/audio/ui/Effect_Tick.ogg
E/SoundPool( 1588): error loading /system/media/audio/ui/Effect_Tick.ogg
W/AudioService( 1588): Soundpool could not load file: /system/media/audio/ui/Effect_Tick.ogg
E/SoundPool( 1588): error loading /system/media/audio/ui/KeypressStandard.ogg
W/AudioService( 1588): Soundpool could not load file: /system/media/audio/ui/KeypressStandard.ogg
E/SoundPool( 1588): error loading /system/media/audio/ui/KeypressSpacebar.ogg
W/AudioService( 1588): Soundpool could not load file: /system/media/audio/ui/KeypressSpacebar.ogg
E/SoundPool( 1588): error loading /system/media/audio/ui/KeypressDelete.ogg
W/AudioService( 1588): Soundpool could not load file: /system/media/audio/ui/KeypressDelete.ogg
E/SoundPool( 1588): error loading /system/media/audio/ui/KeypressReturn.ogg
W/AudioService( 1588): Soundpool could not load file: /system/media/audio/ui/KeypressReturn.ogg
E/SoundPool( 1588): error loading /system/media/audio/ui/KeypressInvalid.ogg
W/AudioService( 1588): Soundpool could not load file: /system/media/audio/ui/KeypressInvalid.ogg
W/AudioService( 1588): onLoadSoundEffects(), Error -1 while loading samples
E/SoundPool( 1588): error loading /system/media/audio/ui/Effect_Tick.ogg
W/AudioService( 1588): Soundpool could not load file: /system/media/audio/ui/Effect_Tick.ogg
E/SoundPool( 1588): error loading /system/media/audio/ui/Effect_Tick.ogg
W/AudioService( 1588): Soundpool could not load file: /system/media/audio/ui/Effect_Tick.ogg
E/SoundPool( 1588): error loading /system/media/audio/ui/Effect_Tick.ogg
W/AudioService( 1588): Soundpool could not load file: /system/media/audio/ui/Effect_Tick.ogg
E/SoundPool( 1588): error loading /system/media/audio/ui/Effect_Tick.ogg
W/AudioService( 1588): Soundpool could not load file: /system/media/audio/ui/Effect_Tick.ogg
E/SoundPool( 1588): error loading /system/media/audio/ui/Effect_Tick.ogg
W/AudioService( 1588): Soundpool could not load file: /system/media/audio/ui/Effect_Tick.ogg
E/SoundPool( 1588): error loading /system/media/audio/ui/KeypressStandard.ogg
W/AudioService( 1588): Soundpool could not load file: /system/media/audio/ui/KeypressStandard.ogg
E/SoundPool( 1588): error loading /system/media/audio/ui/KeypressSpacebar.ogg
W/AudioService( 1588): Soundpool could not load file: /system/media/audio/ui/KeypressSpacebar.ogg
E/SoundPool( 1588): error loading /system/media/audio/ui/KeypressDelete.ogg
W/AudioService( 1588): Soundpool could not load file: /system/media/audio/ui/KeypressDelete.ogg
E/SoundPool( 1588): error loading /system/media/audio/ui/KeypressReturn.ogg
W/AudioService( 1588): Soundpool could not load file: /system/media/audio/ui/KeypressReturn.ogg
E/SoundPool( 1588): error loading /system/media/audio/ui/KeypressInvalid.ogg
W/AudioService( 1588): Soundpool could not load file: /system/media/audio/ui/KeypressInvalid.ogg
W/AudioService( 1588): onLoadSoundEffects(), Error -1 while loading samples
E/SoundPool( 1588): error loading /system/media/audio/ui/Effect_Tick.ogg
W/AudioService( 1588): Soundpool could not load file: /system/media/audio/ui/Effect_Tick.ogg
E/SoundPool( 1588): error loading /system/media/audio/ui/Effect_Tick.ogg
W/AudioService( 1588): Soundpool could not load file: /system/media/audio/ui/Effect_Tick.ogg
E/SoundPool( 1588): error loading /system/media/audio/ui/Effect_Tick.ogg
W/AudioService( 1588): Soundpool could not load file: /system/media/audio/ui/Effect_Tick.ogg
E/SoundPool( 1588): error loading /system/media/audio/ui/Effect_Tick.ogg
W/AudioService( 1588): Soundpool could not load file: /system/media/audio/ui/Effect_Tick.ogg
E/SoundPool( 1588): error loading /system/media/audio/ui/Effect_Tick.ogg
W/AudioService( 1588): Soundpool could not load file: /system/media/audio/ui/Effect_Tick.ogg
E/SoundPool( 1588): error loading /system/media/audio/ui/KeypressStandard.ogg
W/AudioService( 1588): Soundpool could not load file: /system/media/audio/ui/KeypressStandard.ogg
E/SoundPool( 1588): error loading /system/media/audio/ui/KeypressSpacebar.ogg
W/AudioService( 1588): Soundpool could not load file: /system/media/audio/ui/KeypressSpacebar.ogg
E/SoundPool( 1588): error loading /system/media/audio/ui/KeypressDelete.ogg
W/AudioService( 1588): Soundpool could not load file: /system/media/audio/ui/KeypressDelete.ogg
E/SoundPool( 1588): error loading /system/media/audio/ui/KeypressReturn.ogg
W/AudioService( 1588): Soundpool could not load file: /system/media/audio/ui/KeypressReturn.ogg
E/SoundPool( 1588): error loading /system/media/audio/ui/KeypressInvalid.ogg
W/AudioService( 1588): Soundpool could not load file: /system/media/audio/ui/KeypressInvalid.ogg
W/AudioService( 1588): onLoadSoundEffects(), Error -1 while loading samples
D/InputEventConsistencyVerifier( 2240): TrackballEvent: Trackball is down but pressure is not greater than 0.
D/InputEventConsistencyVerifier( 2240):   in android.view.ViewRootImpl@b017cb98
D/InputEventConsistencyVerifier( 2240):   0: sent at 211444000000, MotionEvent { action=ACTION_DOWN, id[0]=0, x[0]=0.0, y[0]=0.0, toolType[0]=TOOL_TYPE_UNKNOWN, buttonState=0, metaState=0, flags=0x0, edgeFlags=0x0, pointerCount=1, historySize=0, eventTime=211444, downTime=211371, deviceId=0, source=0x10004 }
D/InputEventConsistencyVerifier( 2240):   -- recent events --
D/InputEventConsistencyVerifier( 2240):   1: sent at 211444000000, MotionEvent { action=ACTION_MOVE, id[0]=0, x[0]=-3.0, y[0]=2.0, toolType[0]=TOOL_TYPE_UNKNOWN, buttonState=0, metaState=0, flags=0x0, edgeFlags=0x0, pointerCount=1, historySize=9, eventTime=211444, downTime=-1, deviceId=0, source=0x10004 }
D/InputEventConsistencyVerifier( 2240):   2: sent at 211243000000, KeyEvent { action=ACTION_UP, keyCode=KEYCODE_DPAD_LEFT, scanCode=0, metaState=0, flags=0x8, repeatCount=0, eventTime=211243, downTime=211243, deviceId=-1, source=0x101 }
D/InputEventConsistencyVerifier( 2240):   3: sent at 210925000000, KeyEvent { action=ACTION_DOWN, keyCode=KEYCODE_DPAD_LEFT, scanCode=0, metaState=0, flags=0x8, repeatCount=0, eventTime=210925, downTime=210925, deviceId=-1, source=0x101 }
D/InputEventConsistencyVerifier( 2240):   4: sent at 211242000000, KeyEvent { action=ACTION_UP, keyCode=KEYCODE_DPAD_UP, scanCode=0, metaState=0, flags=0x400, repeatCount=0, eventTime=211242, downTime=211242, deviceId=-1, source=0x101 }
D/InputEventConsistencyVerifier( 2240):   5: sent at 211242000000, KeyEvent { action=ACTION_DOWN, keyCode=KEYCODE_DPAD_UP, scanCode=0, metaState=0, flags=0x400, repeatCount=0, eventTime=211242, downTime=211242, deviceId=-1, source=0x101 }
D/dalvikvm( 1588): GC_CONCURRENT freed 1009K, 47% free 6336K/11748K, paused 38ms+66ms, total 244ms
E/SoundPool( 1588): error loading /system/media/audio/ui/Effect_Tick.ogg
W/AudioService( 1588): Soundpool could not load file: /system/media/audio/ui/Effect_Tick.ogg
E/SoundPool( 1588): error loading /system/media/audio/ui/Effect_Tick.ogg
W/AudioService( 1588): Soundpool could not load file: /system/media/audio/ui/Effect_Tick.ogg
E/SoundPool( 1588): error loading /system/media/audio/ui/Effect_Tick.ogg
W/AudioService( 1588): Soundpool could not load file: /system/media/audio/ui/Effect_Tick.ogg
E/SoundPool( 1588): error loading /system/media/audio/ui/Effect_Tick.ogg
W/AudioService( 1588): Soundpool could not load file: /system/media/audio/ui/Effect_Tick.ogg
E/SoundPool( 1588): error loading /system/media/audio/ui/Effect_Tick.ogg
W/AudioService( 1588): Soundpool could not load file: /system/media/audio/ui/Effect_Tick.ogg
E/SoundPool( 1588): error loading /system/media/audio/ui/KeypressStandard.ogg
W/AudioService( 1588): Soundpool could not load file: /system/media/audio/ui/KeypressStandard.ogg
E/SoundPool( 1588): error loading /system/media/audio/ui/KeypressSpacebar.ogg
W/AudioService( 1588): Soundpool could not load file: /system/media/audio/ui/KeypressSpacebar.ogg
E/SoundPool( 1588): error loading /system/media/audio/ui/KeypressDelete.ogg
W/AudioService( 1588): Soundpool could not load file: /system/media/audio/ui/KeypressDelete.ogg
E/SoundPool( 1588): error loading /system/media/audio/ui/KeypressReturn.ogg
W/AudioService( 1588): Soundpool could not load file: /system/media/audio/ui/KeypressReturn.ogg
E/SoundPool( 1588): error loading /system/media/audio/ui/KeypressInvalid.ogg
W/AudioService( 1588): Soundpool could not load file: /system/media/audio/ui/KeypressInvalid.ogg
W/AudioService( 1588): onLoadSoundEffects(), Error -1 while loading samples
E/SoundPool( 1588): error loading /system/media/audio/ui/Effect_Tick.ogg
W/AudioService( 1588): Soundpool could not load file: /system/media/audio/ui/Effect_Tick.ogg
E/SoundPool( 1588): error loading /system/media/audio/ui/Effect_Tick.ogg
W/AudioService( 1588): Soundpool could not load file: /system/media/audio/ui/Effect_Tick.ogg
E/SoundPool( 1588): error loading /system/media/audio/ui/Effect_Tick.ogg
W/AudioService( 1588): Soundpool could not load file: /system/media/audio/ui/Effect_Tick.ogg
E/SoundPool( 1588): error loading /system/media/audio/ui/Effect_Tick.ogg
W/AudioService( 1588): Soundpool could not load file: /system/media/audio/ui/Effect_Tick.ogg
E/SoundPool( 1588): error loading /system/media/audio/ui/Effect_Tick.ogg
W/AudioService( 1588): Soundpool could not load file: /system/media/audio/ui/Effect_Tick.ogg
E/SoundPool( 1588): error loading /system/media/audio/ui/KeypressStandard.ogg
W/AudioService( 1588): Soundpool could not load file: /system/media/audio/ui/KeypressStandard.ogg
E/SoundPool( 1588): error loading /system/media/audio/ui/KeypressSpacebar.ogg
W/AudioService( 1588): Soundpool could not load file: /system/media/audio/ui/KeypressSpacebar.ogg
E/SoundPool( 1588): error loading /system/media/audio/ui/KeypressDelete.ogg
W/AudioService( 1588): Soundpool could not load file: /system/media/audio/ui/KeypressDelete.ogg
E/SoundPool( 1588): error loading /system/media/audio/ui/KeypressReturn.ogg
W/AudioService( 1588): Soundpool could not load file: /system/media/audio/ui/KeypressReturn.ogg
E/SoundPool( 1588): error loading /system/media/audio/ui/KeypressInvalid.ogg
W/AudioService( 1588): Soundpool could not load file: /system/media/audio/ui/KeypressInvalid.ogg
W/AudioService( 1588): onLoadSoundEffects(), Error -1 while loading samples
I/ActivityManager( 1588): START u0 {act=android.intent.action.CALL_BUTTON flg=0x10000000 cmp=com.android.dialer/.DialtactsActivity} from pid 2240
D/InputEventConsistencyVerifier( 2240): KeyEvent: ACTION_UP but key was not down.
D/InputEventConsistencyVerifier( 2240):   in com.android.internal.policy.impl.PhoneWindow$DecorView{afbbbf78 V.E..... R......D 0,0-320,640}
D/InputEventConsistencyVerifier( 2240):   0: sent at 212093000000, KeyEvent { action=ACTION_UP, keyCode=KEYCODE_DPAD_RIGHT, scanCode=0, metaState=0, flags=0x8, repeatCount=0, eventTime=212093, downTime=212093, deviceId=-1, source=0x101 }
D/InputEventConsistencyVerifier( 2240):   -- recent events --
D/InputEventConsistencyVerifier( 2240):   1: sent at 211988000000, (unhandled) KeyEvent { action=ACTION_UP, keyCode=KEYCODE_CALL, scanCode=0, metaState=0, flags=0x8, repeatCount=0, eventTime=211988, downTime=211988, deviceId=-1, source=0x101 }
D/InputEventConsistencyVerifier( 2240):   2: sent at 211984000000, (unhandled) KeyEvent { action=ACTION_DOWN, keyCode=KEYCODE_CALL, scanCode=0, metaState=0, flags=0x8, repeatCount=0, eventTime=211984, downTime=211984, deviceId=-1, source=0x101 }
D/InputEventConsistencyVerifier( 2240):   3: sent at 211883000000, MotionEvent { action=ACTION_UP, id[0]=0, x[0]=237.16492, y[0]=326.53226, toolType[0]=TOOL_TYPE_UNKNOWN, buttonState=0, metaState=0, flags=0x0, edgeFlags=0x0, pointerCount=1, historySize=0, eventTime=211883, downTime=211577, deviceId=0, source=0x1002 }
D/InputEventConsistencyVerifier( 2240):   4: sent at 211577000000, MotionEvent { action=ACTION_DOWN, id[0]=0, x[0]=236.0, y[0]=333.0, toolType[0]=TOOL_TYPE_UNKNOWN, buttonState=0, metaState=0, flags=0x0, edgeFlags=0x0, pointerCount=1, historySize=0, eventTime=211577, downTime=211577, deviceId=0, source=0x1002 }
D/InputEventConsistencyVerifier( 2240):   5: sent at 211566000000, (unhandled) KeyEvent { action=ACTION_UP, keyCode=KEYCODE_DPAD_CENTER, scanCode=0, metaState=0, flags=0x400, repeatCount=0, eventTime=211566, downTime=211566, deviceId=-1, source=0x101 }
E/SoundPool( 1588): error loading /system/media/audio/ui/Effect_Tick.ogg
W/AudioService( 1588): Soundpool could not load file: /system/media/audio/ui/Effect_Tick.ogg
E/SoundPool( 1588): error loading /system/media/audio/ui/Effect_Tick.ogg
W/AudioService( 1588): Soundpool could not load file: /system/media/audio/ui/Effect_Tick.ogg
E/SoundPool( 1588): error loading /system/media/audio/ui/Effect_Tick.ogg
W/AudioService( 1588): Soundpool could not load file: /system/media/audio/ui/Effect_Tick.ogg
E/SoundPool( 1588): error loading /system/media/audio/ui/Effect_Tick.ogg
W/AudioService( 1588): Soundpool could not load file: /system/media/audio/ui/Effect_Tick.ogg
E/SoundPool( 1588): error loading /system/media/audio/ui/Effect_Tick.ogg
W/AudioService( 1588): Soundpool could not load file: /system/media/audio/ui/Effect_Tick.ogg
E/SoundPool( 1588): error loading /system/media/audio/ui/KeypressStandard.ogg
W/AudioService( 1588): Soundpool could not load file: /system/media/audio/ui/KeypressStandard.ogg
E/SoundPool( 1588): error loading /system/media/audio/ui/KeypressSpacebar.ogg
W/AudioService( 1588): Soundpool could not load file: /system/media/audio/ui/KeypressSpacebar.ogg
E/SoundPool( 1588): error loading /system/media/audio/ui/KeypressDelete.ogg
W/AudioService( 1588): Soundpool could not load file: /system/media/audio/ui/KeypressDelete.ogg
E/SoundPool( 1588): error loading /system/media/audio/ui/KeypressReturn.ogg
W/AudioService( 1588): Soundpool could not load file: /system/media/audio/ui/KeypressReturn.ogg
E/SoundPool( 1588): error loading /system/media/audio/ui/KeypressInvalid.ogg
W/AudioService( 1588): Soundpool could not load file: /system/media/audio/ui/KeypressInvalid.ogg
W/AudioService( 1588): onLoadSoundEffects(), Error -1 while loading samples
E/SoundPool( 1588): error loading /system/media/audio/ui/Effect_Tick.ogg
W/AudioService( 1588): Soundpool could not load file: /system/media/audio/ui/Effect_Tick.ogg
E/SoundPool( 1588): error loading /system/media/audio/ui/Effect_Tick.ogg
W/AudioService( 1588): Soundpool could not load file: /system/media/audio/ui/Effect_Tick.ogg
E/SoundPool( 1588): error loading /system/media/audio/ui/Effect_Tick.ogg
W/AudioService( 1588): Soundpool could not load file: /system/media/audio/ui/Effect_Tick.ogg
E/SoundPool( 1588): error loading /system/media/audio/ui/Effect_Tick.ogg
W/AudioService( 1588): Soundpool could not load file: /system/media/audio/ui/Effect_Tick.ogg
E/SoundPool( 1588): error loading /system/media/audio/ui/Effect_Tick.ogg
W/AudioService( 1588): Soundpool could not load file: /system/media/audio/ui/Effect_Tick.ogg
E/SoundPool( 1588): error loading /system/media/audio/ui/KeypressStandard.ogg
W/AudioService( 1588): Soundpool could not load file: /system/media/audio/ui/KeypressStandard.ogg
E/SoundPool( 1588): error loading /system/media/audio/ui/KeypressSpacebar.ogg
W/AudioService( 1588): Soundpool could not load file: /system/media/audio/ui/KeypressSpacebar.ogg
E/SoundPool( 1588): error loading /system/media/audio/ui/KeypressDelete.ogg
W/AudioService( 1588): Soundpool could not load file: /system/media/audio/ui/KeypressDelete.ogg
E/SoundPool( 1588): error loading /system/media/audio/ui/KeypressReturn.ogg
W/AudioService( 1588): Soundpool could not load file: /system/media/audio/ui/KeypressReturn.ogg
E/SoundPool( 1588): error loading /system/media/audio/ui/KeypressInvalid.ogg
W/AudioService( 1588): Soundpool could not load file: /system/media/audio/ui/KeypressInvalid.ogg
W/AudioService( 1588): onLoadSoundEffects(), Error -1 while loading samples
I/ActivityManager( 1588): Process com.android.email (pid 1940) has died.
D/InputEventConsistencyVerifier( 2240): KeyEvent: ACTION_UP but key was not down.
D/InputEventConsistencyVerifier( 2240):   in com.android.internal.policy.impl.PhoneWindow$DecorView{afbbbf78 V.E..... R......D 0,0-320,640}
D/InputEventConsistencyVerifier( 2240):   0: sent at 213605000000, KeyEvent { action=ACTION_UP, keyCode=KEYCODE_DPAD_CENTER, scanCode=0, metaState=0, flags=0x8, repeatCount=0, eventTime=213605, downTime=213605, deviceId=-1, source=0x101 }
D/InputEventConsistencyVerifier( 2240):   -- recent events --
D/InputEventConsistencyVerifier( 2240):   1: sent at 213503000000, (unhandled) KeyEvent { action=ACTION_UP, keyCode=KEYCODE_MENU, scanCode=0, metaState=0, flags=0x8, repeatCount=0, eventTime=213503, downTime=213503, deviceId=-1, source=0x101 }
D/InputEventConsistencyVerifier( 2240):   2: sent at 213501000000, (unhandled) KeyEvent { action=ACTION_DOWN, keyCode=KEYCODE_MENU, scanCode=0, metaState=0, flags=0x8, repeatCount=0, eventTime=213501, downTime=213501, deviceId=-1, source=0x101 }
D/InputEventConsistencyVerifier( 2240):   3: sent at 213401000000, MotionEvent { action=ACTION_UP, id[0]=0, x[0]=151.67548, y[0]=456.88843, toolType[0]=TOOL_TYPE_UNKNOWN, buttonState=0, metaState=0, flags=0x0, edgeFlags=0x0, pointerCount=1, historySize=0, eventTime=213401, downTime=213391, deviceId=0, source=0x1002 }
D/InputEventConsistencyVerifier( 2240):   4: sent at 213391000000, MotionEvent { action=ACTION_DOWN, id[0]=0, x[0]=153.0, y[0]=456.0, toolType[0]=TOOL_TYPE_UNKNOWN, buttonState=0, metaState=0, flags=0x0, edgeFlags=0x0, pointerCount=1, historySize=0, eventTime=213391, downTime=213391, deviceId=0, source=0x1002 }
D/InputEventConsistencyVerifier( 2240):   5: sent at 213243000000, MotionEvent { action=ACTION_UP, id[0]=0, x[0]=107.54536, y[0]=573.0659, toolType[0]=TOOL_TYPE_UNKNOWN, buttonState=0, metaState=0, flags=0x0, edgeFlags=0x0, pointerCount=1, historySize=0, eventTime=213243, downTime=213241, deviceId=0, source=0x1002 }
D/InputEventConsistencyVerifier( 2240): KeyEvent: ACTION_UP but key was not down.
D/InputEventConsistencyVerifier( 2240):   in com.android.internal.policy.impl.PhoneWindow$DecorView{afbbbf78 V.E..... R......D 0,0-320,640}
D/InputEventConsistencyVerifier( 2240):   0: sent at 214011000000, KeyEvent { action=ACTION_UP, keyCode=KEYCODE_DPAD_LEFT, scanCode=0, metaState=0, flags=0x8, repeatCount=0, eventTime=214011, downTime=214011, deviceId=-1, source=0x101 }
D/InputEventConsistencyVerifier( 2240):   -- recent events --
D/InputEventConsistencyVerifier( 2240):   1: sent at 213910000000, MotionEvent { action=ACTION_UP, id[0]=0, x[0]=84.88335, y[0]=173.50565, toolType[0]=TOOL_TYPE_UNKNOWN, buttonState=0, metaState=0, flags=0x0, edgeFlags=0x0, pointerCount=1, historySize=0, eventTime=213910, downTime=213909, deviceId=0, source=0x1002 }
D/InputEventConsistencyVerifier( 2240):   2: sent at 213909000000, MotionEvent { action=ACTION_DOWN, id[0]=0, x[0]=97.0, y[0]=191.0, toolType[0]=TOOL_TYPE_UNKNOWN, buttonState=0, metaState=0, flags=0x0, edgeFlags=0x0, pointerCount=1, historySize=0, eventTime=213909, downTime=213909, deviceId=0, source=0x1002 }
D/InputEventConsistencyVerifier( 2240):   3: sent at 213808000000, (unhandled) KeyEvent { action=ACTION_UP, keyCode=KEYCODE_MENU, scanCode=0, metaState=0, flags=0x8, repeatCount=0, eventTime=213808, downTime=213808, deviceId=-1, source=0x101 }
D/InputEventConsistencyVerifier( 2240):   4: sent at 213808000000, (unhandled) KeyEvent { action=ACTION_DOWN, keyCode=KEYCODE_MENU, scanCode=0, metaState=0, flags=0x8, repeatCount=0, eventTime=213808, downTime=213808, deviceId=-1, source=0x101 }
D/InputEventConsistencyVerifier( 2240):   5: sent at 213707000000, (unhandled) KeyEvent { action=ACTION_UP, keyCode=KEYCODE_DPAD_CENTER, scanCode=0, metaState=0, flags=0x8, repeatCount=0, eventTime=213707, downTime=213707, deviceId=-1, source=0x101 }
E/SoundPool( 1588): error loading /system/media/audio/ui/Effect_Tick.ogg
W/AudioService( 1588): Soundpool could not load file: /system/media/audio/ui/Effect_Tick.ogg
E/SoundPool( 1588): error loading /system/media/audio/ui/Effect_Tick.ogg
W/AudioService( 1588): Soundpool could not load file: /system/media/audio/ui/Effect_Tick.ogg
E/SoundPool( 1588): error loading /system/media/audio/ui/Effect_Tick.ogg
W/AudioService( 1588): Soundpool could not load file: /system/media/audio/ui/Effect_Tick.ogg
E/SoundPool( 1588): error loading /system/media/audio/ui/Effect_Tick.ogg
W/AudioService( 1588): Soundpool could not load file: /system/media/audio/ui/Effect_Tick.ogg
E/SoundPool( 1588): error loading /system/media/audio/ui/Effect_Tick.ogg
W/AudioService( 1588): Soundpool could not load file: /system/media/audio/ui/Effect_Tick.ogg
E/SoundPool( 1588): error loading /system/media/audio/ui/KeypressStandard.ogg
W/AudioService( 1588): Soundpool could not load file: /system/media/audio/ui/KeypressStandard.ogg
E/SoundPool( 1588): error loading /system/media/audio/ui/KeypressSpacebar.ogg
W/AudioService( 1588): Soundpool could not load file: /system/media/audio/ui/KeypressSpacebar.ogg
E/SoundPool( 1588): error loading /system/media/audio/ui/KeypressDelete.ogg
W/AudioService( 1588): Soundpool could not load file: /system/media/audio/ui/KeypressDelete.ogg
E/SoundPool( 1588): error loading /system/media/audio/ui/KeypressReturn.ogg
W/AudioService( 1588): Soundpool could not load file: /system/media/audio/ui/KeypressReturn.ogg
E/SoundPool( 1588): error loading /system/media/audio/ui/KeypressInvalid.ogg
W/AudioService( 1588): Soundpool could not load file: /system/media/audio/ui/KeypressInvalid.ogg
W/AudioService( 1588): onLoadSoundEffects(), Error -1 while loading samples
D/InputEventConsistencyVerifier( 2240): KeyEvent: ACTION_UP but key was not down.
D/InputEventConsistencyVerifier( 2240):   in com.android.internal.policy.impl.PhoneWindow$DecorView{afbbbf78 V.E..... R......D 0,0-320,640}
D/InputEventConsistencyVerifier( 2240):   0: sent at 215175000000, KeyEvent { action=ACTION_UP, keyCode=KEYCODE_DPAD_LEFT, scanCode=0, metaState=0, flags=0x8, repeatCount=0, eventTime=215175, downTime=215175, deviceId=-1, source=0x101 }
D/InputEventConsistencyVerifier( 2240):   -- recent events --
D/InputEventConsistencyVerifier( 2240):   1: sent at 215073000000, (unhandled) MotionEvent { action=ACTION_UP, id[0]=0, x[0]=4.6873913, y[0]=636.9277, toolType[0]=TOOL_TYPE_UNKNOWN, buttonState=0, metaState=0, flags=0x0, edgeFlags=0x0, pointerCount=1, historySize=0, eventTime=215073, downTime=215072, deviceId=0, source=0x1002 }
D/InputEventConsistencyVerifier( 2240):   2: sent at 215073000000, (unhandled) MotionEvent { action=ACTION_DOWN, id[0]=0, x[0]=16.0, y[0]=639.0, toolType[0]=TOOL_TYPE_UNKNOWN, buttonState=0, metaState=0, flags=0x0, edgeFlags=0x0, pointerCount=1, historySize=0, eventTime=215073, downTime=215072, deviceId=0, source=0x1002 }
D/InputEventConsistencyVerifier( 2240):   3: sent at 214971000000, MotionEvent { action=ACTION_UP, id[0]=0, x[0]=2.6519527, y[0]=142.03127, toolType[0]=TOOL_TYPE_UNKNOWN, buttonState=0, metaState=0, flags=0x0, edgeFlags=0x0, pointerCount=1, historySize=0, eventTime=214971, downTime=214970, deviceId=0, source=0x1002 }
D/InputEventConsistencyVerifier( 2240):   4: sent at 214971000000, MotionEvent { action=ACTION_MOVE, id[0]=0, x[0]=10.716906, y[0]=142.6116, toolType[0]=TOOL_TYPE_UNKNOWN, buttonState=0, metaState=0, flags=0x0, edgeFlags=0x0, pointerCount=1, historySize=0, eventTime=214971, downTime=214970, deviceId=0, source=0x1002 }
D/InputEventConsistencyVerifier( 2240):   5: sent at 214970000000, MotionEvent { action=ACTION_DOWN, id[0]=0, x[0]=29.0, y[0]=144.0, toolType[0]=TOOL_TYPE_UNKNOWN, buttonState=0, metaState=0, flags=0x0, edgeFlags=0x0, pointerCount=1, historySize=0, eventTime=214970, downTime=214970, deviceId=0, source=0x1002 }
D/InputEventConsistencyVerifier( 2240): KeyEvent: ACT