I/PackageManager( 1588): Adding preferred activity ComponentInfo{com.android.mms/com.android.mms.ui.ComposeMessageActivity} for user 0 :
I/InputReader( 1588): Reconfiguring input devices.  changes=0x00000010
I/PackageManager( 1588):   Action: "android.intent.action.SENDTO"
I/PackageManager( 1588):   Category: "android.intent.category.DEFAULT"
I/PackageManager( 1588):   Scheme: "smsto"
D/dalvikvm( 1768): GC_CONCURRENT freed 479K, 17% free 3300K/3932K, paused 1ms+0ms, total 3ms
D/dalvikvm( 1768): WAIT_FOR_CONCURRENT_GC blocked 2ms
I/PackageManager( 1588):   Action: "android.intent.action.SENDTO"
I/PackageManager( 1588):   Category: "android.intent.category.DEFAULT"
I/PackageManager( 1588):   Scheme: "mms"
I/PackageManager( 1588): Adding preferred activity ComponentInfo{com.android.mms/com.android.mms.ui.ComposeMessageActivity} for user 0 :
I/PackageManager( 1588): Adding preferred activity ComponentInfo{com.android.mms/com.android.mms.ui.ComposeMessageActivity} for user 0 :
I/PackageManager( 1588):   Action: "android.intent.action.SENDTO"
I/PackageManager( 1588):   Category: "android.intent.category.DEFAULT"
I/PackageManager( 1588):   Scheme: "mmsto"
D/dalvikvm( 1588): GC_CONCURRENT freed 877K, 50% free 5932K/11748K, paused 0ms+1ms, total 8ms
D/dalvikvm( 1588): WAIT_FOR_CONCURRENT_GC blocked 3ms
I/PackageManager( 1588):   Action: "android.intent.action.SENDTO"
I/PackageManager( 1588):   Category: "android.intent.category.DEFAULT"
I/PackageManager( 1588):   Scheme: "sms"
I/PackageManager( 1588): Adding preferred activity ComponentInfo{com.android.mms/com.android.mms.ui.ComposeMessageActivity} for user 0 :
I/PackageManager( 1588): Adding preferred activity ComponentInfo{com.android.mms/com.android.mms.ui.ComposeMessageActivity} for user 0 :
I/PackageManager( 1588):   Action: "android.intent.action.SENDTO"
I/PackageManager( 1588):   Category: "android.intent.category.DEFAULT"
I/PackageManager( 1588):   Scheme: "smsto"
I/PackageManager( 1588):   Action: "android.intent.action.SENDTO"
I/PackageManager( 1588):   Category: "android.intent.category.DEFAULT"
I/PackageManager( 1588):   Scheme: "mms"
I/PackageManager( 1588):   Action: "android.intent.action.SENDTO"
I/PackageManager( 1588):   Category: "android.intent.category.DEFAULT"
I/PackageManager( 1588):   Scheme: "mmsto"
I/PackageManager( 1588): Adding preferred activity ComponentInfo{com.android.mms/com.android.mms.ui.ComposeMessageActivity} for user 0 :
I/PackageManager( 1588): Adding preferred activity ComponentInfo{com.android.mms/com.android.mms.ui.ComposeMessageActivity} for user 0 :
I/PackageManager( 1588): Adding preferred activity ComponentInfo{com.android.mms/com.android.mms.ui.ComposeMessageActivity} for user 0 :
D/dalvikvm( 1768): GC_CONCURRENT freed 490K, 18% free 3260K/3932K, paused 0ms+0ms, total 2ms
D/AndroidRuntime( 2282): 
D/AndroidRuntime( 2282): >>>>>> AndroidRuntime START com.android.internal.os.RuntimeInit <<<<<<
W/linker  ( 2282): libdvm.so has text relocations. This is wasting memory and is a security risk. Please fix.
D/AndroidRuntime( 2282): CheckJNI is ON
D/dalvikvm( 2282): Trying to load lib libjavacore.so 0x0
D/dalvikvm( 2282): Added shared lib libjavacore.so 0x0
D/dalvikvm( 2282): Trying to load lib libnativehelper.so 0x0
D/dalvikvm( 2282): Added shared lib libnativehelper.so 0x0
D/dalvikvm( 2282): No JNI_OnLoad found in libnativehelper.so 0x0, skipping init
D/dalvikvm( 2282): Note: class Landroid/app/ActivityManagerNative; has 179 unimplemented (abstract) methods
E/memtrack( 2282): Couldn't load memtrack module (No such file or directory)
E/android.os.Debug( 2282): failed to load memtrack module: -2
D/AndroidRuntime( 2282): Calling main entry com.android.commands.monkey.Monkey
W/BroadcastQueue( 1588): Skipping deliver [background] BroadcastRecord{b0296eb0 u-1 android.net.conn.CONNECTIVITY_CHANGE} to ReceiverList{afd62098 2282 (unknown name)/0/u-1 remote:afd61ee8}: process crashing
I/ActivityManager( 1588): START u0 {act=android.intent.action.MAIN cat=[android.intent.category.LAUNCHER] flg=0x10200000 cmp=com.rvappstudios.magnifyingglass/.SplashScreen} from pid 2282
D/dalvikvm( 1588): GC_CONCURRENT freed 563K, 48% free 6179K/11748K, paused 0ms+0ms, total 7ms
D/gralloc_ranchu( 1173): gralloc_alloc: Creating ashmem region of size 217088
D/        ( 1588): HostConnection::get() New Host Connection established 0xb83c48b0, tid 1818
W/dalvikvm( 2240): VFY: unable to find class referenced in signature (Landroid/window/SplashScreenView;)
I/dalvikvm( 2240): Could not find method android.window.SplashScreenView.getHeight, referenced from method com.rvappstudios.magnifyingglass.SplashScreen.b
W/dalvikvm( 2240): VFY: unable to resolve virtual method 4195: Landroid/window/SplashScreenView;.getHeight ()I
D/dalvikvm( 2240): VFY: replacing opcode 0x6e at 0x0029
W/dalvikvm( 2240): VFY: unable to find class referenced in signature (Landroid/window/SplashScreenView;)
W/dalvikvm( 2240): VFY: unable to find class referenced in signature (Landroid/window/SplashScreenView;)
I/dalvikvm( 2240): Could not find method android.app.Activity.getSplashScreen, referenced from method com.rvappstudios.magnifyingglass.SplashScreen.onCreate
W/dalvikvm( 2240): VFY: unable to resolve virtual method 121: Landroid/app/Activity;.getSplashScreen ()Landroid/window/SplashScreen;
D/dalvikvm( 2240): VFY: replacing opcode 0x6e at 0x0034
I/dalvikvm( 2240): Failed resolving Lcom/rvappstudios/magnifyingglass/l4; interface 643 'Landroid/window/SplashScreen$OnExitAnimationListener;'
W/dalvikvm( 2240): Link of class 'Lcom/rvappstudios/magnifyingglass/l4;' failed
I/dalvikvm( 2240): Failed resolving Lcom/rvappstudios/magnifyingglass/l4; interface 643 'Landroid/window/SplashScreen$OnExitAnimationListener;'
W/dalvikvm( 2240): Link of class 'Lcom/rvappstudios/magnifyingglass/l4;' failed
D/dalvikvm( 2240): DexOpt: unable to opt direct call 0xce76 at 0x40 in Lcom/rvappstudios/magnifyingglass/SplashScreen;.onCreate
I/dalvikvm( 2240): Could not find method android.content.Context.checkSelfPermission, referenced from method c.b.a.n0.v
W/dalvikvm( 2240): VFY: unable to resolve virtual method 541: Landroid/content/Context;.checkSelfPermission (Ljava/lang/String;)I
D/dalvikvm( 2240): VFY: replacing opcode 0x6e at 0x0039
D/gralloc_ranchu( 1173): gralloc_alloc: Creating ashmem region of size 819200
I/dalvikvm( 2240): Could not find method android.os.LocaleList.getDefault, referenced from method com.rvappstudios.magnifyingglass.Magnifying.T4
W/dalvikvm( 2240): VFY: unable to resolve static method 1776: Landroid/os/LocaleList;.getDefault ()Landroid/os/LocaleList;
D/dalvikvm( 2240): VFY: replacing opcode 0x71 at 0x0077
I/dalvikvm( 2240): Could not find method android.app.Activity.shouldShowRequestPermissionRationale, referenced from method com.rvappstudios.magnifyingglass.Magnifying.h
W/dalvikvm( 2240): VFY: unable to resolve virtual method 178: Landroid/app/Activity;.shouldShowRequestPermissionRationale (Ljava/lang/String;)Z
D/dalvikvm( 2240): VFY: replacing opcode 0x6e at 0x005c
I/dalvikvm( 2240): Could not find method android.app.Activity.shouldShowRequestPermissionRationale, referenced from method com.rvappstudios.magnifyingglass.Magnifying.h
W/dalvikvm( 2240): VFY: unable to resolve virtual method 178: Landroid/app/Activity;.shouldShowRequestPermissionRationale (Ljava/lang/String;)Z
D/dalvikvm( 2240): VFY: replacing opcode 0x6e at 0x01d4
I/dalvikvm( 2240): Could not find method android.app.Activity.onRequestPermissionsResult, referenced from method androidx.activity.ComponentActivity.onRequestPermissionsResult
W/dalvikvm( 2240): VFY: unable to resolve virtual method 152: Landroid/app/Activity;.onRequestPermissionsResult (I[Ljava/lang/String;[I)V
D/dalvikvm( 2240): VFY: replacing opcode 0x6f at 0x005b
D/dalvikvm( 2240): GC_FOR_ALLOC freed 446K, 12% free 4411K/4996K, paused 2ms, total 2ms
I/dalvikvm-heap( 2240): Grow heap (frag case) to 8.903MB for 4730892-byte allocation
D/dalvikvm( 2240): GC_CONCURRENT freed <1K, 7% free 9031K/9620K, paused 2ms+1ms, total 5ms
D/dalvikvm( 2240): WAIT_FOR_CONCURRENT_GC blocked 3ms
I/dalvikvm( 2240): Could not find method android.widget.Button.getAutoSizeMaxTextSize, referenced from method androidx.appcompat.widget.AppCompatButton.getAutoSizeMaxTextSize
W/dalvikvm( 2240): VFY: unable to resolve virtual method 3322: Landroid/widget/Button;.getAutoSizeMaxTextSize ()I
D/dalvikvm( 2240): VFY: replacing opcode 0x6f at 0x0015
I/dalvikvm( 2240): Could not find method android.widget.Button.getAutoSizeMinTextSize, referenced from method androidx.appcompat.widget.AppCompatButton.getAutoSizeMinTextSize
W/dalvikvm( 2240): VFY: unable to resolve virtual method 3323: Landroid/widget/Button;.getAutoSizeMinTextSize ()I
D/dalvikvm( 2240): VFY: replacing opcode 0x6f at 0x0015
I/dalvikvm( 2240): Could not find method android.widget.Button.getAutoSizeStepGranularity, referenced from method androidx.appcompat.widget.AppCompatButton.getAutoSizeStepGranularity
W/dalvikvm( 2240): VFY: unable to resolve virtual method 3324: Landroid/widget/Button;.getAutoSizeStepGranularity ()I
D/dalvikvm( 2240): VFY: replacing opcode 0x6f at 0x0015
I/dalvikvm( 2240): Could not find method android.widget.Button.getAutoSizeTextAvailableSizes, referenced from method androidx.appcompat.widget.AppCompatButton.getAutoSizeTextAvailableSizes
W/dalvikvm( 2240): VFY: unable to resolve virtual method 3325: Landroid/widget/Button;.getAutoSizeTextAvailableSizes ()[I
D/dalvikvm( 2240): VFY: replacing opcode 0x6f at 0x0015
I/dalvikvm( 2240): Could not find method android.widget.Button.getAutoSizeTextType, referenced from method androidx.appcompat.widget.AppCompatButton.getAutoSizeTextType
W/dalvikvm( 2240): VFY: unable to resolve virtual method 3326: Landroid/widget/Button;.getAutoSizeTextType ()I
D/dalvikvm( 2240): VFY: replacing opcode 0x6f at 0x0019
I/dalvikvm( 2240): Could not find method android.widget.Button.setAutoSizeTextTypeUniformWithConfiguration, referenced from method androidx.appcompat.widget.AppCompatButton.setAutoSizeTextTypeUniformWithConfiguration
W/dalvikvm( 2240): VFY: unable to resolve virtual method 3342: Landroid/widget/Button;.setAutoSizeTextTypeUniformWithConfiguration (IIII)V
D/dalvikvm( 2240): VFY: replacing opcode 0x6f at 0x0021
I/dalvikvm( 2240): Could not find method android.widget.Button.setAutoSizeTextTypeUniformWithPresetSizes, referenced from method androidx.appcompat.widget.AppCompatButton.setAutoSizeTextTypeUniformWithPresetSizes
W/dalvikvm( 2240): VFY: unable to resolve virtual method 3343: Landroid/widget/Button;.setAutoSizeTextTypeUniformWithPresetSizes ([II)V
D/dalvikvm( 2240): VFY: replacing opcode 0x6f at 0x001b
I/dalvikvm( 2240): Could not find method android.widget.Button.setAutoSizeTextTypeWithDefaults, referenced from method androidx.appcompat.widget.AppCompatButton.setAutoSizeTextTypeWithDefaults
W/dalvikvm( 2240): VFY: unable to resolve virtual method 3344: Landroid/widget/Button;.setAutoSizeTextTypeWithDefaults (I)V
D/dalvikvm( 2240): VFY: replacing opcode 0x6f at 0x0018
W/dalvikvm( 2240): VFY: unable to find class referenced in signature (Landroid/view/WindowInsets;)
W/dalvikvm( 2240): VFY: unable to find class referenced in signature (Landroid/view/WindowInsets;)
W/dalvikvm( 2240): VFY: unable to find class referenced in signature (Landroid/view/WindowInsets;)
I/dalvikvm( 2240): Could not find method android.view.WindowInsets.equals, referenced from method b.g.j.a0.H
W/dalvikvm( 2240): VFY: unable to resolve virtual method 2988: Landroid/view/WindowInsets;.equals (Ljava/lang/Object;)Z
D/dalvikvm( 2240): VFY: replacing opcode 0x6e at 0x0030
W/dalvikvm( 2240): VFY: unable to find class referenced in signature (Landroid/view/WindowInsets;)
W/dalvikvm( 2240): VFY: unable to find class referenced in signature (Landroid/view/WindowInsets;)
W/dalvikvm( 2240): VFY: unable to find class referenced in signature (Landroid/view/WindowInsets;)
I/dalvikvm( 2240): Could not find method android.view.WindowInsets.equals, referenced from method b.g.j.a0.d
W/dalvikvm( 2240): VFY: unable to resolve virtual method 2988: Landroid/view/WindowInsets;.equals (Ljava/lang/Object;)Z
D/dalvikvm( 2240): VFY: replacing opcode 0x6e at 0x0030
I/dalvikvm( 2240): Could not find method android.graphics.Typeface.create, referenced from method androidx.appcompat.widget.a0.C
W/dalvikvm( 2240): VFY: unable to resolve static method 1102: Landroid/graphics/Typeface;.create (Landroid/graphics/Typeface;IZ)Landroid/graphics/Typeface;
D/dalvikvm( 2240): VFY: replacing opcode 0x71 at 0x0196
I/dalvikvm( 2240): Could not find method android.graphics.Typeface.create, referenced from method androidx.appcompat.widget.a0.C
W/dalvikvm( 2240): VFY: unable to resolve static method 1102: Landroid/graphics/Typeface;.create (Landroid/graphics/Typeface;IZ)Landroid/graphics/Typeface;
D/dalvikvm( 2240): VFY: replacing opcode 0x71 at 0x0225
I/dalvikvm( 2240): Could not find method android.widget.TextView.setFontVariationSettings, referenced from method androidx.appcompat.widget.a0.m
W/dalvikvm( 2240): VFY: unable to resolve virtual method 4148: Landroid/widget/TextView;.setFontVariationSettings (Ljava/lang/String;)Z
D/dalvikvm( 2240): VFY: replacing opcode 0x6e at 0x049e
I/dalvikvm( 2240): Could not find method android.os.LocaleList.forLanguageTags, referenced from method androidx.appcompat.widget.a0.m
W/dalvikvm( 2240): VFY: unable to resolve static method 1774: Landroid/os/LocaleList;.forLanguageTags (Ljava/lang/String;)Landroid/os/LocaleList;
D/dalvikvm( 2240): VFY: replacing opcode 0x71 at 0x04bb
I/dalvikvm( 2240): Could not find method java.util.Locale.forLanguageTag, referenced from method androidx.appcompat.widget.a0.m
W/dalvikvm( 2240): VFY: unable to resolve static method 54355: Ljava/util/Locale;.forLanguageTag (Ljava/lang/String;)Ljava/util/Locale;
D/dalvikvm( 2240): VFY: replacing opcode 0x71 at 0x04f2
I/dalvikvm( 2240): Could not find method android.widget.TextView.getAutoSizeStepGranularity, referenced from method androidx.appcompat.widget.a0.m
W/dalvikvm( 2240): VFY: unable to resolve virtual method 4063: Landroid/widget/TextView;.getAutoSizeStepGranularity ()I
D/dalvikvm( 2240): VFY: replacing opcode 0x6e at 0x0547
I/dalvikvm( 2240): Could not find method android.widget.TextView.setFontVariationSettings, referenced from method androidx.appcompat.widget.a0.q
W/dalvikvm( 2240): VFY: unable to resolve virtual method 4148: Landroid/widget/TextView;.setFontVariationSettings (Ljava/lang/String;)Z
D/dalvikvm( 2240): VFY: replacing opcode 0x6e at 0x0137
I/dalvikvm( 2240): Could not find method android.text.StaticLayout$Builder.obtain, referenced from method androidx.appcompat.widget.b0.f
W/dalvikvm( 2240): VFY: unable to resolve static method 2015: Landroid/text/StaticLayout$Builder;.obtain (Ljava/lang/CharSequence;IILandroid/text/TextPaint;I)Landroid/text/StaticLayout$Builder;
D/dalvikvm( 2240): VFY: replacing opcode 0x71 at 0x0027
I/dalvikvm( 2240): Could not find method android.content.res.Resources.getDrawable, referenced from method androidx.core.content.e.h.d
W/dalvikvm( 2240): VFY: unable to resolve virtual method 790: Landroid/content/res/Resources;.getDrawable (ILandroid/content/res/Resources$Theme;)Landroid/graphics/drawable/Drawable;
D/dalvikvm( 2240): VFY: replacing opcode 0x6e at 0x0020
I/dalvikvm( 2240): Could not find method android.content.res.Resources.getDrawableForDensity, referenced from method androidx.core.content.e.h.e
W/dalvikvm( 2240): VFY: unable to resolve virtual method 792: Landroid/content/res/Resources;.getDrawableForDensity (IILandroid/content/res/Resources$Theme;)Landroid/graphics/drawable/Drawable;
D/dalvikvm( 2240): VFY: replacing opcode 0x6e at 0x0023
I/dalvikvm( 2240): Could not find method android.graphics.Typeface.create, referenced from method androidx.appcompat.widget.a0$a.e
W/dalvikvm( 2240): VFY: unable to resolve static method 1102: Landroid/graphics/Typeface;.create (Landroid/graphics/Typeface;IZ)Landroid/graphics/Typeface;
D/dalvikvm( 2240): VFY: replacing opcode 0x71 at 0x0049
D/InputEventConsistencyVerifier( 1588): KeyEvent: ACTION_UP but key was not down.
D/InputEventConsistencyVerifier( 1588):   in com.android.internal.policy.impl.PhoneWindow$DecorView{b00f5f28 V.E..... R.....ID 0,0-320,148}
D/InputEventConsistencyVerifier( 1588):   0: sent at 187741000000, KeyEvent { action=ACTION_UP, keyCode=KEYCODE_DPAD_CENTER, scanCode=0, metaState=0, flags=0x8, repeatCount=0, eventTime=187741, downTime=187741, deviceId=-1, source=0x101 }
D/        ( 2240): HostConnection::get() New Host Connection established 0xb816ddc0, tid 2240
D/EGL_emulation( 2240): eglCreateContext: 0xb816e8f0: maj 3 min 0 rcv 3
D/EGL_emulation( 2240): eglMakeCurrent: 0xb816e8f0: ver 3 0
E/eglCodecCommon( 2240): glUtilsParamSize: unknow param 0x00008cdf
E/eglCodecCommon( 2240): glUtilsParamSize: unknow param 0x00008824
D/OpenGLRenderer( 2240): Enabling debug mode 0
D/EGL_emulation( 2240): eglMakeCurrent: 0xb816e8f0: ver 3 0
D/EGL_emulation( 2240): eglMakeCurrent: 0xb816e8f0: ver 3 0
D/InputEventConsistencyVerifier( 1588): KeyEvent: ACTION_UP but key was not down.
D/InputEventConsistencyVerifier( 1588):   in com.android.internal.policy.impl.PhoneWindow$DecorView{b00f5f28 V.E..... R.....ID 0,0-320,148}
D/InputEventConsistencyVerifier( 1588):   0: sent at 188101000000, KeyEvent { action=ACTION_UP, keyCode=KEYCODE_DPAD_LEFT, scanCode=0, metaState=0, flags=0x8, repeatCount=0, eventTime=188101, downTime=188101, deviceId=-1, source=0x101 }
D/InputEventConsistencyVerifier( 1588):   -- recent events --
D/InputEventConsistencyVerifier( 1588):   1: sent at 188000000000, (unhandled) MotionEvent { action=ACTION_UP, id[0]=0, x[0]=111.01382, y[0]=-208.11057, toolType[0]=TOOL_TYPE_UNKNOWN, buttonState=0, metaState=0, flags=0x0, edgeFlags=0x0, pointerCount=1, historySize=0, eventTime=188000, downTime=187998, deviceId=0, source=0x1002 }
D/InputEventConsistencyVerifier( 1588):   2: sent at 187999000000, (unhandled) MotionEvent { action=ACTION_MOVE, id[0]=0, x[0]=96.67177, y[0]=-190.21625, toolType[0]=TOOL_TYPE_UNKNOWN, buttonState=0, metaState=0, flags=0x0, edgeFlags=0x0, pointerCount=1, historySize=1, eventTime=187999, downTime=187998, deviceId=0, source=0x1002 }
D/InputEventConsistencyVerifier( 1588):   3: sent at 187998000000, (unhandled) MotionEvent { action=ACTION_DOWN, id[0]=0, x[0]=79.0, y[0]=-180.0, toolType[0]=TOOL_TYPE_UNKNOWN, buttonState=0, metaState=0, flags=0x0, edgeFlags=0x0, pointerCount=1, historySize=0, eventTime=187998, downTime=187998, deviceId=0, source=0x1002 }
D/InputEventConsistencyVerifier( 1588):   4: sent at 187897000000, (unhandled) MotionEvent { action=ACTION_UP, id[0]=0, x[0]=166.7323, y[0]=-137.29779, toolType[0]=TOOL_TYPE_UNKNOWN, buttonState=0, metaState=0, flags=0x0, edgeFlags=0x0, pointerCount=1, historySize=0, eventTime=187897, downTime=187896, deviceId=0, source=0x1002 }
D/InputEventConsistencyVerifier( 1588):   5: sent at 187896000000, (unhandled) MotionEvent { action=ACTION_DOWN, id[0]=0, x[0]=160.0, y[0]=-139.0, toolType[0]=TOOL_TYPE_UNKNOWN, buttonState=0, metaState=0, flags=0x0, edgeFlags=0x0, pointerCount=1, historySize=0, eventTime=187896, downTime=187896, deviceId=0, source=0x1002 }
D/EGL_emulation( 2240): eglMakeCurrent: 0xb816e8f0: ver 3 0
D/        ( 1173): HostConnection::get() New Host Connection established 0xb7a53d10, tid 2295
I/ActivityManager( 1588): Displayed com.rvappstudios.magnifyingglass/.SplashScreen: +686ms
D/EGL_emulation( 1891): eglMakeCurrent: 0xb82393e0: ver 3 0
E/SoundPool( 1588): error loading /system/media/audio/ui/Effect_Tick.ogg
W/AudioService( 1588): Soundpool could not load file: /system/media/audio/ui/Effect_Tick.ogg
E/SoundPool( 1588): error loading /system/media/audio/ui/Effect_Tick.ogg
W/AudioService( 1588): Soundpool could not load file: /system/media/audio/ui/Effect_Tick.ogg
E/SoundPool( 1588): error loading /system/media/audio/ui/Effect_Tick.ogg
W/AudioService( 1588): Soundpool could not load file: /system/media/audio/ui/Effect_Tick.ogg
E/SoundPool( 1588): error loading /system/media/audio/ui/Effect_Tick.ogg
W/AudioService( 1588): Soundpool could not load file: /system/media/audio/ui/Effect_Tick.ogg
E/SoundPool( 1588): error loading /system/media/audio/ui/Effect_Tick.ogg
W/AudioService( 1588): Soundpool could not load file: /system/media/audio/ui/Effect_Tick.ogg
E/SoundPool( 1588): error loading /system/media/audio/ui/KeypressStandard.ogg
W/AudioService( 1588): Soundpool could not load file: /system/media/audio/ui/KeypressStandard.ogg
E/SoundPool( 1588): error loading /system/media/audio/ui/KeypressSpacebar.ogg
W/AudioService( 1588): Soundpool could not load file: /system/media/audio/ui/KeypressSpacebar.ogg
E/SoundPool( 1588): error loading /system/media/audio/ui/KeypressDelete.ogg
W/AudioService( 1588): Soundpool could not load file: /system/media/audio/ui/KeypressDelete.ogg
E/SoundPool( 1588): error loading /system/media/audio/ui/KeypressReturn.ogg
W/AudioService( 1588): Soundpool could not load file: /system/media/audio/ui/KeypressReturn.ogg
E/SoundPool( 1588): error loading /system/media/audio/ui/KeypressInvalid.ogg
W/AudioService( 1588): Soundpool could not load file: /system/media/audio/ui/KeypressInvalid.ogg
W/AudioService( 1588): onLoadSoundEffects(), Error -1 while loading samples
I/Process ( 1820): Sending signal. PID: 1820 SIG: 9
I/ActivityManager( 1588): Process android.process.acore (pid 1820) has died.
I/ActivityThread( 1665): Removing dead content provider:android.content.ContentProviderProxy@afb931f0
I/ActivityThread( 1665): Removing dead content provider:android.content.ContentProviderProxy@afb931f0
I/ActivityThread( 1768): Removing dead content provider:android.content.ContentProviderProxy@afabdca0
I/ActivityThread( 1768): Removing dead content provider:android.content.ContentProviderProxy@afabdca0
I/ActivityManager( 1588): Start proc android.process.acore for content provider com.android.providers.contacts/.ContactsProvider2: pid=2301 uid=10002 gids={50002, 3003, 1028, 1015}
D/dalvikvm( 2301): GC_CONCURRENT freed 241K, 11% free 2898K/3228K, paused 0ms+0ms, total 4ms
I/ContactLocale( 2301): AddressBook Labels [en_US]: [, A, B, C, D, E, F, G, H, I, J, K, L, M, N, O, P, Q, R, S, T, U, V, W, X, Y, Z, , , , , , , , , , , , , , , , , , , , , , , , , , , , , , , , , , , , , , , , , , , , , , , , , , , , , , , , , , , , , , , , , , , , , , , , , , , , , , , , , , , , , , , , , , , , , , , , , , , , , , , , , , , , , , , , , , , , , , , , , , , , , , , , , , , , , , , , , , , , , , , , , , , , , , , , , , , , , , , , , , , , , , , , , , , , , , , , , , , , , , #, ]
D/InputEventConsistencyVerifier( 2240): KeyEvent: ACTION_UP but key was not down.
D/InputEventConsistencyVerifier( 2240):   in android.widget.Button{afc78f68 VFED..C. .F....ID 85,587-235,632 #7f0a0071 app:id/btn_tearms}
D/InputEventConsistencyVerifier( 2240):   0: sent at 188724000000, KeyEvent { action=ACTION_UP, keyCode=KEYCODE_DPAD_DOWN, scanCode=0, metaState=0, flags=0x8, repeatCount=0, eventTime=188724, downTime=188724, deviceId=-1, source=0x101 }
E/SoundPool( 1588): error loading /system/media/audio/ui/Effect_Tick.ogg
W/AudioService( 1588): Soundpool could not load file: /system/media/audio/ui/Effect_Tick.ogg
E/SoundPool( 1588): error loading /system/media/audio/ui/Effect_Tick.ogg
W/AudioService( 1588): Soundpool could not load file: /system/media/audio/ui/Effect_Tick.ogg
E/SoundPool( 1588): error loading /system/media/audio/ui/Effect_Tick.ogg
W/AudioService( 1588): Soundpool could not load file: /system/media/audio/ui/Effect_Tick.ogg
E/SoundPool( 1588): error loading /system/media/audio/ui/Effect_Tick.ogg
W/AudioService( 1588): Soundpool could not load file: /system/media/audio/ui/Effect_Tick.ogg
E/SoundPool( 1588): error loading /system/media/audio/ui/Effect_Tick.ogg
W/AudioService( 1588): Soundpool could not load file: /system/media/audio/ui/Effect_Tick.ogg
E/SoundPool( 1588): error loading /system/media/audio/ui/KeypressStandard.ogg
W/AudioService( 1588): Soundpool could not load file: /system/media/audio/ui/KeypressStandard.ogg
E/SoundPool( 1588): error loading /system/media/audio/ui/KeypressSpacebar.ogg
W/AudioService( 1588): Soundpool could not load file: /system/media/audio/ui/KeypressSpacebar.ogg
E/SoundPool( 1588): error loading /system/media/audio/ui/KeypressDelete.ogg
W/AudioService( 1588): Soundpool could not load file: /system/media/audio/ui/KeypressDelete.ogg
E/SoundPool( 1588): error loading /system/media/audio/ui/KeypressReturn.ogg
W/AudioService( 1588): Soundpool could not load file: /system/media/audio/ui/KeypressReturn.ogg
E/SoundPool( 1588): error loading /system/media/audio/ui/KeypressInvalid.ogg
W/AudioService( 1588): Soundpool could not load file: /system/media/audio/ui/KeypressInvalid.ogg
W/AudioService( 1588): onLoadSoundEffects(), Error -1 while loading samples
D/EGL_emulation( 2240): eglMakeCurrent: 0xb816e8f0: ver 3 0
D/InputEventConsistencyVerifier( 2240): KeyEvent: ACTION_UP but key was not down.
D/InputEventConsistencyVerifier( 2240):   in com.android.internal.policy.impl.PhoneWindow$DecorView{afc817e0 V.E..... R......D 0,0-320,640}
D/InputEventConsistencyVerifier( 2240):   0: sent at 188933000000, KeyEvent { action=ACTION_UP, keyCode=KEYCODE_DPAD_DOWN, scanCode=0, metaState=0, flags=0x400, repeatCount=0, eventTime=188933, downTime=188933, deviceId=-1, source=0x101 }
D/InputEventConsistencyVerifier( 2240):   -- recent events --
D/InputEventConsistencyVerifier( 2240):   1: sent at 188928000000, (unhandled) MotionEvent { action=ACTION_MOVE, id[0]=0, x[0]=-2.0, y[0]=3.0, toolType[0]=TOOL_TYPE_UNKNOWN, buttonState=0, metaState=0, flags=0x0, edgeFlags=0x0, pointerCount=1, historySize=5, eventTime=188928, downTime=-1, deviceId=0, source=0x10004 }
D/InputEventConsistencyVerifier( 2240):   2: sent at 188826000000, (unhandled) MotionEvent { action=ACTION_UP, id[0]=0, x[0]=201.32663, y[0]=365.8941, toolType[0]=TOOL_TYPE_UNKNOWN, buttonState=0, metaState=0, flags=0x0, edgeFlags=0x0, pointerCount=1, historySize=0, eventTime=188826, downTime=188826, deviceId=0, source=0x1002 }
D/InputEventConsistencyVerifier( 2240):   3: sent at 188826000000, (unhandled) MotionEvent { action=ACTION_DOWN, id[0]=0, x[0]=201.0, y[0]=363.0, toolType[0]=TOOL_TYPE_UNKNOWN, buttonState=0, metaState=0, flags=0x0, edgeFlags=0x0, pointerCount=1, historySize=0, eventTime=188826, downTime=188826, deviceId=0, source=0x1002 }
D/InputEventConsistencyVerifier( 2240):   4: sent at 188724000000, (unhandled) KeyEvent { action=ACTION_UP, keyCode=KEYCODE_DPAD_DOWN, scanCode=0, metaState=0, flags=0x8, repeatCount=0, eventTime=188724, downTime=188724, deviceId=-1, source=0x101 }
D/InputEventConsistencyVerifier( 2240):   5: sent at 188724000000, (unhandled) KeyEvent { action=ACTION_DOWN, keyCode=KEYCODE_DPAD_DOWN, scanCode=0, metaState=0, flags=0x8, repeatCount=0, eventTime=188724, downTime=188724, deviceId=-1, source=0x101 }
D/InputEventConsistencyVerifier( 2240): KeyEvent: ACTION_UP but key was not down.
D/InputEventConsistencyVerifier( 2240):   in android.widget.Button{afc78f68 VFED..C. .F....ID 85,587-235,632 #7f0a0071 app:id/btn_tearms}
D/InputEventConsistencyVerifier( 2240):   0: sent at 188933000000, KeyEvent { action=ACTION_UP, keyCode=KEYCODE_DPAD_DOWN, scanCode=0, metaState=0, flags=0x400, repeatCount=0, eventTime=188933, downTime=188933, deviceId=-1, source=0x101 }
D/InputEventConsistencyVerifier( 2240):   -- recent events --
D/InputEventConsistencyVerifier( 2240):   1: sent at 188724000000, (unhandled) KeyEvent { action=ACTION_UP, keyCode=KEYCODE_DPAD_DOWN, scanCode=0, metaState=0, flags=0x80000008, repeatCount=0, eventTime=188724, downTime=188724, deviceId=-1, source=0x101 }
E/SoundPool( 1588): error loading /system/media/audio/ui/Effect_Tick.ogg
W/AudioService( 1588): Soundpool could not load file: /system/media/audio/ui/Effect_Tick.ogg
E/SoundPool( 1588): error loading /system/media/audio/ui/Effect_Tick.ogg
W/AudioService( 1588): Soundpool could not load file: /system/media/audio/ui/Effect_Tick.ogg
E/SoundPool( 1588): error loading /system/media/audio/ui/Effect_Tick.ogg
W/AudioService( 1588): Soundpool could not load file: /system/media/audio/ui/Effect_Tick.ogg
E/SoundPool( 1588): error loading /system/media/audio/ui/Effect_Tick.ogg
W/AudioService( 1588): Soundpool could not load file: /system/media/audio/ui/Effect_Tick.ogg
E/SoundPool( 1588): error loading /system/media/audio/ui/Effect_Tick.ogg
W/AudioService( 1588): Soundpool could not load file: /system/media/audio/ui/Effect_Tick.ogg
E/SoundPool( 1588): error loading /system/media/audio/ui/KeypressStandard.ogg
W/AudioService( 1588): Soundpool could not load file: /system/media/audio/ui/KeypressStandard.ogg
E/SoundPool( 1588): error loading /system/media/audio/ui/KeypressSpacebar.ogg
W/AudioService( 1588): Soundpool could not load file: /system/media/audio/ui/KeypressSpacebar.ogg
E/SoundPool( 1588): error loading /system/media/audio/ui/KeypressDelete.ogg
W/AudioService( 1588): Soundpool could not load file: /system/media/audio/ui/KeypressDelete.ogg
E/SoundPool( 1588): error loading /system/media/audio/ui/KeypressReturn.ogg
W/AudioService( 1588): Soundpool could not load file: /system/media/audio/ui/KeypressReturn.ogg
E/SoundPool( 1588): error loading /system/media/audio/ui/KeypressInvalid.ogg
W/AudioService( 1588): Soundpool could not load file: /system/media/audio/ui/KeypressInvalid.ogg
W/AudioService( 1588): onLoadSoundEffects(), Error -1 while loading samples
D/InputEventConsistencyVerifier( 2240): KeyEvent: ACTION_UP but key was not down.
D/InputEventConsistencyVerifier( 2240):   in androidx.appcompat.widget.AppCompatButton{afbdbc10 VFED..C. .F....ID 37,534-282,579 #7f0a00b0 app:id/get_started}
D/InputEventConsistencyVerifier( 2240):   0: sent at 188951000000, KeyEvent { action=ACTION_UP, keyCode=KEYCODE_DPAD_UP, scanCode=0, metaState=0, flags=0x400, repeatCount=0, eventTime=188951, downTime=188951, deviceId=-1, source=0x101 }
D/InputEventConsistencyVerifier( 2240):   -- recent events --
D/InputEventConsistencyVerifier( 2240):   1: sent at 188933000000, (unhandled) KeyEvent { action=ACTION_DOWN, keyCode=KEYCODE_DPAD_DOWN, scanCode=0, metaState=0, flags=0x400, repeatCount=0, eventTime=188933, downTime=188933, deviceId=-1, source=0x101 }
D/InputEventConsistencyVerifier( 2240):   2: sent at 188933000000, (unhandled) KeyEvent { action=ACTION_UP, keyCode=KEYCODE_DPAD_DOWN, scanCode=0, metaState=0, flags=0x80000400, repeatCount=0, eventTime=188933, downTime=188933, deviceId=-1, source=0x101 }
D/InputEventConsistencyVerifier( 2240):   3: sent at 188724000000, (unhandled) KeyEvent { action=ACTION_DOWN, keyCode=KEYCODE_DPAD_DOWN, scanCode=0, metaState=0, flags=0x8, repeatCount=0, eventTime=188724, downTime=188724, deviceId=-1, source=0x101 }
D/InputEventConsistencyVerifier( 2240):   4: sent at 188623000000, (unhandled) KeyEvent { action=ACTION_UP, keyCode=KEYCODE_DPAD_LEFT, scanCode=0, metaState=0, flags=0x8, repeatCount=0, eventTime=188623, downTime=188623, deviceId=-1, source=0x101 }
D/InputEventConsistencyVerifier( 2240):   5: sent at 188622000000, (unhandled) KeyEvent { action=ACTION_DOWN, keyCode=KEYCODE_DPAD_LEFT, scanCode=0, metaState=0, flags=0x8, repeatCount=0, eventTime=188622, downTime=188622, deviceId=-1, source=0x101 }
E/SoundPool( 1588): error loading /system/media/audio/ui/Effect_Tick.ogg
W/AudioService( 1588): Soundpool could not load file: /system/media/audio/ui/Effect_Tick.ogg
E/SoundPool( 1588): error loading /system/media/audio/ui/Effect_Tick.ogg
W/AudioService( 1588): Soundpool could not load file: /system/media/audio/ui/Effect_Tick.ogg
E/SoundPool( 1588): error loading /system/media/audio/ui/Effect_Tick.ogg
W/AudioService( 1588): Soundpool could not load file: /system/media/audio/ui/Effect_Tick.ogg
E/SoundPool( 1588): error loading /system/media/audio/ui/Effect_Tick.ogg
W/AudioService( 1588): Soundpool could not load file: /system/media/audio/ui/Effect_Tick.ogg
E/SoundPool( 1588): error loading /system/media/audio/ui/Effect_Tick.ogg
W/AudioService( 1588): Soundpool could not load file: /system/media/audio/ui/Effect_Tick.ogg
E/SoundPool( 1588): error loading /system/media/audio/ui/KeypressStandard.ogg
W/AudioService( 1588): Soundpool could not load file: /system/media/audio/ui/KeypressStandard.ogg
E/SoundPool( 1588): error loading /system/media/audio/ui/KeypressSpacebar.ogg
W/AudioService( 1588): Soundpool could not load file: /system/media/audio/ui/KeypressSpacebar.ogg
E/SoundPool( 1588): error loading /system/media/audio/ui/KeypressDelete.ogg
W/AudioService( 1588): Soundpool could not load file: /system/media/audio/ui/KeypressDelete.ogg
E/SoundPool( 1588): error loading /system/media/audio/ui/KeypressReturn.ogg
W/AudioService( 1588): Soundpool could not load file: /system/media/audio/ui/KeypressReturn.ogg
E/SoundPool( 1588): error loading /system/media/audio/ui/KeypressInvalid.ogg
W/AudioService( 1588): Soundpool could not load file: /system/media/audio/ui/KeypressInvalid.ogg
W/AudioService( 1588): onLoadSoundEffects(), Error -1 while loading samples
D/InputEventConsistencyVerifier( 2240): KeyEvent: ACTION_UP but key was not down.
D/InputEventConsistencyVerifier( 2240):   in com.android.internal.policy.impl.PhoneWindow$DecorView{afc817e0 V.E..... R......D 0,0-320,640}
D/InputEventConsistencyVerifier( 2240):   0: sent at 189483000000, KeyEvent { action=ACTION_UP, keyCode=KEYCODE_DPAD_DOWN, scanCode=0, metaState=0, flags=0x400, repeatCount=0, eventTime=189483, downTime=189483, deviceId=-1, source=0x101 }
D/InputEventConsistencyVerifier( 2240):   -- recent events --
D/InputEventConsistencyVerifier( 2240):   1: sent at 189464000000, (unhandled) MotionEvent { action=ACTION_MOVE, id[0]=0, x[0]=2.0, y[0]=2.0, toolType[0]=TOOL_TYPE_UNKNOWN, buttonState=0, metaState=0, flags=0x0, edgeFlags=0x0, pointerCount=1, historySize=9, eventTime=189464, downTime=-1, deviceId=0, source=0x10004 }
D/InputEventConsistencyVerifier( 2240):   2: sent at 189465000000, (unhandled) MotionEvent { action=ACTION_UP, id[0]=0, x[0]=133.98465, y[0]=39.665573, toolType[0]=TOOL_TYPE_UNKNOWN, buttonState=0, metaState=0, flags=0x0, edgeFlags=0x0, pointerCount=1, historySize=0, eventTime=189465, downTime=189465, deviceId=0, source=0x1002 }
D/InputEventConsistencyVerifier( 2240):   3: sent at 189465000000, (unhandled) MotionEvent { action=ACTION_DOWN, id[0]=0, x[0]=133.0, y[0]=52.0, toolType[0]=TOOL_TYPE_UNKNOWN, buttonState=0, metaState=0, flags=0x0, edgeFlags=0x0, pointerCount=1, historySize=0, eventTime=189465, downTime=189465, deviceId=0, source=0x1002 }
D/InputEventConsistencyVerifier( 2240):   4: sent at 189361000000, (unhandled) KeyEvent { action=ACTION_UP, keyCode=KEYCODE_PROG_YELLOW, scanCode=0, metaState=0, flags=0x8, repeatCount=0, eventTime=189361, downTime=189361, deviceId=-1, source=0x101 }
D/InputEventConsistencyVerifier( 2240):   5: sent at 189360000000, (unhandled) KeyEvent { action=ACTION_DOWN, keyCode=KEYCODE_PROG_YELLOW, scanCode=0, metaState=0, flags=0x8, repeatCount=0, eventTime=189360, downTime=189360, deviceId=-1, source=0x101 }
D/InputEventConsistencyVerifier( 2240): KeyEvent: ACTION_UP but key was not down.
D/InputEventConsistencyVerifier( 2240):   in android.widget.Button{afc78f68 VFED..C. .F....ID 85,587-235,632 #7f0a0071 app:id/btn_tearms}
D/InputEventConsistencyVerifier( 2240):   0: sent at 189483000000, KeyEvent { action=ACTION_UP, keyCode=KEYCODE_DPAD_DOWN, scanCode=0, metaState=0, flags=0x400, repeatCount=0, eventTime=189483, downTime=189483, deviceId=-1, source=0x101 }
D/InputEventConsistencyVerifier( 2240):   -- recent events --
D/InputEventConsistencyVerifier( 2240):   1: sent at 188951000000, (unhandled) KeyEvent { action=ACTION_DOWN, keyCode=KEYCODE_DPAD_UP, scanCode=0, metaState=0, flags=0x400, repeatCount=0, eventTime=188951, downTime=188951, deviceId=-1, source=0x101 }
D/InputEventConsistencyVerifier( 2240):   2: sent at 188951000000, (unhandled) KeyEvent { action=ACTION_MULTIPLE, keyCode=KEYCODE_DPAD_UP, scanCode=0, metaState=0, flags=0x400, repeatCount=2, eventTime=188951, downTime=188951, deviceId=-1, source=0x101 }
D/InputEventConsistencyVerifier( 2240):   3: sent at 188929000000, MotionEvent { action=ACTION_MOVE, id[0]=0, x[0]=-2.0, y[0]=-5.0, toolType[0]=TOOL_TYPE_UNKNOWN, buttonState=0, metaState=0, flags=0x0, edgeFlags=0x0, pointerCount=1, historySize=3, eventTime=188929, downTime=-1, deviceId=0, source=0x10004 }
D/InputEventConsistencyVerifier( 2240):   4: sent at 188933000000, (unhandled) KeyEvent { action=ACTION_UP, keyCode=KEYCODE_DPAD_DOWN, scanCode=0, metaState=0, flags=0x400, repeatCount=0, eventTime=188933, downTime=188933, deviceId=-1, source=0x101 }
D/InputEventConsistencyVerifier( 2240):   5: sent at 188933000000, (unhandled) KeyEvent { action=ACTION_DOWN, keyCode=KEYCODE_DPAD_DOWN, scanCode=0, metaState=0, flags=0x400, repeatCount=0, eventTime=188933, downTime=188933, deviceId=-1, source=0x101 }
E/SoundPool( 1588): error loading /system/media/audio/ui/Effect_Tick.ogg
W/AudioService( 1588): Soundpool could not load file: /system/media/audio/ui/Effect_Tick.ogg
E/SoundPool( 1588): error loading /system/media/audio/ui/Effect_Tick.ogg
W/AudioService( 1588): Soundpool could not load file: /system/media/audio/ui/Effect_Tick.ogg
E/SoundPool( 1588): error loading /system/media/audio/ui/Effect_Tick.ogg
W/AudioService( 1588): Soundpool could not load file: /system/media/audio/ui/Effect_Tick.ogg
E/SoundPool( 1588): error loading /system/media/audio/ui/Effect_Tick.ogg
W/AudioService( 1588): Soundpool could not load file: /system/media/audio/ui/Effect_Tick.ogg
E/SoundPool( 1588): error loading /system/media/audio/ui/Effect_Tick.ogg
W/AudioService( 1588): Soundpool could not load file: /system/media/audio/ui/Effect_Tick.ogg
E/SoundPool( 1588): error loading /system/media/audio/ui/KeypressStandard.ogg
W/AudioService( 1588): Soundpool could not load file: /system/media/audio/ui/KeypressStandard.ogg
E/SoundPool( 1588): error loading /system/media/audio/ui/KeypressSpacebar.ogg
W/AudioService( 1588): Soundpool could not load file: /system/media/audio/ui/KeypressSpacebar.ogg
E/SoundPool( 1588): error loading /system/media/audio/ui/KeypressDelete.ogg
W/AudioService( 1588): Soundpool could not load file: /system/media/audio/ui/KeypressDelete.ogg
E/SoundPool( 1588): error loading /system/media/audio/ui/KeypressReturn.ogg
W/AudioService( 1588): Soundpool could not load file: /system/media/audio/ui/KeypressReturn.ogg
E/SoundPool( 1588): error loading /system/media/audio/ui/KeypressInvalid.ogg
W/AudioService( 1588): Soundpool could not load file: /system/media/audio/ui/KeypressInvalid.ogg
W/AudioService( 1588): onLoadSoundEffects(), Error -1 while loading samples
D/InputEventConsistencyVerifier( 2240): KeyEvent: ACTION_UP but key was not down.
D/InputEventConsistencyVerifier( 2240):   in com.android.internal.policy.impl.PhoneWindow$DecorView{afc817e0 V.E..... R......D 0,0-320,640}
D/InputEventConsistencyVerifier( 2240):   0: sent at 189669000000, KeyEvent { action=ACTION_UP, keyCode=KEYCODE_DPAD_LEFT, scanCode=0, metaState=0, flags=0x8, repeatCount=0, eventTime=189669, downTime=189669, deviceId=-1, source=0x101 }
D/InputEventConsistencyVerifier( 2240):   -- recent events --
D/InputEventConsistencyVerifier( 2240):   1: sent at 189567000000, (unhandled) MotionEvent { action=ACTION_UP, id[0]=0, x[0]=116.81687, y[0]=591.6775, toolType[0]=TOOL_TYPE_UNKNOWN, buttonState=0, metaState=0, flags=0x0, edgeFlags=0x0, pointerCount=1, historySize=0, eventTime=189567, downTime=189566, deviceId=0, source=0x1002 }
D/InputEventConsistencyVerifier( 2240):   2: sent at 189567000000, (unhandled) MotionEvent { action=ACTION_MOVE, id[0]=0, x[0]=98.85987, y[0]=594.644, toolType[0]=TOOL_TYPE_UNKNOWN, buttonState=0, metaState=0, flags=0x0, edgeFlags=0x0, pointerCount=1, historySize=5, eventTime=189567, downTime=189566, deviceId=0, source=0x1002 }
D/InputEventConsistencyVerifier( 2240):   3: sent at 189566000000, (unhandled) MotionEvent { action=ACTION_DOWN, id[0]=0, x[0]=33.0, y[0]=636.0, toolType[0]=TOOL_TYPE_UNKNOWN, buttonState=0, metaState=0, flags=0x0, edgeFlags=0x0, pointerCount=1, historySize=0, eventTime=189566, downTime=189566, deviceId=0, source=0x1002 }
D/InputEventConsistencyVerifier( 2240):   4: sent at 189483000000, (unhandled) KeyEvent { action=ACTION_UP, keyCode=KEYCODE_DPAD_DOWN, scanCode=0, metaState=0, flags=0x400, repeatCount=0, eventTime=189483, downTime=189483, deviceId=-1, source=0x101 }
D/InputEventConsistencyVerifier( 2240):   5: sent at 189483000000, (unhandled) KeyEvent { action=ACTION_DOWN, keyCode=KEYCODE_DPAD_DOWN, scanCode=0, metaState=0, flags=0x400, repeatCount=0, eventTime=189483, downTime=189483, deviceId=-1, source=0x101 }
E/SoundPool( 1588): error loading /system/media/audio/ui/Effect_Tick.ogg
W/AudioService( 1588): Soundpool could not load file: /system/media/audio/ui/Effect_Tick.ogg
E/SoundPool( 1588): error loading /system/media/audio/ui/Effect_Tick.ogg
W/AudioService( 1588): Soundpool could not load file: /system/media/audio/ui/Effect_Tick.ogg
E/SoundPool( 1588): error loading /system/media/audio/ui/Effect_Tick.ogg
W/AudioService( 1588): Soundpool could not load file: /system/media/audio/ui/Effect_Tick.ogg
E/SoundPool( 1588): error loading /system/media/audio/ui/Effect_Tick.ogg
W/AudioService( 1588): Soundpool could not load file: /system/media/audio/ui/Effect_Tick.ogg
E/SoundPool( 1588): error loading /system/media/audio/ui/Effect_Tick.ogg
W/AudioService( 1588): Soundpool could not load file: /system/media/audio/ui/Effect_Tick.ogg
E/SoundPool( 1588): error loading /system/media/audio/ui/KeypressStandard.ogg
W/AudioService( 1588): Soundpool could not load file: /system/media/audio/ui/KeypressStandard.ogg
E/SoundPool( 1588): error loading /system/media/audio/ui/KeypressSpacebar.ogg
W/AudioService( 1588): Soundpool could not load file: /system/media/audio/ui/KeypressSpacebar.ogg
E/SoundPool( 1588): error loading /system/media/audio/ui/KeypressDelete.ogg
W/AudioService( 1588): Soundpool could not load file: /system/media/audio/ui/KeypressDelete.ogg
E/SoundPool( 1588): error loading /system/media/audio/ui/KeypressReturn.ogg
W/AudioService( 1588): Soundpool could not load file: /system/media/audio/ui/KeypressReturn.ogg
E/SoundPool( 1588): error loading /system/media/audio/ui/KeypressInvalid.ogg
W/AudioService( 1588): Soundpool could not load file: /system/media/audio/ui/KeypressInvalid.ogg
W/AudioService( 1588): onLoadSoundEffects(), Error -1 while loading samples
I/ActivityManager( 1588): START u0 {cmp=com.rvappstudios.magnifyingglass/.Magnifying} from pid 2240
I/dalvikvm( 2240): Could not find method android.view.Window$Callback.onPointerCaptureChanged, referenced from method b.a.o.i.onPointerCaptureChanged
W/dalvikvm( 2240): VFY: unable to resolve interface method 2943: Landroid/view/Window$Callback;.onPointerCaptureChanged (Z)V
D/dalvikvm( 2240): VFY: replacing opcode 0x72 at 0x0013
I/dalvikvm( 2240): Could not find method android.view.Window$Callback.onProvideKeyboardShortcuts, referenced from method b.a.o.i.onProvideKeyboardShortcuts
W/dalvikvm( 2240): VFY: unable to resolve interface method 2945: Landroid/view/Window$Callback;.onProvideKeyboardShortcuts (Ljava/util/List;Landroid/view/Menu;I)V
D/dalvikvm( 2240): VFY: replacing opcode 0x72 at 0x0019
W/dalvikvm( 2240): VFY: unable to find class referenced in signature (Landroid/view/SearchEvent;)
I/dalvikvm( 2240): Could not find method android.view.Window$Callback.onSearchRequested, referenced from method b.a.o.i.onSearchRequested
W/dalvikvm( 2240): VFY: unable to resolve interface method 2947: Landroid/view/Window$Callback;.onSearchRequested (Landroid/view/SearchEvent;)Z
D/dalvikvm( 2240): VFY: replacing opcode 0x72 at 0x0013
I/dalvikvm( 2240): Could not find method android.view.Window$Callback.onWindowStartingActionMode, referenced from method b.a.o.i.onWindowStartingActionMode
W/dalvikvm( 2240): VFY: unable to resolve interface method 2951: Landroid/view/Window$Callback;.onWindowStartingActionMode (Landroid/view/ActionMode$Callback;I)Landroid/view/ActionMode;
D/dalvikvm( 2240): VFY: replacing opcode 0x72 at 0x0016
E/dalvikvm( 2240): Could not find class 'android.graphics.drawable.RippleDrawable', referenced from method androidx.appcompat.widget.p.f
W/dalvikvm( 2240): VFY: unable to resolve instanceof 213 (Landroid/graphics/drawable/RippleDrawable;) in Landroidx/appcompat/widget/p;
D/dalvikvm( 2240): VFY: replacing opcode 0x20 at 0x0026
I/dalvikvm( 2240): Could not find method android.widget.TextView.getAutoSizeMaxTextSize, referenced from method androidx.appcompat.widget.AppCompatTextView.getAutoSizeMaxTextSize
W/dalvikvm( 2240): VFY: unable to resolve virtual method 4061: Landroid/widget/TextView;.getAutoSizeMaxTextSize ()I
D/dalvikvm( 2240): VFY: replacing opcode 0x6f at 0x0015
I/dalvikvm( 2240): Could not find method android.widget.TextView.getAutoSizeMinTextSize, referenced from method androidx.appcompat.widget.AppCompatTextView.getAutoSizeMinTextSize
W/dalvikvm( 2240): VFY: unable to resolve virtual method 4062: Landroid/widget/TextView;.getAutoSizeMinTextSize ()I
D/dalvikvm( 2240): VFY: replacing opcode 0x6f at 0x0015
I/dalvikvm( 2240): Could not find method android.widget.TextView.getAutoSizeStepGranularity, referenced from method androidx.appcompat.widget.AppCompatTextView.getAutoSizeStepGranularity
W/dalvikvm( 2240): VFY: unable to resolve virtual method 4063: Landroid/widget/TextView;.getAutoSizeStepGranularity ()I
D/dalvikvm( 2240): VFY: replacing opcode 0x6f at 0x0015
I/dalvikvm( 2240): Could not find method android.widget.TextView.getAutoSizeTextAvailableSizes, referenced from method androidx.appcompat.widget.AppCompatTextView.getAutoSizeTextAvailableSizes
W/dalvikvm( 2240): VFY: unable to resolve virtual method 4064: Landroid/widget/TextView;.getAutoSizeTextAvailableSizes ()[I
D/dalvikvm( 2240): VFY: replacing opcode 0x6f at 0x0015
I/dalvikvm( 2240): Could not find method android.widget.TextView.getAutoSizeTextType, referenced from method androidx.appcompat.widget.AppCompatTextView.getAutoSizeTextType
W/dalvikvm( 2240): VFY: unable to resolve virtual method 4065: Landroid/widget/TextView;.getAutoSizeTextType ()I
D/dalvikvm( 2240): VFY: replacing opcode 0x6f at 0x0019
I/dalvikvm( 2240): Could not find method android.widget.TextView.getTextClassifier, referenced from method androidx.appcompat.widget.AppCompatTextView.getTextClassifier
W/dalvikvm( 2240): VFY: unable to resolve virtual method 4099: Landroid/widget/TextView;.getTextClassifier ()Landroid/view/textclassifier/TextClassifier;
D/dalvikvm( 2240): VFY: replacing opcode 0x6f at 0x0033
W/dalvikvm( 2240): VFY: unable to find class referenced in signature (Landroid/view/textclassifier/TextClassifier;)
W/dalvikvm( 2240): VFY: unable to find class referenced in signature (Landroid/view/textclassifier/TextClassifier;)
I/dalvikvm( 2240): Could not find method android.widget.TextView.setAutoSizeTextTypeUniformWithConfiguration, referenced from method androidx.appcompat.widget.AppCompatTextView.setAutoSizeTextTypeUniformWithConfiguration
W/dalvikvm( 2240): VFY: unable to resolve virtual method 4128: Landroid/widget/TextView;.setAutoSizeTextTypeUniformWithConfiguration (IIII)V
D/dalvikvm( 2240): VFY: replacing opcode 0x6f at 0x0021
I/dalvikvm( 2240): Could not find method android.widget.TextView.setAutoSizeTextTypeUniformWithPresetSizes, referenced from method androidx.appcompat.widget.AppCompatTextView.setAutoSizeTextTypeUniformWithPresetSizes
W/dalvikvm( 2240): VFY: unable to resolve virtual method 4129: Landroid/widget/TextView;.setAutoSizeTextTypeUniformWithPresetSizes ([II)V
D/dalvikvm( 2240): VFY: replacing opcode 0x6f at 0x001b
I/dalvikvm( 2240): Could not find method android.widget.TextView.setAutoSizeTextTypeWithDefaults, referenced from method androidx.appcompat.widget.AppCompatTextView.setAutoSizeTextTypeWithDefaults
W/dalvikvm( 2240): VFY: unable to resolve virtual method 4130: Landroid/widget/TextView;.setAutoSizeTextTypeWithDefaults (I)V
D/dalvikvm( 2240): VFY: replacing opcode 0x6f at 0x0018
I/dalvikvm( 2240): Could not find method android.widget.TextView.setFirstBaselineToTopHeight, referenced from method androidx.appcompat.widget.AppCompatTextView.setFirstBaselineToTopHeight
W/dalvikvm( 2240): VFY: unable to resolve virtual method 4147: Landroid/widget/TextView;.setFirstBaselineToTopHeight (I)V
D/dalvikvm( 2240): VFY: replacing opcode 0x6f at 0x001d
I/dalvikvm( 2240): Could not find method android.widget.TextView.setLastBaselineToBottomHeight, referenced from method androidx.appcompat.widget.AppCompatTextView.setLastBaselineToBottomHeight
W/dalvikvm( 2240): VFY: unable to resolve virtual method 4153: Landroid/widget/TextView;.setLastBaselineToBottomHeight (I)V
D/dalvikvm( 2240): VFY: replacing opcode 0x6f at 0x001d
W/dalvikvm( 2240): VFY: unable to find class referenced in signature (Landroid/view/textclassifier/TextClassifier;)
I/dalvikvm( 2240): Could not find method android.widget.TextView.setTextClassifier, referenced from method androidx.appcompat.widget.AppCompatTextView.setTextClassifier
W/dalvikvm( 2240): VFY: unable to resolve virtual method 4167: Landroid/widget/TextView;.setTextClassifier (Landroid/view/textclassifier/TextClassifier;)V
D/dalvikvm( 2240): VFY: replacing opcode 0x6f at 0x0035
W/dalvikvm( 2240): VFY: unable to find class referenced in signature (Landroid/view/textclassifier/TextClassifier;)
E/dalvikvm( 2240): Could not find class 'android.view.textclassifier.TextClassificationManager', referenced from method androidx.appcompat.widget.z.a
W/dalvikvm( 2240): VFY: unable to resolve const-class 558 (Landroid/view/textclassifier/TextClassificationManager;) in Landroidx/appcompat/widget/z;
D/dalvikvm( 2240): VFY: replacing opcode 0x1c at 0x0021
W/dalvikvm( 2240): VFY: unable to find class referenced in signature (Landroid/view/textclassifier/TextClassifier;)
W/dalvikvm( 2240): VFY: unable to find class referenced in signature (Landroid/view/textclassifier/TextClassifier;)
V/EmulatedCamera_Camera( 1176): getCameraInfo
V/EmulatedCamera_BaseCamera( 1176): getCameraInfo
