I/PackageManager( 1588): Running dexopt on: com.android.printspooler
W/InputAttributes( 1750): No editor info for this field. Bug?
W/linker  ( 1814): libdvm.so has text relocations. This is wasting memory and is a security risk. Please fix.
I/ActivityManager( 1588): Start proc com.android.printspooler for service com.android.printspooler/.PrintSpoolerService: pid=1801 uid=10039 gids={50039}
I/ResourceUtils( 1750): Found default value: resource=keypress_vibration_durations build=[HARDWARE=ranchu MODEL=Android SDK built for x86 BRAND=generic_x86 MANUFACTURER=unknown] default=-1
I/ResourceUtils( 1750): Found default value: resource=keypress_volumes build=[HARDWARE=ranchu MODEL=Android SDK built for x86 BRAND=generic_x86 MANUFACTURER=unknown] default=-1.0f
D/dalvikvm( 1750): GC_CONCURRENT freed 203K, 10% free 2842K/3132K, paused 0ms+0ms, total 3ms
D/dalvikvm( 1814): DexOpt: load 5ms, verify+opt 13ms, 610380 bytes
D/dalvikvm( 1750): GC_CONCURRENT freed 460K, 17% free 2882K/3432K, paused 1ms+1ms, total 6ms
D/dalvikvm( 1750): WAIT_FOR_CONCURRENT_GC blocked 4ms
D/dalvikvm( 1174): GC_EXPLICIT freed 37K, 5% free 2652K/2776K, paused 1ms+1ms, total 4ms
E/BluetoothAdapter( 1665): Bluetooth binder is null
D/dalvikvm( 1174): GC_EXPLICIT freed <1K, 5% free 2652K/2776K, paused 0ms+0ms, total 2ms
D/dalvikvm( 1174): GC_EXPLICIT freed <1K, 5% free 2652K/2776K, paused 1ms+1ms, total 4ms
I/PackageManager( 1588): Running dexopt on: com.android.providers.userdictionary
I/ActivityManager( 1588): Start proc android.process.acore for content provider com.android.providers.userdictionary/.UserDictionaryProvider: pid=1820 uid=10002 gids={50002, 3003, 1028, 1015}
W/linker  ( 1834): libdvm.so has text relocations. This is wasting memory and is a security risk. Please fix.
I/PrintSpoolerService( 1801): No existing print spooler state.
D/dalvikvm( 1834): DexOpt: load 1ms, verify+opt 1ms, 173356 bytes
I/FusedLocation( 1588): engine started (com.android.location.fused)
I/FusedLocation( 1588): engine stopped (com.android.location.fused)
I/FusedLocation( 1588): engine started (com.android.location.fused)
E/BluetoothAdapter( 1781): Bluetooth binder is null
D/PhoneStatusBar( 1665): disable: < expand icons alerts ticker system_info back home recent clock search >
I/LatinIME:LogUtils( 1750): Dictionary info: dictionary = main:en ; version = 42 ; date = 1381226429
D/dalvikvm( 1750): GC_CONCURRENT freed 389K, 16% free 2907K/3432K, paused 1ms+0ms, total 2ms
D/dalvikvm( 1820): GC_CONCURRENT freed 175K, 9% free 2860K/3120K, paused 0ms+1ms, total 3ms
D/dalvikvm( 1588): GC_CONCURRENT freed 600K, 55% free 5366K/11748K, paused 1ms+0ms, total 10ms
D/dalvikvm( 1588): WAIT_FOR_CONCURRENT_GC blocked 7ms
D/dalvikvm( 1588): WAIT_FOR_CONCURRENT_GC blocked 5ms
D/dalvikvm( 1588): WAIT_FOR_CONCURRENT_GC blocked 6ms
D/dalvikvm( 1588): WAIT_FOR_CONCURRENT_GC blocked 2ms
I/ActivityManager( 1588): START u0 {act=android.intent.action.MAIN cat=[android.intent.category.HOME] flg=0x10000000 cmp=com.android.sdksetup/.DefaultActivity} from pid 0
D/dalvikvm( 1768): GC_CONCURRENT freed 165K, 8% free 2872K/3120K, paused 1ms+0ms, total 3ms
E/BluetoothAdapter( 1665): Bluetooth binder is null
D/PhoneStatusBar( 1665): heads up is disabled
I/LatinIME:LogUtils( 1750): Dictionary info: dictionary = personalization.en_US.dict ; version = ? ; date = 1687857606
D/PhoneStatusBar( 1665): mSettingsPanelGravity = 55
I/LatinIME:LogUtils( 1750): Dictionary info: dictionary = UserHistoryDictionary.en_US.dic ; version = ? ; date = 1687857606
I/ActivityManager( 1588): Start proc com.android.sdksetup for activity com.android.sdksetup/.DefaultActivity: pid=1851 uid=10042 gids={50042}
I/LatinIME:LogUtils( 1750): Dictionary info: dictionary = PersonalizationPredictionDictio ; version = ? ; date = 1687857606
D/dalvikvm( 1665): GC_CONCURRENT freed 131K, 6% free 3521K/3736K, paused 1ms+0ms, total 3ms
W/BackupManagerService( 1588): dataChanged but no participant pkg='com.android.providers.settings' uid=1001
I/PackageManager( 1588):   Action: "android.intent.action.SENDTO"
I/PackageManager( 1588):   Category: "android.intent.category.DEFAULT"
D/dalvikvm( 1588): GC_CONCURRENT freed 597K, 55% free 5379K/11748K, paused 1ms+1ms, total 9ms
I/PackageManager( 1588):   Scheme: "sms"
I/PackageManager( 1588): Running dexopt on: com.android.sdksetup
I/PackageManager( 1588):   Action: "android.intent.action.SENDTO"
I/PackageManager( 1588):   Category: "android.intent.category.DEFAULT"
I/PackageManager( 1588):   Scheme: "smsto"
I/PackageManager( 1588):   Action: "android.intent.action.SENDTO"
I/PackageManager( 1588):   Category: "android.intent.category.DEFAULT"
I/PackageManager( 1588):   Scheme: "mms"
I/PackageManager( 1588): Adding preferred activity ComponentInfo{com.android.mms/com.android.mms.ui.ComposeMessageActivity} for user 0 :
I/PackageManager( 1588): Adding preferred activity ComponentInfo{com.android.mms/com.android.mms.ui.ComposeMessageActivity} for user 0 :
I/PackageManager( 1588): Adding preferred activity ComponentInfo{com.android.mms/com.android.mms.ui.ComposeMessageActivity} for user 0 :
W/linker  ( 1871): libdvm.so has text relocations. This is wasting memory and is a security risk. Please fix.
D/dalvikvm( 1871): DexOpt: load 1ms, verify+opt 0ms, 147076 bytes
I/PackageManager( 1588):   Action: "android.intent.action.SENDTO"
I/PackageManager( 1588):   Category: "android.intent.category.DEFAULT"
I/PackageManager( 1588):   Scheme: "mmsto"
I/ContactLocale( 1820): AddressBook Labels [en_US]: [, A, B, C, D, E, F, G, H, I, J, K, L, M, N, O, P, Q, R, S, T, U, V, W, X, Y, Z, , , , , , , , , , , , , , , , , , , , , , , , , , , , , , , , , , , , , , , , , , , , , , , , , , , , , , , , , , , , , , , , , , , , , , , , , , , , , , , , , , , , , , , , , , , , , , , , , , , , , , , , , , , , , , , , , , , , , , , , , , , , , , , , , , , , , , , , , , , , , , , , , , , , , , , , , , , , , , , , , , , , , , , , , , , , , , , , , , , , , , #, ]
I/PackageManager( 1588):   Action: "android.intent.action.SENDTO"
I/PackageManager( 1588):   Category: "android.intent.category.DEFAULT"
I/PackageManager( 1588):   Scheme: "sms"
I/PackageManager( 1588): Adding preferred activity ComponentInfo{com.android.mms/com.android.mms.ui.ComposeMessageActivity} for user 0 :
I/PackageManager( 1588): Adding preferred activity ComponentInfo{com.android.mms/com.android.mms.ui.ComposeMessageActivity} for user 0 :
I/PackageManager( 1588):   Action: "android.intent.action.SENDTO"
I/PackageManager( 1588):   Category: "android.intent.category.DEFAULT"
I/PackageManager( 1588):   Scheme: "smsto"
I/PackageManager( 1588):   Action: "android.intent.action.SENDTO"
I/PackageManager( 1588):   Category: "android.intent.category.DEFAULT"
I/PackageManager( 1588):   Scheme: "mms"
I/PackageManager( 1588):   Action: "android.intent.action.SENDTO"
I/PackageManager( 1588):   Category: "android.intent.category.DEFAULT"
I/PackageManager( 1588):   Scheme: "mmsto"
I/PackageManager( 1588): Adding preferred activity ComponentInfo{com.android.mms/com.android.mms.ui.ComposeMessageActivity} for user 0 :
I/PackageManager( 1588): Adding preferred activity ComponentInfo{com.android.mms/com.android.mms.ui.ComposeMessageActivity} for user 0 :
I/PackageManager( 1588): Adding preferred activity ComponentInfo{com.android.mms/com.android.mms.ui.ComposeMessageActivity} for user 0 :
I/dalvikvm( 1872): CheckJNI enabled: not enabling JNI app bug workarounds.
I/PackageManager( 1588): Running dexopt on: com.android.music
E/BluetoothAdapter( 1768): Bluetooth binder is null
I/ActivityManager( 1588): Start proc com.android.music for broadcast com.android.music/.MediaButtonIntentReceiver: pid=1872 uid=10032 gids={50032, 3003, 1028, 1015}
I/LatinIME:LogUtils( 1750): Dictionary info: dictionary = userunigram.en_US.dict ; version = ? ; date = ?
W/linker  ( 1888): libdvm.so has text relocations. This is wasting memory and is a security risk. Please fix.
D/dalvikvm( 1588): GC_CONCURRENT freed 499K, 54% free 5441K/11748K, paused 1ms+0ms, total 7ms
D/        ( 1665): HostConnection::get() New Host Connection established 0xb810c9b0, tid 1665
D/EGL_emulation( 1665): eglCreateContext: 0xb8233090: maj 3 min 0 rcv 3
D/EGL_emulation( 1665): eglMakeCurrent: 0xb8233090: ver 3 0
E/eglCodecCommon( 1665): glUtilsParamSize: unknow param 0x00008cdf
E/eglCodecCommon( 1665): glUtilsParamSize: unknow param 0x00008824
D/OpenGLRenderer( 1665): Enabling debug mode 0
W/dalvikvm( 1820): threadid=12: thread exiting with uncaught exception (group=0xaf811b20)
E/AndroidRuntime( 1820): FATAL EXCEPTION: ContactsProviderWorker
E/AndroidRuntime( 1820): Process: android.process.acore, PID: 1820
E/AndroidRuntime( 1820): java.lang.RuntimeException: Unable to create photo storage directory /data/data/com.android.providers.contacts/files/photos
E/AndroidRuntime( 1820): 	at com.android.providers.contacts.PhotoStore.<init>(PhotoStore.java:71)
E/AndroidRuntime( 1820): 	at com.android.providers.contacts.ContactsProvider2.initForDefaultLocale(ContactsProvider2.java:1517)
E/AndroidRuntime( 1820): 	at com.android.providers.contacts.ContactsProvider2.performBackgroundTask(ContactsProvider2.java:1582)
E/AndroidRuntime( 1820): 	at com.android.providers.contacts.ContactsProvider2$1.handleMessage(ContactsProvider2.java:1468)
E/AndroidRuntime( 1820): 	at android.os.Handler.dispatchMessage(Handler.java:102)
E/AndroidRuntime( 1820): 	at android.os.Looper.loop(Looper.java:136)
E/AndroidRuntime( 1820): 	at android.os.HandlerThread.run(HandlerThread.java:61)
D/dalvikvm( 1888): DexOpt: load 5ms, verify+opt 13ms, 753588 bytes
I/ActivityManager( 1588): Force stopping com.android.sdksetup appid=10042 user=0: pkg changed
I/ActivityManager( 1588): Killing 1851:com.android.sdksetup/u0a42 (adj 0): stop com.android.sdksetup
I/ActivityManager( 1588):   Force finishing activity ActivityRecord{afd67f08 u0 com.android.sdksetup/.DefaultActivity t2}
I/ActivityManager( 1588): START u0 {act=android.intent.action.MAIN cat=[android.intent.category.HOME] flg=0x10000000 cmp=com.android.launcher/com.android.launcher2.Launcher} from pid 0
E/BluetoothAdapter( 1768): Bluetooth binder is null
I/PackageManager( 1588): Running dexopt on: com.android.launcher
W/linker  ( 1904): libdvm.so has text relocations. This is wasting memory and is a security risk. Please fix.
I/InputReader( 1588): Reconfiguring input devices.  changes=0x00000010
I/ActivityManager( 1588): Start proc com.android.launcher for activity com.android.launcher/com.android.launcher2.Launcher: pid=1891 uid=10008 gids={50008}
D/dalvikvm( 1820): GC_CONCURRENT freed 220K, 9% free 3094K/3400K, paused 0ms+0ms, total 2ms
D/dalvikvm( 1904): DexOpt: load 8ms, verify+opt 27ms, 987780 bytes
D/CallNotifier( 1768): CallNotifier: mSignalInfoToneGenerator created when toneplay
E/BluetoothAdapter( 1768): Bluetooth binder is null
I/ActivityManager( 1588): Start proc com.android.exchange for content provider com.android.exchange/.provider.ExchangeDirectoryProvider: pid=1907 uid=10025 gids={50025, 3003, 1028, 1015}
I/MediaFocusControl( 1588):   Remote Control   registerMediaButtonIntent() for PendingIntent{aff903b8: PendingIntentRecord{b033f070 com.android.music broadcastIntent}}
I/PackageManager( 1588): Running dexopt on: com.android.exchange
D/EGL_emulation( 1665): eglMakeCurrent: 0xb8233090: ver 3 0
D/dalvikvm( 1588): GC_CONCURRENT freed 319K, 51% free 5782K/11748K, paused 1ms+0ms, total 8ms
W/linker  ( 1920): libdvm.so has text relocations. This is wasting memory and is a security risk. Please fix.
D/dalvikvm( 1920): DexOpt: load 15ms, verify+opt 78ms, 2148036 bytes
E/BluetoothAdapter( 1781): Bluetooth binder is null
I/PackageManager( 1588): Running dexopt on: com.android.providers.downloads
W/linker  ( 1938): libdvm.so has text relocations. This is wasting memory and is a security risk. Please fix.
I/ActivityManager( 1588): Start proc android.process.media for content provider com.android.providers.media/.MediaProvider: pid=1925 uid=10005 gids={50005, 1028, 1015, 1023, 1024, 2001, 3003, 3007}
D/dalvikvm( 1938): DexOpt: load 3ms, verify+opt 10ms, 540948 bytes
D/dalvikvm( 1665): GC_FOR_ALLOC freed 88K, 6% free 3537K/3736K, paused 2ms, total 2ms
I/dalvikvm-heap( 1665): Grow heap (frag case) to 6.463MB for 3072012-byte allocation
D/gralloc_ranchu( 1173): gralloc_alloc: Creating ashmem region of size 192512
D/dalvikvm( 1665): GC_CONCURRENT freed 1K, 4% free 6536K/6740K, paused 2ms+1ms, total 4ms
D/dalvikvm( 1665): WAIT_FOR_CONCURRENT_GC blocked 2ms
I/ContactDirectoryManager( 1820): deleted 0 stale rows which don't have any relevant directory
D/        ( 1588): HostConnection::get() New Host Connection established 0xb8360c60, tid 1603
D/AlarmManagerService( 1588): Kernel timezone updated to 0 minutes west of GMT
I/ActivityManager( 1588): Start proc com.android.email for content provider com.android.email/.provider.EmailProvider: pid=1940 uid=10024 gids={50024, 3003, 1028, 1015}
I/ActivityManager( 1588): Delay finish: com.android.providers.contacts/.PackageIntentReceiver
I/PackageManager( 1588): Running dexopt on: com.android.email
I/ContactDirectoryManager( 1820): Discovered 0 contact directories in 293ms
D/        ( 1768): Setting time of day to sec=1687857607
I/ContactsProvider( 1820): Upgrading aggregation algorithm
I/ContactAggregator( 1820): Marked all visible contacts for aggregation: 0 raw contacts, 1 ms
W/linker  ( 1955): libdvm.so has text relocations. This is wasting memory and is a security risk. Please fix.
I/ContactsProvider( 1820): Aggregation algorithm upgraded for 0 raw contacts in 3ms
D/dalvikvm( 1665): GC_FOR_ALLOC freed <1K, 4% free 6536K/6740K, paused 2ms, total 2ms
I/dalvikvm-heap( 1665): Grow heap (frag case) to 8.025MB for 1638412-byte allocation
D/dalvikvm( 1665): GC_CONCURRENT freed 0K, 3% free 8136K/8344K, paused 0ms+1ms, total 3ms
D/dalvikvm( 1665): WAIT_FOR_CONCURRENT_GC blocked 3ms
D/gralloc_ranchu( 1173): gralloc_alloc: Creating ashmem region of size 1638400
D/        ( 1173): HostConnection::get() New Host Connection established 0xb7a4b900, tid 1956
I/ContactsFTS( 1820): Rebuild contact search index in 11ms, 0 contacts
D/EGL_emulation( 1665): eglMakeCurrent: 0xb8233090: ver 3 0
D/dalvikvm( 1891): GC_CONCURRENT freed 184K, 9% free 2961K/3236K, paused 2ms+16ms, total 32ms
D/dalvikvm( 1891): GC_FOR_ALLOC freed 28K, 8% free 3007K/3236K, paused 2ms, total 2ms
I/dalvikvm-heap( 1891): Grow heap (frag case) to 3.630MB for 640012-byte allocation
D/dalvikvm( 1891): GC_CONCURRENT freed 2K, 7% free 3629K/3864K, paused 1ms+1ms, total 3ms
D/dalvikvm( 1891): WAIT_FOR_CONCURRENT_GC blocked 2ms
W/Resources( 1891): Converting to int: TypedValue{t=0x3/d=0x12 "4" a=-1}
W/Resources( 1891): Converting to int: TypedValue{t=0x3/d=0xf "1" a=-1}
D/dalvikvm( 1955): DexOpt: load 30ms, verify+opt 133ms, 3355068 bytes
W/Resources( 1891): Converting to int: TypedValue{t=0x3/d=0x15 "2" a=-1}
W/Resources( 1891): Converting to int: TypedValue{t=0x3/d=0x15 "2" a=-1}
W/Launcher.LauncherProvider( 1891): Unable to add favorite: com.android.camera2/com.android.camera.CameraLauncher
W/Launcher.LauncherProvider( 1891): android.content.pm.PackageManager$NameNotFoundException: ComponentInfo{com.android.camera2/com.android.camera.CameraLauncher}
W/Launcher.LauncherProvider( 1891): 	at android.app.ApplicationPackageManager.getActivityInfo(ApplicationPackageManager.java:242)
W/Launcher.LauncherProvider( 1891): 	at com.android.launcher2.LauncherProvider$DatabaseHelper.addAppShortcut(LauncherProvider.java:939)
W/Launcher.LauncherProvider( 1891): 	at com.android.launcher2.LauncherProvider$DatabaseHelper.loadFavorites(LauncherProvider.java:843)
W/Launcher.LauncherProvider( 1891): 	at com.android.launcher2.LauncherProvider$DatabaseHelper.access$000(LauncherProvider.java:233)
W/Launcher.LauncherProvider( 1891): 	at com.android.launcher2.LauncherProvider.loadDefaultFavoritesIfNecessary(LauncherProvider.java:228)
W/Launcher.LauncherProvider( 1891): 	at com.android.launcher2.LauncherModel$LoaderTask.loadWorkspace(LauncherModel.java:1263)
W/Launcher.LauncherProvider( 1891): 	at com.android.launcher2.LauncherModel$LoaderTask.loadAndBindWorkspace(LauncherModel.java:1005)
W/Launcher.LauncherProvider( 1891): 	at com.android.launcher2.LauncherModel$LoaderTask.run(LauncherModel.java:1111)
W/Launcher.LauncherProvider( 1891): 	at android.os.Handler.handleCallback(Handler.java:733)
W/Launcher.LauncherProvider( 1891): 	at android.os.Handler.dispatchMessage(Handler.java:95)
W/Launcher.LauncherProvider( 1891): 	at android.os.Looper.loop(Looper.java:136)
W/Launcher.LauncherProvider( 1891): 	at android.os.HandlerThread.run(HandlerThread.java:61)
W/Launcher.LauncherProvider( 1891): Unable to add favorite: com.android.gallery3d/com.android.gallery3d.app.Gallery
W/Launcher.LauncherProvider( 1891): android.content.pm.PackageManager$NameNotFoundException: ComponentInfo{com.android.gallery3d/com.android.gallery3d.app.Gallery}
W/Launcher.LauncherProvider( 1891): 	at android.app.ApplicationPackageManager.getActivityInfo(ApplicationPackageManager.java:242)
W/Launcher.LauncherProvider( 1891): 	at com.android.launcher2.LauncherProvider$DatabaseHelper.addAppShortcut(LauncherProvider.java:939)
W/Launcher.LauncherProvider( 1891): 	at com.android.launcher2.LauncherProvider$DatabaseHelper.loadFavorites(LauncherProvider.java:843)
W/Launcher.LauncherProvider( 1891): 	at com.android.launcher2.LauncherProvider$DatabaseHelper.access$000(LauncherProvider.java:233)
W/Launcher.LauncherProvider( 1891): 	at com.android.launcher2.LauncherProvider.loadDefaultFavoritesIfNecessary(LauncherProvider.java:228)
W/Launcher.LauncherProvider( 1891): 	at com.android.launcher2.LauncherModel$LoaderTask.loadWorkspace(LauncherModel.java:1263)
W/Launcher.LauncherProvider( 1891): 	at com.android.launcher2.LauncherModel$LoaderTask.loadAndBindWorkspace(LauncherModel.java:1005)
W/Launcher.LauncherProvider( 1891): 	at com.android.launcher2.LauncherModel$LoaderTask.run(LauncherModel.java:1111)
W/Launcher.LauncherProvider( 1891): 	at android.os.Handler.handleCallback(Handler.java:733)
W/Launcher.LauncherProvider( 1891): 	at android.os.Handler.dispatchMessage(Handler.java:95)
W/Launcher.LauncherProvider( 1891): 	at android.os.Looper.loop(Looper.java:136)
W/Launcher.LauncherProvider( 1891): 	at android.os.HandlerThread.run(HandlerThread.java:61)
D/MobileDataStateTracker( 1588): fota: Broadcast received: android.intent.action.ANY_DATA_STATE apnType=fota
D/MobileDataStateTracker( 1588): fota: Received state=DISCONNECTED, old=DISCONNECTED, reason=radioTurnedOff
D/MobileDataStateTracker( 1588): ia: Broadcast received: android.intent.action.ANY_DATA_STATE apnType=ia
D/MobileDataStateTracker( 1588): ia: Received state=DISCONNECTED, old=DISCONNECTED, reason=radioTurnedOff
D/MobileDataStateTracker( 1588): supl: Broadcast received: android.intent.action.ANY_DATA_STATE apnType=supl
D/MobileDataStateTracker( 1588): supl: Received state=DISCONNECTED, old=DISCONNECTED, reason=radioTurnedOff
D/MobileDataStateTracker( 1588): hipri: Broadcast received: android.intent.action.ANY_DATA_STATE apnType=hipri
D/MobileDataStateTracker( 1588): hipri: Received state=DISCONNECTED, old=DISCONNECTED, reason=radioTurnedOff
D/MobileDataStateTracker( 1588): ims: Broadcast received: android.intent.action.ANY_DATA_STATE apnType=ims
D/MobileDataStateTracker( 1588): ims: Received state=DISCONNECTED, old=DISCONNECTED, reason=radioTurnedOff
D/MobileDataStateTracker( 1588): default: Broadcast received: android.intent.action.ANY_DATA_STATE apnType=default
D/MobileDataStateTracker( 1588): default: Received state=DISCONNECTED, old=DISCONNECTED, reason=radioTurnedOff
D/MobileDataStateTracker( 1588): mms: Broadcast received: android.intent.action.ANY_DATA_STATE apnType=mms
D/MobileDataStateTracker( 1588): mms: Received state=DISCONNECTED, old=DISCONNECTED, reason=radioTurnedOff
D/MobileDataStateTracker( 1588): cbs: Broadcast received: android.intent.action.ANY_DATA_STATE apnType=cbs
D/MobileDataStateTracker( 1588): cbs: Received state=DISCONNECTED, old=DISCONNECTED, reason=radioTurnedOff
D/MobileDataStateTracker( 1588): fota: Broadcast received: android.intent.action.ANY_DATA_STATE apnType=fota
D/MobileDataStateTracker( 1588): fota: Received state=DISCONNECTED, old=DISCONNECTED, reason=radioTurnedOff
D/MobileDataStateTracker( 1588): ia: Broadcast received: android.intent.action.ANY_DATA_STATE apnType=ia
D/MobileDataStateTracker( 1588): ia: Received state=DISCONNECTED, old=DISCONNECTED, reason=radioTurnedOff
D/MobileDataStateTracker( 1588): supl: Broadcast received: android.intent.action.ANY_DATA_STATE apnType=supl
D/MobileDataStateTracker( 1588): supl: Received state=DISCONNECTED, old=DISCONNECTED, reason=radioTurnedOff
D/MobileDataStateTracker( 1588): hipri: Broadcast received: android.intent.action.ANY_DATA_STATE apnType=hipri
D/MobileDataStateTracker( 1588): hipri: Received state=DISCONNECTED, old=DISCONNECTED, reason=radioTurnedOff
D/MobileDataStateTracker( 1588): ims: Broadcast received: android.intent.action.ANY_DATA_STATE apnType=ims
D/MobileDataStateTracker( 1588): ims: Received state=DISCONNECTED, old=DISCONNECTED, reason=radioTurnedOff
D/MobileDataStateTracker( 1588): default: Broadcast received: android.intent.action.ANY_DATA_STATE apnType=default
D/MobileDataStateTracker( 1588): default: Received state=DISCONNECTED, old=DISCONNECTED, reason=radioTurnedOff
D/MobileDataStateTracker( 1588): mms: Broadcast received: android.intent.action.ANY_DATA_STATE apnType=mms
D/MobileDataStateTracker( 1588): mms: Received state=DISCONNECTED, old=DISCONNECTED, reason=radioTurnedOff
D/MobileDataStateTracker( 1588): cbs: Broadcast received: android.intent.action.ANY_DATA_STATE apnType=cbs
D/MobileDataStateTracker( 1588): cbs: Received state=DISCONNECTED, old=DISCONNECTED, reason=radioTurnedOff
D/MobileDataStateTracker( 1588): fota: Broadcast received: android.intent.action.ANY_DATA_STATE apnType=fota
D/MobileDataStateTracker( 1588): fota: Received state=DISCONNECTED, old=DISCONNECTED, reason=dataDetached
D/MobileDataStateTracker( 1588): ia: Broadcast received: android.intent.action.ANY_DATA_STATE apnType=ia
D/MobileDataStateTracker( 1588): ia: Received state=DISCONNECTED, old=DISCONNECTED, reason=dataDetached
D/MobileDataStateTracker( 1588): supl: Broadcast received: android.intent.action.ANY_DATA_STATE apnType=supl
D/MobileDataStateTracker( 1588): supl: Received state=DISCONNECTED, old=DISCONNECTED, reason=dataDetached
D/MobileDataStateTracker( 1588): hipri: Broadcast received: android.intent.action.ANY_DATA_STATE apnType=hipri
D/MobileDataStateTracker( 1588): hipri: Received state=DISCONNECTED, old=DISCONNECTED, reason=dataDetached
D/MobileDataStateTracker( 1588): ims: Broadcast received: android.intent.action.ANY_DATA_STATE apnType=ims
D/MobileDataStateTracker( 1588): ims: Received state=DISCONNECTED, old=DISCONNECTED, reason=dataDetached
D/MobileDataStateTracker( 1588): default: Broadcast received: android.intent.action.ANY_DATA_STATE apnType=default
D/MobileDataStateTracker( 1588): default: Received state=DISCONNECTED, old=DISCONNECTED, reason=dataDetached
D/MobileDataStateTracker( 1588): mms: Broadcast received: android.intent.action.ANY_DATA_STATE apnType=mms
I/DownloadManager( 1925): Upgrading downloads database from version 0 to version 109, which will destroy all old data
D/dalvikvm( 1768): GC_CONCURRENT freed 283K, 11% free 2995K/3364K, paused 0ms+1ms, total 2ms
D/MobileDataStateTracker( 1588): mms: Received state=DISCONNECTED, old=DISCONNECTED, reason=dataDetached
D/MobileDataStateTracker( 1588): cbs: Broadcast received: android.intent.action.ANY_DATA_STATE apnType=cbs
D/MobileDataStateTracker( 1588): cbs: Received state=DISCONNECTED, old=DISCONNECTED, reason=dataDetached
D/MobileDataStateTracker( 1588): fota: Broadcast received: android.intent.action.ANY_DATA_STATE apnType=fota
D/MobileDataStateTracker( 1588): fota: Received state=DISCONNECTED, old=DISCONNECTED, reason=roamingOff
D/MobileDataStateTracker( 1588): ia: Broadcast received: android.intent.action.ANY_DATA_STATE apnType=ia
D/MobileDataStateTracker( 1588): ia: Received state=DISCONNECTED, old=DISCONNECTED, reason=roamingOff
D/MobileDataStateTracker( 1588): supl: Broadcast received: android.intent.action.ANY_DATA_STATE apnType=supl
D/MobileDataStateTracker( 1588): supl: Received state=DISCONNECTED, old=DISCONNECTED, reason=roamingOff
D/MobileDataStateTracker( 1588): hipri: Broadcast received: android.intent.action.ANY_DATA_STATE apnType=hipri
D/MobileDataStateTracker( 1588): hipri: Received state=DISCONNECTED, old=DISCONNECTED, reason=roamingOff
D/MobileDataStateTracker( 1588): ims: Broadcast received: android.intent.action.ANY_DATA_STATE apnType=ims
D/MobileDataStateTracker( 1588): ims: Received state=DISCONNECTED, old=DISCONNECTED, reason=roamingOff
D/MobileDataStateTracker( 1588): default: Broadcast received: android.intent.action.ANY_DATA_STATE apnType=default
D/dalvikvm( 1588): GC_CONCURRENT freed 777K, 52% free 5727K/11748K, paused 2ms+2ms, total 14ms
D/TelephonyDebugService( 1768): TelephonyDebugService()
D/MobileDataStateTracker( 1588): default: Received state=DISCONNECTED, old=DISCONNECTED, reason=roamingOff
D/MobileDataStateTracker( 1588): mms: Broadcast received: android.intent.action.ANY_DATA_STATE apnType=mms
D/MobileDataStateTracker( 1588): mms: Received state=DISCONNECTED, old=DISCONNECTED, reason=roamingOff
D/MobileDataStateTracker( 1588): cbs: Broadcast received: android.intent.action.ANY_DATA_STATE apnType=cbs
D/MobileDataStateTracker( 1588): cbs: Received state=DISCONNECTED, old=DISCONNECTED, reason=roamingOff
D/MobileDataStateTracker( 1588): fota: Broadcast received: android.intent.action.ANY_DATA_STATE apnType=fota
D/MobileDataStateTracker( 1588): fota: Received state=DISCONNECTED, old=DISCONNECTED, reason=roamingOff
D/MobileDataStateTracker( 1588): ia: Broadcast received: android.intent.action.ANY_DATA_STATE apnType=ia
D/MobileDataStateTracker( 1588): ia: Received state=DISCONNECTED, old=DISCONNECTED, reason=roamingOff
D/MobileDataStateTracker( 1588): supl: Broadcast received: android.intent.action.ANY_DATA_STATE apnType=supl
D/MobileDataStateTracker( 1588): supl: Received state=DISCONNECTED, old=DISCONNECTED, reason=roamingOff
D/MobileDataStateTracker( 1588): hipri: Broadcast received: android.intent.action.ANY_DATA_STATE apnType=hipri
D/MobileDataStateTracker( 1588): hipri: Received state=DISCONNECTED, old=DISCONNECTED, reason=roamingOff
D/MobileDataStateTracker( 1588): ims: Broadcast received: android.intent.action.ANY_DATA_STATE apnType=ims
D/MobileDataStateTracker( 1588): ims: Received state=DISCONNECTED, old=DISCONNECTED, reason=roamingOff
D/MobileDataStateTracker( 1588): default: Broadcast received: android.intent.action.ANY_DATA_STATE apnType=default
D/MobileDataStateTracker( 1588): default: Received state=DISCONNECTED, old=DISCONNECTED, reason=roamingOff
D/MobileDataStateTracker( 1588): mms: Broadcast received: android.intent.action.ANY_DATA_STATE apnType=mms
D/MobileDataStateTracker( 1588): mms: Received state=DISCONNECTED, old=DISCONNECTED, reason=roamingOff
D/MobileDataStateTracker( 1588): cbs: Broadcast received: android.intent.action.ANY_DATA_STATE apnType=cbs
D/MobileDataStateTracker( 1588): cbs: Received state=DISCONNECTED, old=DISCONNECTED, reason=roamingOff
D/dalvikvm( 1891): GC_CONCURRENT freed 224K, 8% free 3816K/4136K, paused 0ms+0ms, total 2ms
I/PackageManager( 1588):   Action: "android.intent.action.SENDTO"
I/PackageManager( 1588):   Category: "android.intent.category.DEFAULT"
I/PackageManager( 1588):   Scheme: "sms"
I/PackageManager( 1588):   Action: "android.intent.action.SENDTO"
I/PackageManager( 1588):   Category: "android.intent.category.DEFAULT"
I/PackageManager( 1588):   Scheme: "smsto"
I/PackageManager( 1588): Adding preferred activity ComponentInfo{com.android.mms/com.android.mms.ui.ComposeMessageActivity} for user 0 :
I/PackageManager( 1588): Adding preferred activity ComponentInfo{com.android.mms/com.android.mms.ui.ComposeMessageActivity} for user 0 :
D/ActivityThread( 1940): Loading provider com.android.email.provider;com.android.email.notifier: com.android.email.provider.EmailProvider
D/ActivityThread( 1940): Loading provider com.android.email.provider;com.android.email.notifier: com.android.email.provider.EmailProvider
I/PackageManager( 1588):   Action: "android.intent.action.SENDTO"
I/PackageManager( 1588):   Category: "android.intent.category.DEFAULT"
I/PackageManager( 1588):   Scheme: "mms"
I/PackageManager( 1588):   Action: "android.intent.action.SENDTO"
I/PackageManager( 1588):   Category: "android.intent.category.DEFAULT"
I/PackageManager( 1588):   Scheme: "mmsto"
I/PackageManager( 1588):   Action: "android.intent.action.SENDTO"
I/PackageManager( 1588):   Category: "android.intent.category.DEFAULT"
I/PackageManager( 1588):   Scheme: "sms"
D/ActivityThread( 1940): Loading provider com.android.email.provider;com.android.email.notifier: com.android.email.provider.EmailProvider
I/PackageManager( 1588): Adding preferred activity ComponentInfo{com.android.mms/com.android.mms.ui.ComposeMessageActivity} for user 0 :
D/ActivityThread( 1940): Loading provider com.android.email.provider;com.android.email.notifier: com.android.email.provider.EmailProvider
I/PackageManager( 1588): Adding preferred activity ComponentInfo{com.android.mms/com.android.mms.ui.ComposeMessageActivity} for user 0 :
I/PackageManager( 1588): Adding preferred activity ComponentInfo{com.android.mms/com.android.mms.ui.ComposeMessageActivity} for user 0 :
I/PackageManager( 1588):   Action: "android.intent.action.SENDTO"
I/PackageManager( 1588):   Category: "android.intent.category.DEFAULT"
I/PackageManager( 1588):   Scheme: "smsto"
D/dalvikvm( 1768): GC_CONCURRENT freed 319K, 13% free 3088K/3524K, paused 0ms+0ms, total 2ms
D/        ( 1891): HostConnection::get() New Host Connection established 0xb82388a0, tid 1891
I/PackageManager( 1588): Adding preferred activity ComponentInfo{com.android.mms/com.android.mms.ui.ComposeMessageActivity} for user 0 :
I/PackageManager( 1588):   Action: "android.intent.action.SENDTO"
I/PackageManager( 1588):   Category: "android.intent.category.DEFAULT"
I/PackageManager( 1588):   Scheme: "mms"
I/PackageManager( 1588): Adding preferred activity ComponentInfo{com.android.mms/com.android.mms.ui.ComposeMessageActivity} for user 0 :
I/PackageManager( 1588):   Action: "android.intent.action.SENDTO"
I/PackageManager( 1588):   Category: "android.intent.category.DEFAULT"
I/PackageManager( 1588):   Scheme: "mmsto"
D/dalvikvm( 1588): GC_CONCURRENT freed 782K, 52% free 5742K/11748K, paused 1ms+1ms, total 8ms
I/PackageManager( 1588): Adding preferred activity ComponentInfo{com.android.mms/com.android.mms.ui.ComposeMessageActivity} for user 0 :
D/dalvikvm( 1940): GC_CONCURRENT freed 207K, 10% free 2834K/3132K, paused 1ms+0ms, total 2ms
D/EGL_emulation( 1891): eglCreateContext: 0xb82393e0: maj 3 min 0 rcv 3
D/dalvikvm( 1768): GC_CONCURRENT freed 456K, 15% free 3106K/3648K, paused 0ms+0ms, total 3ms
D/MobileDataStateTracker( 1588): fota: Broadcast received: android.intent.action.ANY_DATA_STATE apnType=fota
D/MobileDataStateTracker( 1588): fota: Received state=DISCONNECTED, old=DISCONNECTED, reason=dataAttached
D/MobileDataStateTracker( 1588): ia: Broadcast received: android.intent.action.ANY_DATA_STATE apnType=ia
D/MobileDataStateTracker( 1588): ia: Received state=DISCONNECTED, old=DISCONNECTED, reason=dataAttached
D/MobileDataStateTracker( 1588): supl: Broadcast received: android.intent.action.ANY_DATA_STATE apnType=supl
W/ActivityManager( 1588): Unable to start service Intent { cmp=com.android.email/.service.AttachmentDownloadService } U=0: not found
D/MobileDataStateTracker( 1588): supl: Received state=DISCONNECTED, old=DISCONNECTED, reason=dataAttached
D/MobileDataStateTracker( 1588): hipri: Broadcast received: android.intent.action.ANY_DATA_STATE apnType=hipri
D/MobileDataStateTracker( 1588): hipri: Received state=DISCONNECTED, old=DISCONNECTED, reason=dataAttached
D/MobileDataStateTracker( 1588): ims: Broadcast received: android.intent.action.ANY_DATA_STATE apnType=ims
I/Email   ( 1940): Observing account changes for notifications
D/MobileDataStateTracker( 1588): ims: Received state=DISCONNECTED, old=DISCONNECTED, reason=dataAttached
D/MobileDataStateTracker( 1588): mms: Broadcast received: android.intent.action.ANY_DATA_STATE apnType=mms
D/MobileDataStateTracker( 1588): mms: Received state=DISCONNECTED, old=DISCONNECTED, reason=dataAttached
D/MobileDataStateTracker( 1588): cbs: Broadcast received: android.intent.action.ANY_DATA_STATE apnType=cbs
W/ActivityManager( 1588): Unable to start service Intent { cmp=com.android.email/.service.AttachmentDownloadService } U=0: not found
D/MobileDataStateTracker( 1588): cbs: Received state=DISCONNECTED, old=DISCONNECTED, reason=dataAttached
D/MobileDataStateTracker( 1588): fota: Broadcast received: android.intent.action.ANY_DATA_STATE apnType=fota
D/MobileDataStateTracker( 1588): fota: Received state=DISCONNECTED, old=DISCONNECTED, reason=dataAttached
D/MobileDataStateTracker( 1588): ia: Broadcast received: android.intent.action.ANY_DATA_STATE apnType=ia
D/MobileDataStateTracker( 1588): ia: Received state=DISCONNECTED, old=DISCONNECTED, reason=dataAttached
D/MobileDataStateTracker( 1588): supl: Broadcast received: android.intent.action.ANY_DATA_STATE apnType=supl
D/MobileDataStateTracker( 1588): supl: Received state=DISCONNECTED, old=DISCONNECTED, reason=dataAttached
D/MobileDataStateTracker( 1588): hipri: Broadcast received: android.intent.action.ANY_DATA_STATE apnType=hipri
D/MobileDataStateTracker( 1588): hipri: Received state=DISCONNECTED, old=DISCONNECTED, reason=dataAttached
D/MobileDataStateTracker( 1588): ims: Broadcast received: android.intent.action.ANY_DATA_STATE apnType=ims
D/MobileDataStateTracker( 1588): ims: Received state=DISCONNECTED, old=DISCONNECTED, reason=dataAttached
D/MobileDataStateTracker( 1588): mms: Broadcast received: android.intent.action.ANY_DATA_STATE apnType=mms
D/MobileDataStateTracker( 1588): mms: Received state=DISCONNECTED, old=DISCONNECTED, reason=dataAttached
D/MobileDataStateTracker( 1588): cbs: Broadcast received: android.intent.action.ANY_DATA_STATE apnType=cbs
D/MobileDataStateTracker( 1588): cbs: Received state=DISCONNECTED, old=DISCONNECTED, reason=dataAttached
W/ActivityManager( 1588): Unable to start service Intent { cmp=com.android.email/.service.AttachmentDownloadService } U=0: not found
W/ActivityManager( 1588): Unable to start service Intent { cmp=com.android.email/.service.AttachmentDownloadService } U=0: not found
W/ActivityManager( 1588): Unable to start service Intent { cmp=com.android.email/.service.AttachmentDownloadService } U=0: not found
D/MccTable( 1768): updateMccMncConfiguration: mcc=310, mnc=260
D/MccTable( 1768): getLocaleFromMcc to en_us mcc=310
D/MccTable( 1768): getLocaleForLanguageCountry: got match
D/MccTable( 1768): getLocaleForLanguageCountry: X locale=en_US
D/MccTable( 1768): WIFI_COUNTRY_CODE set to us
I/WifiService( 1588): WifiService trying to set country code to us with persist set to true
D/MccTable( 1768): updateMccMncConfiguration updateConfig config={1.0 310mcc260mnc en_US ldltr ?swdp ?wdp ?hdp ?density ?lsize ?long ?orien ?uimode ?night ?touch ?keyb/?/? ?nav/?}
I/ActivityManager( 1588): Config changes=3 {1.0 310mcc260mnc en_US ldltr sw320dp w320dp h615dp 160dpi nrml long port finger -keyb/v/h tball/v s.7}
D/EGL_emulation( 1891): eglMakeCurrent: 0xb82393e0: ver 3 0
D/PermissionCache( 1173): checking android.permission.READ_FRAME_BUFFER for uid=1000 => granted (62 us)
E/eglCodecCommon( 1891): glUtilsParamSize: unknow param 0x00008cdf
E/eglCodecCommon( 1891): glUtilsParamSize: unknow param 0x00008824
D/gralloc_ranchu( 1173): gralloc_alloc: Creating ashmem region of size 819200
D/OpenGLRenderer( 1891): Enabling debug mode 0
D/dalvikvm( 1891): GC_FOR_ALLOC freed 39K, 8% free 3845K/4136K, paused 3ms, total 3ms
I/dalvikvm-heap( 1891): Grow heap (frag case) to 4.588MB for 787212-byte allocation
D/dalvikvm( 1891): GC_CONCURRENT freed 3K, 7% free 4610K/4908K, paused 2ms+0ms, total 3ms
D/dalvikvm( 1891): WAIT_FOR_CONCURRENT_GC blocked 1ms
D/PhoneStatusBar( 1665): mSettingsPanelGravity = 55
D/MccTable( 1768): updateMccMncConfiguration: mcc=310, mnc=260
D/MccTable( 1768): getLocaleFromMcc to en_us mcc=310
D/MccTable( 1768): getLocaleForLanguageCountry: skipping already persisted
D/MccTable( 1768): getLocaleForLanguageCountry: X locale=null
D/MccTable( 1768): WIFI_COUNTRY_CODE set to us
I/WifiService( 1588): WifiService trying to set country code to us with persist set to true
D/MccTable( 1768): updateMccMncConfiguration updateConfig config={1.0 310mcc260mnc ?locale ?layoutDir ?swdp ?wdp ?hdp ?density ?lsize ?long ?orien ?uimode ?night ?touch ?keyb/?/? ?nav/?}
D/dalvikvm( 1768): GC_CONCURRENT freed 327K, 13% free 3193K/3648K, paused 0ms+0ms, total 2ms
D/dalvikvm( 1768): GC_CONCURRENT freed 352K, 12% free 3266K/3704K, paused 2ms+2ms, total 5ms
D/dalvikvm( 1588): GC_CONCURRENT freed 618K, 51% free 5799K/11748K, paused 2ms+1ms, total 7ms
D/dalvikvm( 1588): WAIT_FOR_CONCURRENT_GC blocked 4ms
D/MobileDataStateTracker( 1588): fota: Broadcast received: android.intent.action.ANY_DATA_STATE apnType=fota
D/MobileDataStateTracker( 1588): fota: Received state=DISCONNECTED, old=DISCONNECTED, reason=simLoaded
D/MobileDataStateTracker( 1588): ia: Broadcast received: android.intent.action.ANY_DATA_STATE apnType=ia
D/MobileDataStateTracker( 1588): ia: Received state=DISCONNECTED, old=DISCONNECTED, reason=simLoaded
D/MobileDataStateTracker( 1588): supl: Broadcast received: android.intent.action.ANY_DATA_STATE apnType=supl
D/MobileDataStateTracker( 1588): supl: Received state=DISCONNECTED, old=DISCONNECTED, reason=simLoaded
D/MobileDataStateTracker( 1588): hipri: Broadcast received: android.intent.action.ANY_DATA_STATE apnType=hipri
D/MobileDataStateTracker( 1588): hipri: Received state=DISCONNECTED, old=DISCONNECTED, reason=simLoaded
D/MobileDataStateTracker( 1588): ims: Broadcast received: android.intent.action.ANY_DATA_STATE apnType=ims
D/MobileDataStateTracker( 1588): ims: Received state=DISCONNECTED, old=DISCONNECTED, reason=simLoaded
D/MobileDataStateTracker( 1588): mms: Broadcast received: android.intent.action.ANY_DATA_STATE apnType=mms
D/MobileDataStateTracker( 1588): mms: Received state=DISCONNECTED, old=DISCONNECTED, reason=simLoaded
D/MobileDataStateTracker( 1588): cbs: Broadcast received: android.intent.action.ANY_DATA_STATE apnType=cbs
D/MobileDataStateTracker( 1588): cbs: Received state=DISCONNECTED, old=DISCONNECTED, reason=simLoaded
D/MobileDataStateTracker( 1588): default: Broadcast received: android.intent.action.ANY_DATA_STATE apnType=default
D/MobileDataStateTracker( 1588): default: Received state=CONNECTING, old=DISCONNECTED, reason=simLoaded
D/MobileDataStateTracker( 1588): default: setDetailed state, old =IDLE and new state=CONNECTING
D/MobileDataStateTracker( 1588): fota: Broadcast received: android.intent.action.ANY_DATA_STATE apnType=fota
D/MobileDataStateTracker( 1588): fota: Received state=DISCONNECTED, old=DISCONNECTED, reason=simLoaded
D/dalvikvm( 1768): GC_CONCURRENT freed 522K, 16% free 3242K/3848K, paused 1ms+2ms, total 4ms
D/MobileDataStateTracker( 1588): ia: Broadcast received: android.intent.action.ANY_DATA_STATE apnType=ia
D/MobileDataStateTracker( 1588): ia: Received state=DISCONNECTED, old=DISCONNECTED, reason=simLoaded
D/MobileDataStateTracker( 1588): supl: Broadcast received: android.intent.action.ANY_DATA_STATE apnType=supl
D/MobileDataStateTracker( 1588): supl: Received state=DISCONNECTED, old=DISCONNECTED, reason=simLoaded
D/MobileDataStateTracker( 1588): hipri: Broadcast received: android.intent.action.ANY_DATA_STATE apnType=hipri
D/MobileDataStateTracker( 1588): hipri: Received state=DISCONNECTED, old=DISCONNECTED, reason=simLoaded
D/MobileDataStateTracker( 1588): ims: Broadcast received: android.intent.action.ANY_DATA_STATE apnType=ims
D/MobileDataStateTracker( 1588): ims: Received state=DISCONNECTED, old=DISCONNECTED, reason=simLoaded
D/MobileDataStateTracker( 1588): mms: Broadcast received: android.intent.action.ANY_DATA_STATE apnType=mms
D/MobileDataStateTracker( 1588): mms: Received state=DISCONNECTED, old=DISCONNECTED, reason=simLoaded
D/MobileDataStateTracker( 1588): cbs: Broadcast received: android.intent.action.ANY_DATA_STATE apnType=cbs
D/MobileDataStateTracker( 1588): cbs: Received state=DISCONNECTED, old=DISCONNECTED, reason=simLoaded
D/MobileDataStateTracker( 1588): default: Broadcast received: android.intent.action.ANY_DATA_STATE apnType=default
D/MobileDataStateTracker( 1588): default: Received state=CONNECTED, old=CONNECTING, reason=connected
D/MobileDataStateTracker( 1588): default: setDetailed state, old =CONNECTING and new state=CONNECTED
D/ConnectivityService( 1588): ConnectivityChange for mobile: CONNECTED/CONNECTED
D/ConnectivityService( 1588): ConnectivityChange checkMobileProvisioning for TYPE_MOBILE or ProvisioningNetwork
D/ConnectivityService( 1588): checkMobileProvisioning: E suggestedTimeOutMs=60000
D/ConnectivityService( 1588): setProvNotificationVisible: E visible=false networkType=5 extraInfo=null url=null
D/ConnectivityService( 1588): checkMobileProvisioning: params={ url=http://clients3.google.com/generate_204 mTimeOutMs=60000 mCb=com.android.server.ConnectivityService$5@b016e8c0}
D/ConnectivityService( 1588): checkMobileProvisioning: X
D/MobileDataStateTracker( 1588): default: isProvisioningNetwork: retVal=false
D/ConnectivityService( 1588): [CheckMp] isMobileOk: isDefaultProvisioning=false
D/MobileDataStateTracker( 1588): hipri: isProvisioningNetwork: retVal=false
D/ConnectivityService( 1588): [CheckMp] isMobileOk: isHipriProvisioning=false
D/ConnectivityService( 1588): [CheckMp] isMobileOk: start hipri url=http://clients3.google.com/generate_204
D/Nat464Xlat( 1588): requiresClat: netType=0, hasIPv4Address=true
D/dalvikvm( 1588): GC_CONCURRENT freed 749K, 52% free 5725K/11748K, paused 1ms+1ms, total 6ms
D/ConnectivityService( 1588): startUsingNetworkFeature reconnecting to 0: enableHIPRI
D/ConnectivityService( 1588): startUsingNetworkFeature X: return APN_REQUEST_STARTED
D/ConnectivityService( 1588): [CheckMp] isMobileOk: hipri started
D/ConnectivityService( 1588): [CheckMp] isMobileOk: not connected ni=NetworkInfo: type: mobile_hipri[LTE], state: DISCONNECTED/IDLE, reason: (unspecified), extra: (none), roaming: false, failover: false, isAvailable: true, isConnectedToProvisioningNetwork: false
D/MobileDataStateTracker( 1588): hipri: Broadcast received: android.intent.action.ANY_DATA_STATE apnType=hipri
D/MobileDataStateTracker( 1588): hipri: Received state=CONNECTING, old=DISCONNECTED, reason=dataEnabled
D/MobileDataStateTracker( 1588): hipri: setDetailed state, old =IDLE and new state=CONNECTING
D/MobileDataStateTracker( 1588): fota: Broadcast received: android.intent.action.ANY_DATA_STATE apnType=fota
D/MobileDataStateTracker( 1588): fota: Received state=DISCONNECTED, old=DISCONNECTED, reason=dataEnabled
D/MobileDataStateTracker( 1588): ia: Broadcast received: android.intent.action.ANY_DATA_STATE apnType=ia
D/MobileDataStateTracker( 1588): ia: Received state=DISCONNECTED, old=DISCONNECTED, reason=dataEnabled
D/MobileDataStateTracker( 1588): supl: Broadcast received: android.intent.action.ANY_DATA_STATE apnType=supl
D/MobileDataStateTracker( 1588): supl: Received state=DISCONNECTED, old=DISCONNECTED, reason=dataEnabled
D/MobileDataStateTracker( 1588): ims: Broadcast received: android.intent.action.ANY_DATA_STATE apnType=ims
D/MobileDataStateTracker( 1588): ims: Received state=DISCONNECTED, old=DISCONNECTED, reason=dataEnabled
D/MobileDataStateTracker( 1588): mms: Broadcast received: android.intent.action.ANY_DATA_STATE apnType=mms
D/MobileDataStateTracker( 1588): mms: Received state=DISCONNECTED, old=DISCONNECTED, reason=dataEnabled
D/MobileDataStateTracker( 1588): cbs: Broadcast received: android.intent.action.ANY_DATA_STATE apnType=cbs
D/MobileDataStateTracker( 1588): cbs: Received state=DISCONNECTED, old=DISCONNECTED, reason=dataEnabled
D/MobileDataStateTracker( 1588): hipri: Broadcast received: android.intent.action.ANY_DATA_STATE apnType=hipri
D/MobileDataStateTracker( 1588): hipri: Received state=CONNECTED, old=CONNECTING, reason=dataEnabled
D/MobileDataStateTracker( 1588): hipri: setDetailed state, old =CONNECTING and new state=CONNECTED
D/ConnectivityService( 1588): ConnectivityChange for mobile_hipri: CONNECTED/CONNECTED
V/RenderScript( 1891): 0xb82869a0 Launching thread(s), CPUs 4
D/Nat464Xlat( 1588): requiresClat: netType=5, hasIPv4Address=true
D/dalvikvm( 1891): GC_FOR_ALLOC freed 779K, 22% free 3884K/4952K, paused 2ms, total 2ms
I/dalvikvm-heap( 1891): Grow heap (frag case) to 4.626MB for 787212-byte allocation
D/dalvikvm( 1891): GC_FOR_ALLOC freed <1K, 7% free 4652K/4952K, paused 1ms, total 1ms
D/dalvikvm( 1891): GC_CONCURRENT freed 4K, 7% free 4647K/4952K, paused 1ms+0ms, total 3ms
D/Launcher.Model( 1891): going to save icon bitmap for info=ShortcutInfo(title=Messagingintent=Intent { act=android.intent.action.MAIN cat=[android.intent.category.LAUNCHER] flg=0x10200000 cmp=com.android.mms/.ui.ConversationList }id=10 type=0 container=-101 screen=3 cellX=3 cellY=0 spanX=1 spanY=1 dropPos=null)
D/Launcher.Model( 1891): going to save icon bitmap for info=ShortcutInfo(title=Browserintent=Intent { act=android.intent.action.MAIN cat=[android.intent.category.LAUNCHER] flg=0x10200000 cmp=com.android.browser/.BrowserActivity }id=12 type=0 container=-101 screen=4 cellX=4 cellY=0 spanX=1 spanY=1 dropPos=null)
D/Launcher.Model( 1891): going to save icon bitmap for info=ShortcutInfo(title=Peopleintent=Intent { act=android.intent.action.MAIN cat=[android.intent.category.LAUNCHER] flg=0x10200000 cmp=com.android.contacts/.activities.PeopleActivity }id=8 type=0 container=-101 screen=1 cellX=1 cellY=0 spanX=1 spanY=1 dropPos=null)
D/gralloc_ranchu( 1173): gralloc_alloc: Creating ashmem region of size 192512
D/Launcher.Model( 1891): going to save icon bitmap for info=ShortcutInfo(title=Phoneintent=Intent { act=android.intent.action.MAIN cat=[android.intent.category.LAUNCHER] flg=0x10200000 cmp=com.android.dialer/.DialtactsActivity }id=6 type=0 container=-101 screen=0 cellX=0 cellY=0 spanX=1 spanY=1 dropPos=null)
D/Launcher.Model( 1891): going to save icon bitmap for info=ShortcutInfo(title=Settingsintent=Intent { act=android.intent.action.MAIN cat=[android.intent.category.LAUNCHER] flg=0x10200000 cmp=com.android.settings/.Settings }id=4 type=0 container=-100 screen=3 cellX=2 cellY=3 spanX=1 spanY=1 dropPos=null)
I/SurfaceFlinger( 1173): Boot is finished (5229 ms)
D/Launcher.Model( 1891): Reload apps on config change. curr_mcc:310 prevmcc:0
D/dalvikvm( 1891): GC_CONCURRENT freed 1167K, 24% free 4072K/5320K, paused 0ms+0ms, total 3ms
D/EGL_emulation( 1891): eglMakeCurrent: 0xb82393e0: ver 3 0
D/dalvikvm( 1891): GC_FOR_ALLOC freed 48K, 24% free 4066K/5320K, paused 2ms, total 2ms
I/dalvikvm-heap( 1891): Grow heap (frag case) to 4.805MB for 787212-byte allocation
D/dalvikvm( 1891): GC_FOR_ALLOC freed <1K, 10% free 4834K/5320K, paused 1ms, total 1ms
D/dalvikvm( 1891): GC_CONCURRENT freed 3K, 9% free 4874K/5320K, paused 2ms+0ms, total 4ms
I/ActivityManager( 1588): Displayed com.android.launcher/com.android.launcher2.Launcher: +1s223ms (total +1s692ms)
D/dalvikvm( 1891): GC_FOR_ALLOC freed 58K, 10% free 4824K/5320K, paused 1ms, total 1ms
I/dalvikvm-heap( 1891): Grow heap (frag case) to 5.544MB for 787212-byte allocation
I/WindowManager( 1588): Screen frozen for +515ms due to Window{afc932e0 u0 com.android.launcher/com.android.launcher2.Launcher}
D/dalvikvm( 1891): GC_FOR_ALLOC freed <1K, 9% free 5593K/6092K, paused 3ms, total 3ms
D/dalvikvm( 1891): GC_CONCURRENT freed 2K, 9% free 5590K/6092K, paused 1ms+0ms, total 3ms
D/gralloc_ranchu( 1173): gralloc_alloc: Creating ashmem region of size 192512
D/dalvikvm( 1891): GC_FOR_ALLOC freed 780K, 19% free 5319K/6548K, paused 2ms, total 2ms
D/dalvikvm( 1891): GC_CONCURRENT freed 346K, 12% free 5814K/6548K, paused 0ms+1ms, total 3ms
D/MobileDataStateTracker( 1588): hipri: isProvisioningNetwork: retVal=false
D/ConnectivityService( 1588): [CheckMp] isMobileOk: isProvisioningNetwork is false, continue
D/ConnectivityService( 1588): [CheckMp] isMobileOk: addresses=clients3.google.com/74.125.68.101,clients3.google.com/74.125.68.138,clients3.google.com/74.125.68.139,clients3.google.com/74.125.68.100,clients3.google.com/74.125.68.113,clients3.google.com/74.125.68.102,clients3.google.com/2404:6800:4003:c00::8b,clients3.google.com/2404:6800:4003:c00::8a,clients3.google.com/2404:6800:4003:c00::66,clients3.google.com/2404:6800:4003:c00::64
D/ConnectivityService( 1588): [CheckMp] isMobileOk: linkHasIpv4=true linkHasIpv6=false
D/ConnectivityService( 1588): requestRouteToHostAddress ok=true
D/ConnectivityService( 1588): [CheckMp] isMobileOk: wait to establish route to hostAddr=clients3.google.com/74.125.68.102
D/dalvikvm( 1588): GC_EXPLICIT freed 280K, 52% free 5725K/11748K, paused 1ms+0ms, total 8ms
D/Tethering( 1588): MasterInitialState.processMessage what=3
D/CaptivePortalTracker( 1588): NoActiveNetworkState{ when=0 what=1 obj=NetworkInfo: type: mobile[LTE], state: CONNECTED/CONNECTED, reason: connected, extra: epc.tmobile.com, roaming: false, failover: false, isAvailable: true, isConnectedToProvisioningNetwork: false target=com.android.internal.util.StateMachine$SmHandler }
D/CaptivePortalTracker( 1588): NoActiveNetworkState not a wifi connectivity change, ignore
D/GpsLocationProvider( 1588): NTP server returned: 1687857611341 (Tue Jun 27 09:20:11 UTC 2023) reference: 9373 certainty: 1 system time offset: 590
D/Tethering( 1588): MasterInitialState.processMessage what=3
D/CaptivePortalTracker( 1588): NoActiveNetworkState{ when=0 what=1 obj=NetworkInfo: type: mobile_hipri[LTE], state: CONNECTED/CONNECTED, reason: dataEnabled, extra: epc.tmobile.com, roaming: false, failover: false, isAvailable: true, isConnectedToProvisioningNetwork: false target=com.android.internal.util.StateMachine$SmHandler }
