D/dalvikvm( 1588): WAIT_FOR_CONCURRENT_GC blocked 2ms
D/dalvikvm( 1588): GC_CONCURRENT freed 843K, 70% free 3571K/11748K, paused 0ms+1ms, total 3ms
D/dalvikvm( 1588): GC_CONCURRENT freed 244K, 68% free 3786K/11748K, paused 1ms+0ms, total 3ms
I/PackageManager( 1588): /system/priv-app/ProxyHandler.apk changed; collecting certs
I/PackageManager( 1588): /system/priv-app/Settings.apk changed; collecting certs
D/dalvikvm( 1588): GC_CONCURRENT freed 294K, 67% free 3981K/11748K, paused 0ms+2ms, total 4ms
D/dalvikvm( 1588): GC_CONCURRENT freed 708K, 68% free 3780K/11748K, paused 0ms+0ms, total 3ms
D/dalvikvm( 1588): WAIT_FOR_CONCURRENT_GC blocked 3ms
D/dalvikvm( 1588): GC_CONCURRENT freed 395K, 68% free 3859K/11748K, paused 0ms+0ms, total 3ms
D/dalvikvm( 1588): WAIT_FOR_CONCURRENT_GC blocked 2ms
D/dalvikvm( 1588): GC_CONCURRENT freed 308K, 66% free 4023K/11748K, paused 0ms+2ms, total 4ms
D/dalvikvm( 1588): GC_CONCURRENT freed 140K, 63% free 4378K/11748K, paused 0ms+0ms, total 3ms
D/dalvikvm( 1588): GC_CONCURRENT freed 340K, 62% free 4522K/11748K, paused 0ms+1ms, total 4ms
I/PackageManager( 1588): /system/priv-app/SettingsProvider.apk changed; collecting certs
D/dalvikvm( 1588): GC_CONCURRENT freed 430K, 62% free 4549K/11748K, paused 0ms+2ms, total 4ms
I/PackageManager( 1588): /system/priv-app/SharedStorageBackup.apk changed; collecting certs
I/PackageManager( 1588): /system/priv-app/Shell.apk changed; collecting certs
I/PackageManager( 1588): /system/priv-app/SystemUI.apk changed; collecting certs
D/dalvikvm( 1588): GC_CONCURRENT freed 1364K, 69% free 3673K/11748K, paused 1ms+1ms, total 5ms
D/dalvikvm( 1588): GC_CONCURRENT freed 315K, 68% free 3862K/11748K, paused 0ms+1ms, total 3ms
D/dalvikvm( 1588): WAIT_FOR_CONCURRENT_GC blocked 2ms
D/dalvikvm( 1588): GC_CONCURRENT freed 423K, 68% free 3845K/11748K, paused 0ms+0ms, total 2ms
D/dalvikvm( 1588): WAIT_FOR_CONCURRENT_GC blocked 2ms
D/dalvikvm( 1588): GC_CONCURRENT freed 268K, 66% free 4048K/11748K, paused 0ms+2ms, total 4ms
D/dalvikvm( 1588): GC_CONCURRENT freed 202K, 64% free 4342K/11748K, paused 1ms+0ms, total 3ms
D/dalvikvm( 1588): GC_CONCURRENT freed 271K, 62% free 4547K/11748K, paused 0ms+0ms, total 3ms
I/PackageManager( 1588): /system/priv-app/TeleService.apk changed; collecting certs
D/dalvikvm( 1588): GC_CONCURRENT freed 455K, 61% free 4582K/11748K, paused 1ms+1ms, total 4ms
I/PackageManager( 1588): /system/priv-app/VpnDialogs.apk changed; collecting certs
D/dalvikvm( 1588): GC_CONCURRENT freed 1275K, 68% free 3809K/11748K, paused 0ms+1ms, total 4ms
I/PackageManager( 1588): /system/app/BasicDreams.apk changed; collecting certs
I/PackageManager( 1588): /system/app/Browser.apk changed; collecting certs
D/dalvikvm( 1588): GC_CONCURRENT freed 542K, 68% free 3774K/11748K, paused 1ms+0ms, total 4ms
D/dalvikvm( 1588): WAIT_FOR_CONCURRENT_GC blocked 2ms
D/dalvikvm( 1588): GC_CONCURRENT freed 407K, 68% free 3843K/11748K, paused 0ms+1ms, total 5ms
D/dalvikvm( 1588): GC_CONCURRENT freed 241K, 66% free 4068K/11748K, paused 0ms+2ms, total 4ms
I/PackageManager( 1588): /system/app/Calculator.apk changed; collecting certs
I/PackageManager( 1588): /system/app/Calendar.apk changed; collecting certs
D/dalvikvm( 1588): GC_CONCURRENT freed 348K, 65% free 4198K/11748K, paused 0ms+2ms, total 4ms
D/dalvikvm( 1588): GC_CONCURRENT freed 864K, 68% free 3820K/11748K, paused 2ms+0ms, total 5ms
D/dalvikvm( 1588): WAIT_FOR_CONCURRENT_GC blocked 3ms
D/dalvikvm( 1588): GC_CONCURRENT freed 206K, 66% free 4090K/11748K, paused 0ms+2ms, total 4ms
D/dalvikvm( 1588): GC_CONCURRENT freed 272K, 64% free 4286K/11748K, paused 0ms+1ms, total 4ms
I/PackageManager( 1588): /system/app/CertInstaller.apk changed; collecting certs
I/PackageManager( 1588): /system/app/ConnectivityTest.apk changed; collecting certs
I/PackageManager( 1588): /system/app/CustomLocale.apk changed; collecting certs
D/dalvikvm( 1588): GC_CONCURRENT freed 447K, 64% free 4300K/11748K, paused 1ms+1ms, total 3ms
I/PackageManager( 1588): /system/app/DeskClock.apk changed; collecting certs
D/dalvikvm( 1588): GC_CONCURRENT freed 908K, 68% free 3836K/11748K, paused 1ms+0ms, total 5ms
D/dalvikvm( 1588): WAIT_FOR_CONCURRENT_GC blocked 4ms
D/dalvikvm( 1588): GC_CONCURRENT freed 373K, 67% free 3957K/11748K, paused 1ms+0ms, total 3ms
D/dalvikvm( 1588): WAIT_FOR_CONCURRENT_GC blocked 2ms
D/dalvikvm( 1588): GC_CONCURRENT freed 203K, 64% free 4230K/11748K, paused 0ms+2ms, total 4ms
D/dalvikvm( 1588): GC_CONCURRENT freed 292K, 63% free 4418K/11748K, paused 0ms+2ms, total 4ms
I/PackageManager( 1588): /system/app/Development.apk changed; collecting certs
D/dalvikvm( 1588): GC_CONCURRENT freed 376K, 62% free 4492K/11748K, paused 0ms+2ms, total 4ms
I/PackageManager( 1588): /system/app/DevelopmentSettings.apk changed; collecting certs
I/PackageManager( 1588): /system/app/DocumentsUI.apk changed; collecting certs
D/dalvikvm( 1588): GC_CONCURRENT freed 1170K, 68% free 3833K/11748K, paused 1ms+0ms, total 4ms
D/dalvikvm( 1588): WAIT_FOR_CONCURRENT_GC blocked 2ms
I/PackageManager( 1588): /system/app/DownloadProviderUi.apk changed; collecting certs
D/dalvikvm( 1588): GC_CONCURRENT freed 394K, 67% free 3943K/11748K, paused 0ms+0ms, total 3ms
I/PackageManager( 1588): /system/app/Email.apk changed; collecting certs
D/dalvikvm( 1588): GC_CONCURRENT freed 502K, 67% free 3923K/11748K, paused 1ms+1ms, total 3ms
D/dalvikvm( 1588): WAIT_FOR_CONCURRENT_GC blocked 2ms
D/dalvikvm( 1588): GC_CONCURRENT freed 380K, 66% free 4050K/11748K, paused 0ms+0ms, total 3ms
D/dalvikvm( 1588): WAIT_FOR_CONCURRENT_GC blocked 3ms
D/dalvikvm( 1588): GC_CONCURRENT freed 410K, 65% free 4119K/11748K, paused 0ms+0ms, total 3ms
D/dalvikvm( 1588): GC_CONCURRENT freed 136K, 63% free 4439K/11748K, paused 1ms+0ms, total 4ms
D/dalvikvm( 1588): WAIT_FOR_CONCURRENT_GC blocked 2ms
D/dalvikvm( 1588): GC_CONCURRENT freed 293K, 61% free 4599K/11748K, paused 0ms+1ms, total 4ms
I/PackageManager( 1588): /system/app/Exchange2.apk changed; collecting certs
I/PackageManager( 1588): /system/app/Fallback.apk changed; collecting certs
D/dalvikvm( 1588): GC_CONCURRENT freed 439K, 61% free 4618K/11748K, paused 0ms+1ms, total 3ms
I/PackageManager( 1588): /system/app/Gallery.apk changed; collecting certs
D/dalvikvm( 1588): GC_CONCURRENT freed 1147K, 67% free 3948K/11748K, paused 1ms+2ms, total 6ms
I/PackageManager( 1588): /system/app/GpsLocationTest.apk changed; collecting certs
I/PackageManager( 1588): /system/app/HTMLViewer.apk changed; collecting certs
I/PackageManager( 1588): /system/app/KeyChain.apk changed; collecting certs
D/dalvikvm( 1588): GC_CONCURRENT freed 404K, 66% free 4009K/11748K, paused 0ms+2ms, total 4ms
I/PackageManager( 1588): /system/app/LatinIME.apk changed; collecting certs
D/dalvikvm( 1588): GC_CONCURRENT freed 435K, 66% free 4038K/11748K, paused 0ms+1ms, total 3ms
D/dalvikvm( 1588): WAIT_FOR_CONCURRENT_GC blocked 3ms
D/dalvikvm( 1588): GC_CONCURRENT freed 364K, 65% free 4121K/11748K, paused 1ms+0ms, total 4ms
D/dalvikvm( 1588): WAIT_FOR_CONCURRENT_GC blocked 3ms
D/dalvikvm( 1588): GC_CONCURRENT freed 402K, 65% free 4199K/11748K, paused 0ms+1ms, total 5ms
D/dalvikvm( 1588): GC_CONCURRENT freed 143K, 62% free 4533K/11748K, paused 0ms+0ms, total 3ms
D/dalvikvm( 1588): WAIT_FOR_CONCURRENT_GC blocked 1ms
D/dalvikvm( 1588): GC_CONCURRENT freed 304K, 60% free 4706K/11748K, paused 1ms+2ms, total 5ms
I/PackageManager( 1588): /system/app/LegacyCamera.apk changed; collecting certs
D/dalvikvm( 1588): GC_CONCURRENT freed 406K, 60% free 4801K/11748K, paused 0ms+1ms, total 4ms
D/dalvikvm( 1588): WAIT_FOR_CONCURRENT_GC blocked 3ms
D/dalvikvm( 1588): GC_FOR_ALLOC freed 1199K, 66% free 4105K/11748K, paused 3ms, total 3ms
D/dalvikvm( 1588): GC_CONCURRENT freed 387K, 65% free 4148K/11748K, paused 0ms+1ms, total 3ms
D/dalvikvm( 1588): GC_CONCURRENT freed 138K, 62% free 4475K/11748K, paused 1ms+0ms, total 4ms
D/dalvikvm( 1588): WAIT_FOR_CONCURRENT_GC blocked 2ms
D/dalvikvm( 1588): GC_CONCURRENT freed 294K, 61% free 4656K/11748K, paused 1ms+2ms, total 5ms
I/PackageManager( 1588): /system/app/LiveWallpapersPicker.apk changed; collecting certs
I/PackageManager( 1588): /system/app/Music.apk changed; collecting certs
D/dalvikvm( 1588): GC_CONCURRENT freed 456K, 61% free 4689K/11748K, paused 1ms+1ms, total 4ms
D/dalvikvm( 1588): WAIT_FOR_CONCURRENT_GC blocked 2ms
D/dalvikvm( 1588): GC_CONCURRENT freed 1095K, 66% free 4060K/11748K, paused 0ms+1ms, total 4ms
I/PackageManager( 1588): /system/app/NetSpeed.apk changed; collecting certs
I/PackageManager( 1588): /system/app/OpenWnn.apk changed; collecting certs
D/dalvikvm( 1588): GC_CONCURRENT freed 328K, 64% free 4239K/11748K, paused 0ms+1ms, total 3ms
D/dalvikvm( 1588): WAIT_FOR_CONCURRENT_GC blocked 2ms
D/dalvikvm( 1588): GC_CONCURRENT freed 581K, 65% free 4169K/11748K, paused 1ms+0ms, total 5ms
D/dalvikvm( 1588): WAIT_FOR_CONCURRENT_GC blocked 2ms
D/dalvikvm( 1588): GC_CONCURRENT freed 249K, 63% free 4407K/11748K, paused 0ms+1ms, total 3ms
I/PackageManager( 1588): /system/app/PacProcessor.apk changed; collecting certs
I/PackageManager( 1588): /system/app/PackageInstaller.apk changed; collecting certs
D/dalvikvm( 1588): GC_CONCURRENT freed 396K, 63% free 4459K/11748K, paused 0ms+2ms, total 4ms
I/PackageManager( 1588): /system/app/PicoTts.apk changed; collecting certs
I/PackageManager( 1588): /system/app/PinyinIME.apk changed; collecting certs
D/dalvikvm( 1588): GC_CONCURRENT freed 972K, 66% free 3999K/11748K, paused 1ms+0ms, total 5ms
D/dalvikvm( 1588): WAIT_FOR_CONCURRENT_GC blocked 2ms
I/PackageManager( 1588): /system/app/PrintSpooler.apk changed; collecting certs
I/PackageManager( 1588): /system/app/Protips.apk changed; collecting certs
D/dalvikvm( 1588): GC_CONCURRENT freed 406K, 66% free 4061K/11748K, paused 0ms+2ms, total 4ms
I/PackageManager( 1588): /system/app/QuickSearchBox.apk changed; collecting certs
D/dalvikvm( 1588): GC_CONCURRENT freed 473K, 66% free 4099K/11748K, paused 0ms+1ms, total 3ms
D/dalvikvm( 1588): WAIT_FOR_CONCURRENT_GC blocked 2ms
I/PackageManager( 1588): /system/app/SdkSetup.apk changed; collecting certs
D/dalvikvm( 1588): GC_CONCURRENT freed 383K, 65% free 4201K/11748K, paused 0ms+1ms, total 5ms
I/PackageManager( 1588): /system/app/SoundRecorder.apk changed; collecting certs
I/PackageManager( 1588): /system/app/SpeechRecorder.apk changed; collecting certs
I/PackageManager( 1588): /system/app/TelephonyProvider.apk changed; collecting certs
D/dalvikvm( 1588): GC_CONCURRENT freed 436K, 64% free 4254K/11748K, paused 0ms+0ms, total 4ms
I/PackageManager( 1588): /system/app/UserDictionaryProvider.apk changed; collecting certs
D/PackageManager( 1588): No files in app dir /vendor/app
D/dalvikvm( 1588): GC_CONCURRENT freed 546K, 65% free 4181K/11748K, paused 0ms+1ms, total 5ms
I/PackageManager( 1588): /data/app/ApiDemos.apk changed; collecting certs
W/PackageParser( 1588): No actions in intent filter at /data/app/ApiDemos.apk Binary XML file line #2899
W/PackageParser( 1588): No actions in intent filter at /data/app/ApiDemos.apk Binary XML file line #2905
D/dalvikvm( 1588): GC_CONCURRENT freed 298K, 63% free 4363K/11748K, paused 0ms+1ms, total 3ms
D/dalvikvm( 1588): WAIT_FOR_CONCURRENT_GC blocked 3ms
D/dalvikvm( 1588): GC_CONCURRENT freed 322K, 62% free 4541K/11748K, paused 1ms+2ms, total 5ms
D/dalvikvm( 1588): GC_CONCURRENT freed 265K, 60% free 4773K/11748K, paused 0ms+1ms, total 4ms
D/dalvikvm( 1588): GC_CONCURRENT freed 578K, 60% free 4719K/11748K, paused 0ms+1ms, total 4ms
D/dalvikvm( 1588): WAIT_FOR_CONCURRENT_GC blocked 2ms
D/dalvikvm( 1588): GC_CONCURRENT freed 525K, 60% free 4712K/11748K, paused 1ms+1ms, total 5ms
D/dalvikvm( 1588): WAIT_FOR_CONCURRENT_GC blocked 3ms
D/dalvikvm( 1588): GC_CONCURRENT freed 503K, 60% free 4724K/11748K, paused 0ms+0ms, total 4ms
D/dalvikvm( 1588): WAIT_FOR_CONCURRENT_GC blocked 1ms
D/dalvikvm( 1588): GC_CONCURRENT freed 507K, 60% free 4730K/11748K, paused 1ms+0ms, total 4ms
D/dalvikvm( 1588): WAIT_FOR_CONCURRENT_GC blocked 2ms
D/dalvikvm( 1588): GC_CONCURRENT freed 516K, 60% free 4735K/11748K, paused 1ms+1ms, total 4ms
D/dalvikvm( 1588): WAIT_FOR_CONCURRENT_GC blocked 2ms
D/dalvikvm( 1588): GC_CONCURRENT freed 516K, 60% free 4737K/11748K, paused 0ms+0ms, total 4ms
D/dalvikvm( 1588): WAIT_FOR_CONCURRENT_GC blocked 2ms
D/dalvikvm( 1588): GC_CONCURRENT freed 524K, 60% free 4732K/11748K, paused 0ms+0ms, total 4ms
D/dalvikvm( 1588): WAIT_FOR_CONCURRENT_GC blocked 3ms
D/dalvikvm( 1588): GC_CONCURRENT freed 508K, 60% free 4744K/11748K, paused 0ms+0ms, total 3ms
D/dalvikvm( 1588): WAIT_FOR_CONCURRENT_GC blocked 2ms
D/dalvikvm( 1588): GC_CONCURRENT freed 516K, 60% free 4747K/11748K, paused 0ms+0ms, total 4ms
D/dalvikvm( 1588): WAIT_FOR_CONCURRENT_GC blocked 3ms
D/dalvikvm( 1588): GC_CONCURRENT freed 452K, 60% free 4746K/11748K, paused 1ms+2ms, total 5ms
W/PackageManager( 1588): Package com.example.android.apis desires unavailable shared library com.example.will.never.exist; ignoring!
I/PackageManager( 1588): /data/app/CubeLiveWallpapers.apk changed; collecting certs
D/dalvikvm( 1588): GC_CONCURRENT freed 457K, 60% free 4811K/11748K, paused 0ms+1ms, total 4ms
D/dalvikvm( 1588): WAIT_FOR_CONCURRENT_GC blocked 1ms
I/PackageManager( 1588): /data/app/GestureBuilder.apk changed; collecting certs
I/PackageManager( 1588): /data/app/SmokeTest.apk changed; collecting certs
D/dalvikvm( 1588): GC_CONCURRENT freed 1058K, 64% free 4282K/11748K, paused 0ms+1ms, total 4ms
D/dalvikvm( 1588): WAIT_FOR_CONCURRENT_GC blocked 2ms
I/PackageManager( 1588): /data/app/SmokeTestApp.apk changed; collecting certs
I/PackageManager( 1588): /data/app/SoftKeyboard.apk changed; collecting certs
D/dalvikvm( 1588): GC_CONCURRENT freed 517K, 64% free 4273K/11748K, paused 0ms+1ms, total 3ms
D/dalvikvm( 1588): WAIT_FOR_CONCURRENT_GC blocked 1ms
I/PackageManager( 1588): /data/app/WidgetPreview.apk changed; collecting certs
D/dalvikvm( 1588): GC_CONCURRENT freed 470K, 64% free 4271K/11748K, paused 0ms+2ms, total 4ms
W/PackageManager( 1588): Package com.example.android.apis desires unavailable shared library com.example.will.never.exist; ignoring!
W/PackageManager( 1588): Package com.android.camera desires unavailable shared library com.google.android.media.effects; ignoring!
I/PackageManager( 1588): Time to scan packages: 1.747 seconds
W/PackageManager( 1588): Not granting permission android.permission.GLOBAL_SEARCH to package com.android.quicksearchbox (protectionLevel=18 flags=0x8be45)
W/PackageManager( 1588): Unknown permission com.android.smspush.WAPPUSH_MANAGER_BIND in package com.android.phone
W/PackageManager( 1588): Unknown permission com.google.android.googleapps.permission.GOOGLE_AUTH in package com.android.providers.calendar
W/PackageManager( 1588): Unknown permission com.google.android.googleapps.permission.GOOGLE_AUTH.cl in package com.android.providers.calendar
W/PackageManager( 1588): Unknown permission com.google.android.googleapps.permission.GOOGLE_AUTH.mail in package com.android.calendar
W/PackageManager( 1588): Not granting permission android.permission.ACCESS_DOWNLOAD_MANAGER to package com.android.browser (protectionLevel=18 flags=0x9be45)
W/PackageManager( 1588): Not granting permission android.permission.SEND_DOWNLOAD_COMPLETED_INTENTS to package com.android.browser (protectionLevel=2 flags=0x9be45)
W/PackageManager( 1588): Not granting permission android.permission.BIND_APPWIDGET to package com.android.widgetpreview (protectionLevel=18 flags=0x8be44)
W/PackageManager( 1588): Unknown permission android.permission.INSTALL_DRM in package com.android.mms
W/PackageManager( 1588): Unknown permission com.google.android.googleapps.permission.GOOGLE_AUTH in package com.android.settings
W/PackageManager( 1588): Unknown permission com.google.android.googleapps.permission.ACCESS_GOOGLE_PASSWORD in package com.android.development
W/PackageManager( 1588): Unknown permission com.google.android.googleapps.permission.GOOGLE_AUTH in package com.android.development
W/PackageManager( 1588): Unknown permission com.google.android.googleapps.permission.GOOGLE_AUTH.ALL_SERVICES in package com.android.development
W/PackageManager( 1588): Unknown permission com.google.android.googleapps.permission.GOOGLE_AUTH.YouTubeUser in package com.android.development
W/PackageManager( 1588): Not granting permission android.permission.DELETE_PACKAGES to package com.svox.pico (protectionLevel=18 flags=0x8be45)
W/PackageManager( 1588): Not granting permission android.permission.DEVICE_POWER to package com.android.deskclock (protectionLevel=2 flags=0x48be45)
D/dalvikvm( 1588): GC_EXPLICIT freed 355K, 65% free 4215K/11748K, paused 0ms+1ms, total 5ms
I/SystemServer( 1588): Entropy Mixer
W/EntropyMixer( 1588): No existing entropy file -- first boot?
I/EntropyMixer( 1588): Writing entropy...
I/PackageManager( 1588): Running dexopt on: com.android.providers.settings
W/linker  ( 1633): libdvm.so has text relocations. This is wasting memory and is a security risk. Please fix.
I/SystemServer( 1588): User Service
I/SystemServer( 1588): Account Manager
I/SystemServer( 1588): Content Manager
I/SystemServer( 1588): System Content Providers
D/dalvikvm( 1633): Note: class Landroid/app/ActivityManagerNative; has 179 unimplemented (abstract) methods
D/dalvikvm( 1633): DexOpt: load 1ms, verify+opt 5ms, 399412 bytes
I/SyncManager( 1588): No initial accounts
I/SyncManager( 1588): No initial status
W/SyncManagerFile( 1588): Error reading pending data.
W/SyncManagerFile( 1588): java.io.FileNotFoundException: /data/system/sync/pending.xml: open failed: ENOENT (No such file or directory)
W/SyncManagerFile( 1588): 	at libcore.io.IoBridge.open(IoBridge.java:409)
W/SyncManagerFile( 1588): 	at java.io.FileInputStream.<init>(FileInputStream.java:78)
W/SyncManagerFile( 1588): 	at android.util.AtomicFile.openRead(AtomicFile.java:199)
W/SyncManagerFile( 1588): 	at com.android.server.content.SyncStorageEngine.readPendingOperationsLocked(SyncStorageEngine.java:2286)
W/SyncManagerFile( 1588): 	at com.android.server.content.SyncStorageEngine.<init>(SyncStorageEngine.java:434)
W/SyncManagerFile( 1588): 	at com.android.server.content.SyncStorageEngine.init(SyncStorageEngine.java:454)
W/SyncManagerFile( 1588): 	at com.android.server.content.SyncManager.<init>(SyncManager.java:383)
W/SyncManagerFile( 1588): 	at com.android.server.content.ContentService.getSyncManager(ContentService.java:75)
W/SyncManagerFile( 1588): 	at com.android.server.content.ContentService.notifyChange(ContentService.java:283)
W/SyncManagerFile( 1588): 	at android.content.ContentResolver.notifyChange(ContentResolver.java:1621)
W/SyncManagerFile( 1588): 	at com.android.providers.settings.SettingsProvider.sendNotify(SettingsProvider.java:262)
W/SyncManagerFile( 1588): 	at com.android.providers.settings.SettingsProvider.insertForUser(SettingsProvider.java:941)
W/SyncManagerFile( 1588): 	at com.android.providers.settings.SettingsProvider.ensureAndroidIdIsSet(SettingsProvider.java:496)
W/SyncManagerFile( 1588): 	at com.android.providers.settings.SettingsProvider.establishDbTracking(SettingsProvider.java:409)
W/SyncManagerFile( 1588): 	at com.android.providers.settings.SettingsProvider.onCreate(SettingsProvider.java:335)
W/SyncManagerFile( 1588): 	at android.content.ContentProvider.attachInfo(ContentProvider.java:1591)
W/SyncManagerFile( 1588): 	at android.content.ContentProvider.attachInfo(ContentProvider.java:1562)
W/SyncManagerFile( 1588): 	at android.app.ActivityThread.installProvider(ActivityThread.java:4790)
W/SyncManagerFile( 1588): 	at android.app.ActivityThread.installContentProviders(ActivityThread.java:4385)
W/SyncManagerFile( 1588): 	at android.app.ActivityThread.installSystemProviders(ActivityThread.java:4945)
W/SyncManagerFile( 1588): 	at com.android.server.am.ActivityManagerService.installSystemProviders(ActivityManagerService.java:8081)
W/SyncManagerFile( 1588): 	at com.android.server.ServerThread.initAndLoop(SystemServer.java:275)
W/SyncManagerFile( 1588): 	at com.android.server.SystemServer.main(SystemServer.java:1179)
W/SyncManagerFile( 1588): 	at java.lang.reflect.Method.invokeNative(Native Method)
W/SyncManagerFile( 1588): 	at java.lang.reflect.Method.invoke(Method.java:515)
W/SyncManagerFile( 1588): 	at com.android.internal.os.ZygoteInit$MethodAndArgsCaller.run(ZygoteInit.java:779)
W/SyncManagerFile( 1588): 	at com.android.internal.os.ZygoteInit.main(ZygoteInit.java:595)
W/SyncManagerFile( 1588): 	at dalvik.system.NativeStart.main(Native Method)
W/SyncManagerFile( 1588): Caused by: libcore.io.ErrnoException: open failed: ENOENT (No such file or directory)
W/SyncManagerFile( 1588): 	at libcore.io.Posix.open(Native Method)
W/SyncManagerFile( 1588): 	at libcore.io.BlockGuardOs.open(BlockGuardOs.java:110)
W/SyncManagerFile( 1588): 	at libcore.io.IoBridge.open(IoBridge.java:393)
W/SyncManagerFile( 1588): 	... 27 more
I/SyncManager( 1588): No initial statistics
E/ConsumerIrService( 1588): Can't open consumer IR HW Module, error: -2
W/libsuspend( 1588): Error writing 'on' to /sys/power/state: Invalid argument
E/libsuspend( 1588): Error opening /sys/power/autosleep: No such file or directory
I/libsuspend( 1588): Selected wakeup count
D/PermissionCache( 1173): checking android.permission.ACCESS_SURFACE_FLINGER for uid=1000 => granted (138 us)
D/SurfaceFlinger( 1173): Screen acquired, type=0 flinger=0xb7a31820
D/SurfaceFlinger( 1173):  screen was previously acquired
D/SettingsProvider( 1588): Generated and saved new ANDROID_ID [c72028a4c5a9fb89] for user 0
I/SystemServer( 1588): Lights Service
I/SystemServer( 1588): Battery Service
I/SystemServer( 1588): Vibrator Service
I/SystemServer( 1588): Consumer IR Service
I/SystemServer( 1588): Alarm Manager
I/SystemServer( 1588): Init Watchdog
I/SystemServer( 1588): Input Manager
I/InputManager( 1588): Initializing input manager, mUseDevInputEventForAudioJack=false
I/SystemServer( 1588): Window Manager
D/dalvikvm( 1588): GC_CONCURRENT freed 283K, 63% free 4355K/11748K, paused 0ms+1ms, total 4ms
I/WindowManager( 1588): No existing display settings /data/system/display_settings.xml; starting empty
D/EventHub( 1588): No input device configuration file found for device 'Power Button'.
W/EventHub( 1588): Unable to disable kernel key repeat for /dev/input/event0: Function not implemented
I/EventHub( 1588): New device: id=1, fd=91, path='/dev/input/event0', name='Power Button', classes=0x1, configuration='', keyLayout='/system/usr/keylayout/Generic.kl', keyCharacterMap='/system/usr/keychars/Generic.kcm', builtinKeyboard=false, usingSuspendBlockIoctl=true, usingClockIoctl=true
E/EventHub( 1588): could not get driver version for /dev/input/mouse0, Not a typewriter
I/WindowManager( 1588): No keyguard interface!
I/InputManager( 1588): Starting input manager
I/SystemServer( 1588): No Bluetooh Service (emulator)
I/SystemServer( 1588): Input Method Service
W/InputMethodManagerService( 1588): No IME selected. Choose the most applicable IME.
I/InputMethodManagerService( 1588): No default found, using com.android.inputmethod.latin/.LatinIME
I/SystemServer( 1588): Accessibility Manager
W/ActivityManager( 1588): Unable to write /sys/module/lowmemorykiller/parameters/adj
W/ActivityManager( 1588): Unable to write /sys/module/lowmemorykiller/parameters/minfree
I/ActivityManager( 1588): Config changes=1df8 {1.0 ?mcc?mnc en_US ldltr sw320dp w320dp h640dp 160dpi nrml long port ?uimode ?night -touch -keyb/h/h -nav/h s.2}
I/PackageManager( 1588): No secure containers on sdcard
I/ActivityManager( 1588): Config changes=400 {1.0 ?mcc?mnc en_US ldltr sw320dp w320dp h615dp 160dpi nrml long port ?uimode ?night -touch -keyb/h/h -nav/h s.3}
I/SystemServer( 1588): Mount Service
D/MountService( 1588): got storage path: /storage/sdcard description: USB storage primary: true removable: false emulated: false mtpReserve: 0 allowMassStorage: false maxFileSize: 0
D/MountService( 1588): addVolumeLocked() StorageVolume:
D/MountService( 1588):     mStorageId=0 mPath=/storage/sdcard mDescriptionId=17040664 mPrimary=true 
D/MountService( 1588):     mRemovable=false mEmulated=false mMtpReserveSpace=0 
D/MountService( 1588):     mAllowMassStorage=false mMaxFileSize=0 mOwner=null mUuid=null 
D/MountService( 1588):     mUserLabel=null mState=null 
I/SystemServer( 1588): LockSettingsService
I/SystemServer( 1588): Device Policy
I/SystemServer( 1588): Status Bar
I/SystemServer( 1588): Clipboard Service
I/SystemServer( 1588): NetworkManagement Service
I/SystemServer( 1588): Text Service Manager Service
D/MountService( 1588): volume state changed for /storage/sdcard (unmounted -> removed)
W/MountService( 1588): getSecureContainerList() called when storage not mounted
W/PackageManager( 1588): Not granting permission android.permission.GLOBAL_SEARCH to package com.android.quicksearchbox (protectionLevel=18 flags=0x8be45)
W/PackageManager( 1588): Unknown permission com.android.smspush.WAPPUSH_MANAGER_BIND in package com.android.phone
W/PackageManager( 1588): Unknown permission com.google.android.googleapps.permission.GOOGLE_AUTH in package com.android.providers.calendar
W/PackageManager( 1588): Unknown permission com.google.android.googleapps.permission.GOOGLE_AUTH.cl in package com.android.providers.calendar
W/PackageManager( 1588): Unknown permission com.google.android.googleapps.permission.GOOGLE_AUTH.mail in package com.android.calendar
W/PackageManager( 1588): Not granting permission android.permission.ACCESS_DOWNLOAD_MANAGER to package com.android.browser (protectionLevel=18 flags=0x9be45)
W/PackageManager( 1588): Not granting permission android.permission.SEND_DOWNLOAD_COMPLETED_INTENTS to package com.android.browser (protectionLevel=2 flags=0x9be45)
W/PackageManager( 1588): Not granting permission android.permission.BIND_APPWIDGET to package com.android.widgetpreview (protectionLevel=18 flags=0x8be44)
W/PackageManager( 1588): Unknown permission android.permission.INSTALL_DRM in package com.android.mms
I/SystemServer( 1588): NetworkStats Service
W/PackageManager( 1588): Unknown permission com.google.android.googleapps.permission.GOOGLE_AUTH in package com.android.settings
D/dalvikvm( 1588): GC_CONCURRENT freed 286K, 62% free 4507K/11748K, paused 1ms+2ms, total 6ms
I/SystemServer( 1588): NetworkPolicy Service
I/SystemServer( 1588): Wi-Fi P2pService
W/PackageManager( 1588): Unknown permission com.google.android.googleapps.permission.ACCESS_GOOGLE_PASSWORD in package com.android.development
W/PackageManager( 1588): Unknown permission com.google.android.googleapps.permission.GOOGLE_AUTH in package com.android.development
W/PackageManager( 1588): Unknown permission com.google.android.googleapps.permission.GOOGLE_AUTH.ALL_SERVICES in package com.android.development
W/PackageManager( 1588): Unknown permission com.google.android.googleapps.permission.GOOGLE_AUTH.YouTubeUser in package com.android.development
W/PackageManager( 1588): Not granting permission android.permission.DELETE_PACKAGES to package com.svox.pico (protectionLevel=18 flags=0x8be45)
W/PackageManager( 1588): Not granting permission android.permission.DEVICE_POWER to package com.android.deskclock (protectionLevel=2 flags=0x48be45)
I/SystemServer( 1588): Wi-Fi Service
I/SystemServer( 1588): Connectivity Service
D/ConnectivityService( 1588): ConnectivityService starting up
D/ConnectivityService( 1588): wifiOnly=false
E/MobileDataStateTracker( 1588): default: Ignoring feature request because could not acquire PhoneService
E/MobileDataStateTracker( 1588): default: Could not enable APN type "default"
I/WifiService( 1588): WifiService starting up with Wi-Fi disabled
I/SystemServer( 1588): Network Service Discovery Service
D/NsdService( 1588): Network service discovery enabled true
I/SystemServer( 1588): UpdateLock Service
I/SystemServer( 1588): Notification Manager
I/SystemServer( 1588): Device Storage Monitor
I/SystemServer( 1588): Location Manager
I/SystemServer( 1588): Country Detector
I/SystemServer( 1588): Search Service
I/SystemServer( 1588): DropBox Service
I/SystemServer( 1588): Wallpaper Service
W/WallpaperService( 1588): no current wallpaper -- first boot?
I/SystemServer( 1588): Audio Service
D/dalvikvm( 1588): GC_CONCURRENT freed 249K, 61% free 4679K/11748K, paused 0ms+2ms, total 5ms
W/EventHub( 1588): Unable to disable kernel key repeat for /dev/input/event1: Function not implemented
I/EventHub( 1588): New device: id=2, fd=126, path='/dev/input/event1', name='qwerty2', classes=0xbd, configuration='/system/usr/idc/qwerty2.idc', keyLayout='/system/usr/keylayout/qwerty.kl', keyCharacterMap='/system/usr/keychars/qwerty2.kcm', builtinKeyboard=true, usingSuspendBlockIoctl=true, usingClockIoctl=true
E/EventHub( 1588): could not get driver version for /dev/input/mice, Not a typewriter
D/Atlas   ( 1588): Computing best atlas configuration...
D/Atlas   ( 1588): Running Atlas Worker #1
D/Atlas   ( 1588): Running Atlas Worker #2
I/SystemServer( 1588): Dock Observer
W/DockObserver( 1588): This kernel does not have dock station support
I/SystemServer( 1588): Wired Accessory Manager
W/WiredAccessoryManager( 1588): This kernel does not have wired headset support
W/WiredAccessoryManager( 1588): This kernel does not have usb audio support
W/WiredAccessoryManager( 1588): This kernel does not have HDMI audio support
I/SystemServer( 1588): USB Service
I/SystemServer( 1588): Serial Service
I/SystemServer( 1588): Twilight Service
I/SystemServer( 1588): UI Mode Manager Service
I/SystemServer( 1588): Backup Service
V/BackupManagerService( 1588): Initializing package tracking
V/BackupManagerService( 1588): No ancestral data
V/BackupManagerService( 1588): addPackageParticipantsLocked: all
I/BackupManagerService( 1588): Scheduling backup for new app com.android.calendar
D/BackupManagerService( 1588): Now staging backup of com.android.calendar
I/BackupManagerService( 1588): Scheduling backup for new app com.android.browser
D/BackupManagerService( 1588): Now staging backup of com.android.browser
I/BackupManagerService( 1588): Scheduling backup for new app com.android.providers.userdictionary
D/BackupManagerService( 1588): Now staging backup of com.android.providers.userdictionary
I/BackupManagerService( 1588): Scheduling backup for new app com.android.sharedstoragebackup
D/BackupManagerService( 1588): Now staging backup of com.android.sharedstoragebackup
I/BackupManagerService( 1588): Scheduling backup for new app android
D/BackupManagerService( 1588): Now staging backup of android
I/BackupManagerService( 1588): Scheduling backup for new app com.android.dialer
D/BackupManagerService( 1588): Now staging backup of com.android.dialer
I/BackupManagerService( 1588): Scheduling backup for new app com.android.providers.settings
D/BackupManagerService( 1588): Now staging backup of com.android.providers.settings
V/BackupManagerService( 1588): Starting with transport android/com.android.internal.backup.LocalTransport
V/BackupManagerService( 1588): Found transports: 1
I/BackupManagerService( 1588): Binding to transport host ComponentInfo{android/com.android.internal.backup.LocalTransportService}
I/BackupManagerService( 1588): Backup enabled => true
I/SystemServer( 1588): AppWidget Service
I/SystemServer( 1588): Recognition Service
I/SystemServer( 1588): DiskStats Service
I/SystemServer( 1588): SamplingProfiler Service
I/SystemServer( 1588): NetworkTimeUpdateService
I/SystemServer( 1588): CommonTimeManagementService
I/SystemServer( 1588): CertBlacklister
I/SystemServer( 1588): Dreams Service
I/SystemServer( 1588): Assets Atlas Service
I/SystemServer( 1588): IdleMaintenanceService
I/SystemServer( 1588): Print Service
I/SystemServer( 1588): Media Router Service
D/Atlas   ( 1588): Running Atlas Worker #3
D/Atlas   ( 1588): Running Atlas Worker #4
D/Atlas   ( 1588): Found best atlas configuration in 0.00s
D/Atlas   ( 1588): Loaded configuration: SliceMinArea (768x768) flags=0x2 count=24
D/        ( 1173): HostConnection::get() New Host Connection established 0xb7a41010, tid 1189
D/        ( 1588): HostConnection::get() New Host Connection established 0xb8294250, tid 1659
D/dalvikvm( 1588): GC_CONCURRENT freed 285K, 59% free 4824K/11748K, paused 1ms+1ms, total 5ms
D/EGL_emulation( 1588): eglCreateContext: 0xb8293980: maj 3 min 0 rcv 3
D/EGL_emulation( 1588): eglMakeCurrent: 0xb8293980: ver 3 0
E/eglCodecCommon( 1588): glUtilsParamSize: unknow param 0x00008cdf
E/eglCodecCommon( 1588): glUtilsParamSize: unknow param 0x00008824
D/Atlas   ( 1588): Rendered atlas in 6.02ms (0.70+5.32ms)
I/InputReader( 1588): Device added: id=-1, name='Virtual', sources=0x00000301
I/InputReader( 1588):   Touch device 'qwerty2' could not query the properties of its associated display.  The device will be inoperable until the display size becomes available.
I/InputReader( 1588): Device added: id=0, name='qwerty2', sources=0x80015307
I/InputReader( 1588): Device added: id=1, name='Power Button', sources=0x00000101
I/InputReader( 1588): Reconfiguring input devices.  changes=0x00000004
I/InputReader( 1588): Device reconfigured: id=0, name='qwerty2', size 320x640, orientation 0, mode 1, display id 0
I/WindowManager( 1588): SAFE MODE not enabled
D/dalvikvm( 1588): JIT started for system_server
E/SQLiteLog( 1588): (1) no such table: locksettings
I/ActivityManager( 1588): Config changes=68 {1.0 ?mcc?mnc en_US ldltr sw320dp w320dp h615dp 160dpi nrml long port ?uimode ?night finger -keyb/h/h tball/v s.4}
I/Zygote  ( 1588): Process: zygote socket opened
I/LockSettingsService( 1588): Migrated lock settings to new location
I/LockSettingsService( 1588): Migrated per-user lock settings to new location
V/KeyguardServiceDelegate( 1588): *** Keyguard started
V/KeyguardServiceDelegate( 1588): onSystemReady() called before keyguard service was ready
I/ActivityManager( 1588): Start proc com.android.systemui for service com.android.keyguard/.KeyguardService: pid=1665 uid=10007 gids={50007, 1028, 1015, 1035, 3002, 3001}
I/PackageManager( 1588): Running dexopt on: com.android.keyguard
W/linker  ( 1678): libdvm.so has text relocations. This is wasting memory and is a security risk. Please fix.
D/dalvikvm( 1678): Note: class Landroid/app/ActivityManagerNative; has 179 unimplemented (abstract) methods
D/dalvikvm( 1678): DexOpt: load 6ms, verify+opt 16ms, 1012780 bytes
I/ActivityManager( 1588): Sending system update to ComponentInfo{com.android.providers.calendar/com.android.providers.calendar.CalendarUpgradeReceiver} for user 0
I/ActivityManager( 1588): Sending system update to ComponentInfo{com.android.providers.contacts/com.android.providers.contacts.ContactsUpgradeReceiver} for user 0
I/ActivityManager( 1588): Sending system update to ComponentInfo{com.android.providers.media/com.android.providers.media.MediaUpgradeReceiver} for user 0
I/SystemServer( 1588): Enabled StrictMode for system server main thread.
I/PackageManager( 1588): Running dexopt on: com.android.providers.calendar
W/linker  ( 1696): libdvm.so has text relocations. This is wasting memory and is a security risk. Please fix.
I/ActivityManager( 1588): Start proc com.android.providers.calendar for broadcast com.android.providers.calendar/.CalendarUpgradeReceiver: pid=1681 uid=10001 gids={50001, 3003, 1028, 1015}
W/InputMethodManagerService( 1588): Focus gain on non-focused client android.view.inputmethod.InputMethodManager$1@afca29b8 (uid=1000 pid=1588)
V/BackupManagerService( 1588): Connected to transport ComponentInfo{android/com.android.internal.backup.LocalTransportService}
V/BackupManagerService( 1588): Registering transport android/com.android.internal.backup.LocalTransportService::android/com.android.internal.backup.LocalTransport = com.android.internal.backup.LocalTransport@b0335e28
I/ActivityManager( 1588): Launching preboot mode app: ProcessRecord{b01702e8 1681:com.android.providers.calendar/u0a1}
D/dalvikvm( 1696): Note: class Landroid/app/ActivityManagerNative; has 179 unimplemented (abstract) methods
D/dalvikvm( 1696): DexOpt: load 3ms, verify+opt 15ms, 623092 bytes
E/SoundPool( 1665): error loading /system/media/audio/ui/Lock.ogg
W/KeyguardViewMediator( 1665): failed to load lock sound from /system/media/audio/ui/Lock.ogg
E/SoundPool( 1665): error loading /system/media/audio/ui/Unlock.ogg
W/KeyguardViewMediator( 1665): failed to load unlock sound from /system/media/audio/ui/Unlock.ogg
V/KeyguardService( 1665): onCreate()
D/gralloc_ranchu( 1173): gralloc_alloc: Creating ashmem region of size 4096
D/        ( 1173): HostConnection::get() New Host Connection established 0xb7a48b30, tid 1191
D/        ( 1588): HostConnection::get() New Host Connection established 0xb811ee30, tid 1602
V/KeyguardServiceDelegate( 1588): *** Keyguard connected (yay!)
D/dalvikvm( 1588): GC_CONCURRENT freed 288K, 58% free 4983K/11748K, paused 1ms+1ms, total 7ms
W/Binder  ( 1665): Caught a RuntimeException from the binder stub implementation.
W/Binder  ( 1665): java.lang.SecurityException: Permission Denial: not allowed to send broadcast android.intent.action.USER_PRESENT from pid=1665, uid=10007
W/Binder  ( 1665): 	at android.os.Parcel.readException(Parcel.java:1465)
W/Binder  ( 1665): 	at android.os.Parcel.readException(Parcel.java:1419)
W/Binder  ( 1665): 	at android.app.ActivityManagerProxy.broadcastIntent(ActivityManagerNative.java:2373)
W/Binder  ( 1665): 	at android.app.ContextImpl.sendBroadcastAsUser(ContextImpl.java:1226)
W/Binder  ( 1665): 	at android.content.ContextWrapper.sendBroadcastAsUser(ContextWrapper.java:408)
W/Binder  ( 1665): 	at com.android.keyguard.KeyguardViewMediator.sendUserPresentBroadcast(KeyguardViewMediator.java:1155)
W/Binder  ( 1665): 	at com.android.keyguard.KeyguardViewMediator.maybeSendUserPresentBroadcast(KeyguardViewMediator.java:696)
W/Binder  ( 1665): 	at com.android.keyguard.KeyguardViewMediator.onSystemReady(KeyguardViewMediator.java:575)
W/Binder  ( 1665): 	at com.android.keyguard.KeyguardService$1.onSystemReady(KeyguardService.java:122)
W/Binder  ( 1665): 	at com.android.internal.policy.IKeyguardService$Stub.onTransact(IKeyguardService.java:156)
W/Binder  ( 1665): 	at android.os.Binder.execTransact(Binder.java:404)
W/Binder  ( 1665): 	at dalvik.system.NativeStart.run(Native Method)
V/KeyguardServiceDelegate( 1588): **** SHOWN CALLED ****
W/Binder  ( 1665): Caught a RuntimeException from the binder stub implementation.
W/Binder  ( 1665): java.lang.SecurityException: Permission Denial: not allowed to send broadcast android.intent.action.USER_PRESENT from pid=1665, uid=10007
W/Binder  ( 1665): 	at android.os.Parcel.readException(Parcel.java:1465)
W/Binder  ( 1665): 	at android.os.Parcel.readException(Parcel.java:1419)
W/Binder  ( 1665): 	at android.app.ActivityManagerProxy.broadcastIntent(ActivityManagerNative.java:2373)
W/Binder  ( 1665): 	at android.app.ContextImpl.sendBroadcastAsUser(ContextImpl.java:1226)
W/Binder  ( 1665): 	at android.content.ContextWrapper.sendBroadcastAsUser(ContextWrapper.java:408)
W/Binder  ( 1665): 	at com.android.keyguard.KeyguardViewMediator.sendUserPresentBroadcast(KeyguardViewMediator.java:1155)
W/Binder  ( 1665): 	at com.android.keyguard.KeyguardViewMediator.maybeSendUserPresentBroadcast(KeyguardViewMediator.java:696)
W/Binder  ( 1665): 	at com.android.keyguard.KeyguardViewMediator.onScreenTurnedOn(KeyguardViewMediator.java:687)
W/Binder  ( 1665): 	at com.android.keyguard.KeyguardService$1.onScreenTurnedOn(KeyguardService.java:111)
W/Binder  ( 1665): 	at com.android.internal.policy.IKeyguardService$Stub.onTransact(IKeyguardService.java:142)
W/Binder  ( 1665): 	at android.os.Binder.execTransact(Binder.java:404)
W/Binder  ( 1665): 	at dalvik.system.NativeStart.run(Native Method)
W/ActivityManager( 1588): Permission Denial: not allowed to send broadcast android.intent.action.USER_PRESENT from pid=1665, uid=10007
W/ActivityManager( 1588): Permission Denial: not allowed to send broadcast android.intent.action.USER_PRESENT from pid=1665, uid=10007
I/ActivityManager( 1588): Start proc android.process.acore for broadcast com.android.providers.contacts/.ContactsUpgradeReceiver: pid=1702 uid=10002 gids={50002, 3003, 1028, 1015}
I/PackageManager( 1588): Running dexopt on: com.android.providers.contacts
W/linker  ( 1715): libdvm.so has text relocations. This is wasting memory and is a security risk. Please fix.
I/ActivityManager( 1588): Launching preboot mode app: ProcessRecord{b016ea68 1702:android.process.acore/u0a2}
D/dalvikvm( 1715): Note: class Landroid/app/ActivityManagerNative; has 179 unimplemented (abstract) methods
D/dalvikvm( 1715): DexOpt: load 3ms, verify+opt 26ms, 798316 bytes
I/ContactsUpgradeReceiver( 1702): Creating or opening contacts database
D/dalvikvm( 1702): GC_CONCURRENT freed 383K, 15% free 2753K/3224K, paused 0ms+0ms, total 2ms
I/ContactsDatabaseHelper( 1702): Bootstrapping database version: 803
D/dalvikvm( 1702): GC_CONCURRENT freed 332K, 13% free 2819K/3236K, paused 2ms+0ms, total 4ms
I/ContactsProviderV1( 1702): Bootstrapping database legacy support
I/ContactsDatabaseHelper( 1702): Bootstrapping database version: 803
D/dalvikvm( 1702): GC_CONCURRENT freed 347K, 14% free 2876K/3308K, paused 0ms+0ms, total 2ms
I/ContactsProviderV1( 1702): Bootstrapping database legacy support
I/ContactsProvider( 1702): Locale has changed from null to en_US
I/ContactsDatabaseHelper( 1702): Switching to locale en_US (ICU v51.1.0.1)
D/dalvikvm( 1702): GC_CONCURRENT freed 312K, 12% free 2978K/3376K, paused 0ms+2ms, total 3ms
I/ContactsDatabaseHelper( 1702): Locale change completed in 29ms
I/ContactsDatabaseHelper( 1702): Switching to locale en_US (ICU v51.1.0.1)
D/dalvikvm( 1702): GC_CONCURRENT freed 391K, 14% free 2995K/3476K, paused 0ms+1ms, total 2ms
I/ContactsDatabaseHelper( 1702): Locale change completed in 24ms
I/PackageManager( 1588): Running dexopt on: com.android.providers.media
W/linker  ( 1731): libdvm.so has text relocations. This is wasting memory and is a security risk. Please fix.
I/ActivityManager( 1588): Start proc android.process.media for broadcast com.android.providers.media/.MediaUpgradeReceiver: pid=1718 uid=10005 gids={50005, 1028, 1015, 1023, 1024, 2001, 3003, 3007}
I/ActivityManager( 1588): Launching preboot mode app: ProcessRecord{b017f378 1718:android.process.media/u0a5}
D/dalvikvm( 1731): Note: class Landroid/app/ActivityManagerNative; has 179 unimplemented (abstract) methods
D/dalvikvm( 1731): DexOpt: load 1ms, verify+opt 10ms, 531932 bytes
I/ActivityManager( 1588): Writing new set of last done pre-boot receivers...
I/ActivityManager( 1588): Removing system update proc: ProcessRecord{b01702e8 1681:com.android.providers.calendar/u0a1}
I/ActivityManager( 1588): Killing 1681:com.android.providers.calendar/u0a1 (adj 13): system update done
I/ActivityManager( 1588): Removing system update proc: ProcessRecord{b016ea68 1702:android.process.acore/u0a2}
I/ActivityManager( 1588): Killing 1702:android.process.acore/u0a2 (adj 11): system update done
I/ActivityManager( 1588): Removing system update proc: ProcessRecord{b017f378 1718:android.process.media/u0a5}
I/ActivityManager( 1588): Killing 1718:android.process.media/u0a5 (adj 9): system update done
I/ActivityManager( 1588): System now ready
D/dalvikvm( 1588): GC_CONCURRENT freed 317K, 56% free 5204K/11748K, paused 1ms+0ms, total 7ms
I/PackageManager( 1588): Running dexopt on: com.android.systemui
W/linker  ( 1734): libdvm.so has text relocations. This is wasting memory and is a security risk. Please fix.
I/SystemServer( 1588): Making services ready
D/dalvikvm( 1734): Note: class Landroid/app/ActivityManagerNative; has 179 unimplemented (abstract) methods
D/dalvikvm( 1734): DexOpt: load 7ms, verify+opt 23ms, 1248204 bytes
D/SystemUIService( 1665): loading: class com.android.systemui.recent.Recents
D/SystemUIService( 1665): running: com.android.systemui.recent.Recents@afb02d18
D/SystemUIService( 1665): loading: class com.android.systemui.statusbar.SystemBars
D/SystemUIService( 1665): running: com.android.systemui.statusbar.SystemBars@afb032b8
D/NetworkManagementService( 1588): not enabling bandwidth control
D/SystemUIService( 1665): loading: class com.android.systemui.usb.StorageNotification
D/SystemUIService( 1665): running: com.android.systemui.usb.StorageNotification@afb04ee0
D/SystemUIService( 1665): loading: class com.android.systemui.power.PowerUI
D/SystemUIService( 1665): running: com.android.systemui.power.PowerUI@afb06698
D/SystemUIService( 1665): loading: class com.android.systemui.media.RingtonePlayer
D/SystemUIService( 1665): running: com.android.systemui.media.RingtonePlayer@afb07498
D/SystemUIService( 1665): loading: class com.android.systemui.settings.SettingsUI
D/SystemUIService( 1665): running: com.android.systemui.settings.SettingsUI@afb08700
D/PhoneStatusBar( 1665): mSettingsPanelGravity = 55
D/dalvikvm( 1665): GC_CONCURRENT freed 307K, 13% free 2745K/3136K, paused 0ms+0ms, total 4ms
I/StatusBarManagerService( 1588): registerStatusBar bar=com.android.internal.statusbar.IStatusBar$Stub$Proxy@b0162ac8
W/NetworkStats( 1588): bandwidth controls disabled, unable to track stats
W/NetworkPolicy( 1588): bandwidth controls disabled, unable to enforce policy
I/ActivityManager( 1588): Config changes=200 {1.0 ?mcc?mnc en_US ldltr sw320dp w320dp h615dp 160dpi nrml long port finger -keyb/h/h tball/v s.5}
W/RecognitionManagerService( 1588): no available voice recognition services found for user 0
D/dalvikvm( 1665): GC_FOR_ALLOC freed 41K, 8% free 2892K/3136K, paused 2ms, total 2ms
W/AppWidgetServiceImpl( 1588): Failed to read state: java.io.FileNotFoundException: /data/system/users/0/appwidgets.xml: open failed: ENOENT (No such file or directory)
W/InputMethodManagerService( 1588): Ignoring setImeWindowStatus of uid 1000 token: null
W/InputMethodUtils( 1588): Found no subtypes in a system IME: com.android.inputmethod.pinyin
W/InputMethodManagerService( 1588): Reset the default IME as "Resource" is ready here.
W/InputMethodUtils( 1588): Found no subtypes in a system IME: com.android.inputmethod.pinyin
I/InputMethodManagerService( 1588): Selected default: com.android.inputmethod.latin/.LatinIME
W/GpsLocationProvider( 1588): Could not open GPS configuration file /etc/gps.conf
W/ServiceWatcher( 1588): com.google.android.location not found
W/ServiceWatcher( 1588): com.google.android.location not found
W/ServiceWatcher( 1588): com.google.android.location not found
I/PackageManager( 1588): Running dexopt on: com.android.location.fused
W/linker  ( 1762): libdvm.so has text relocations. This is wasting memory and is a security risk. Please fix.
I/ActivityManager( 1588): Start proc com.android.inputmethod.latin for service com.android.inputmethod.latin/.LatinIME: pid=1750 uid=10029 gids={50029, 1028, 1015}
V/InputMethodManagerService( 1588): Adding window token: android.os.Binder@afe7c660
I/ActivityManager( 1588): Config changes=20 {1.0 ?mcc?mnc en_US ldltr sw320dp w320dp h615dp 160dpi nrml long port finger -keyb/v/h tball/v s.6}
W/LocationManagerService( 1588): no network location provider found
W/InputMethodManagerService( 1588): Illegal subtype state: old subtype = null, new subtype = android.view.inputmethod.InputMethodSubtype@c9194f98
D/dalvikvm( 1762): DexOpt: load 1ms, verify+opt 0ms, 150300 bytes
W/ServiceWatcher( 1588): com.google.android.location not found
E/FlpHardwareProvider( 1588): Error hw_get_module 'flp': -2
W/ServiceWatcher( 1588): com.google.android.location not found
E/FlpHardwareProvider( 1588): Error hw_get_module 'flp': -2
W/ServiceWatcher( 1588): com.google.android.location not found
I/PackageManager( 1588): Running dexopt on: com.android.inputmethod.latin
W/linker  ( 1764): libdvm.so has text relocations. This is wasting memory and is a security risk. Please fix.
E/LocationManagerService( 1588): no geocoder provider found
E/LocationManagerService( 1588): No FusedProvider found.
D/dalvikvm( 1764): DexOpt: load 8ms, verify+opt 38ms, 1342388 bytes
E/BluetoothAdapter( 1665): Bluetooth binder is null
E/BluetoothAdapter( 1665): Bluetooth binder is null
I/CommonTimeManagementService( 1588): No common time service detected on this platform.  Common time services will be unavailable.
I/InputReader( 1588): Reconfiguring input devices.  changes=0x00000020
I/InputReader( 1588): Reconfiguring input devices.  changes=0x00000010
E/LocationManagerService( 1588): no geofence provider found
D/dalvikvm( 1665): GC_CONCURRENT freed 52K, 5% free 3246K/3412K, paused 0ms+0ms, total 2ms
W/SocketClient( 1170): write error (Broken pipe)
I/ActivityManager( 1588): Start proc com.android.phone for added application com.android.phone: pid=1768 uid=1001 gids={41001, 3002, 3001, 3003, 1028, 1015}
I/ActivityManager( 1588): START u0 {act=android.intent.action.MAIN cat=[android.intent.category.HOME] flg=0x10000000 cmp=com.android.settings/.CryptKeeper} from pid 0
D/gralloc_ranchu( 1173): gralloc_alloc: Creating ashmem region of size 819200
I/ActivityManager( 1588): Start proc com.android.settings for activity com.android.settings/.CryptKeeper: pid=1781 uid=1000 gids={41000, 1028, 1015, 3002, 3001, 3003}
I/PackageManager( 1588): Running dexopt on: com.android.providers.telephony
I/LatinIME( 1750): Hardware accelerated drawing: false
D/dalvikvm( 1588): GC_CONCURRENT freed 502K, 55% free 5300K/11748K, paused 0ms+16ms, total 23ms
W/linker  ( 1798): libdvm.so has text relocations. This is wasting memory and is a security risk. Please fix.
D/dalvikvm( 1798): DexOpt: load 0ms, verify+opt 5ms, 229852 bytes
I/PackageManager( 1588): Running dexopt on: com.android.phone
W/linker  ( 1799): libdvm.so has text relocations. This is wasting memory and is a security risk. Please fix.
D/dalvikvm( 1799): Note: class Landroid/app/ActivityManagerNative; has 179 unimplemented (abstract) methods
D/dalvikvm( 1799): DexOpt: load 7ms, verify+opt 35ms, 1187044 bytes
E/BluetoothAdapter( 1665): Bluetooth binder is null
I/PackageManager( 1588): Running dexopt on: com.android.settings
W/linker  ( 1800): libdvm.so has text relocations. This is wasting memory and is a security risk. Please fix.
D/dalvikvm( 1800): Note: class Landroid/app/ActivityManagerNative; has 179 unimplemented (abstract) methods
D/dalvikvm( 1800): DexOpt: load 12ms, verify+opt 68ms, 2338852 bytes
